Archive member included to satisfy reference by file (symbol)

d:/armgnu~1/gcc-ar~1.10-/gcc-ar~1.10/bin/../lib/gcc/arm-none-eabi/10.3.1/thumb/v6-m/nofp\libgcc.a(_dvmd_tls.o)
                              CMakeFiles/pico.dir/D_/test/clion-pico-template/pico-sdk/src/rp2_common/pico_divider/divider.S.obj (__aeabi_idiv0)
d:/armgnu~1/gcc-ar~1.10-/gcc-ar~1.10/bin/../lib/gcc/arm-none-eabi/10.3.1/../../../../arm-none-eabi/lib/thumb/v6-m/nofp\libg.a(lib_a-calloc.o)
                              CMakeFiles/pico.dir/D_/test/clion-pico-template/pico-sdk/src/rp2_common/pico_malloc/pico_malloc.c.obj (calloc)
d:/armgnu~1/gcc-ar~1.10-/gcc-ar~1.10/bin/../lib/gcc/arm-none-eabi/10.3.1/../../../../arm-none-eabi/lib/thumb/v6-m/nofp\libg.a(lib_a-callocr.o)
                              d:/armgnu~1/gcc-ar~1.10-/gcc-ar~1.10/bin/../lib/gcc/arm-none-eabi/10.3.1/../../../../arm-none-eabi/lib/thumb/v6-m/nofp\libg.a(lib_a-calloc.o) (_calloc_r)
d:/armgnu~1/gcc-ar~1.10-/gcc-ar~1.10/bin/../lib/gcc/arm-none-eabi/10.3.1/../../../../arm-none-eabi/lib/thumb/v6-m/nofp\libg.a(lib_a-errno.o)
                              d:/armgnu~1/gcc-ar~1.10-/gcc-ar~1.10/bin/../lib/gcc/arm-none-eabi/10.3.1/../../../../arm-none-eabi/lib/thumb/v6-m/nofp\libg.a(lib_a-callocr.o) (__errno)
d:/armgnu~1/gcc-ar~1.10-/gcc-ar~1.10/bin/../lib/gcc/arm-none-eabi/10.3.1/../../../../arm-none-eabi/lib/thumb/v6-m/nofp\libg.a(lib_a-impure.o)
                              d:/armgnu~1/gcc-ar~1.10-/gcc-ar~1.10/bin/../lib/gcc/arm-none-eabi/10.3.1/../../../../arm-none-eabi/lib/thumb/v6-m/nofp\libg.a(lib_a-calloc.o) (_impure_ptr)
d:/armgnu~1/gcc-ar~1.10-/gcc-ar~1.10/bin/../lib/gcc/arm-none-eabi/10.3.1/../../../../arm-none-eabi/lib/thumb/v6-m/nofp\libg.a(lib_a-init.o)
                              d:/armgnu~1/gcc-ar~1.10-/gcc-ar~1.10/bin/../lib/gcc/arm-none-eabi/10.3.1/../../../../arm-none-eabi/lib/thumb/v6-m/nofp/crt0.o (__libc_init_array)
d:/armgnu~1/gcc-ar~1.10-/gcc-ar~1.10/bin/../lib/gcc/arm-none-eabi/10.3.1/../../../../arm-none-eabi/lib/thumb/v6-m/nofp\libg.a(lib_a-malloc.o)
                              CMakeFiles/pico.dir/D_/test/clion-pico-template/pico-sdk/src/rp2_common/pico_malloc/pico_malloc.c.obj (malloc)
d:/armgnu~1/gcc-ar~1.10-/gcc-ar~1.10/bin/../lib/gcc/arm-none-eabi/10.3.1/../../../../arm-none-eabi/lib/thumb/v6-m/nofp\libg.a(lib_a-mallocr.o)
                              d:/armgnu~1/gcc-ar~1.10-/gcc-ar~1.10/bin/../lib/gcc/arm-none-eabi/10.3.1/../../../../arm-none-eabi/lib/thumb/v6-m/nofp\libg.a(lib_a-callocr.o) (_malloc_r)
d:/armgnu~1/gcc-ar~1.10-/gcc-ar~1.10/bin/../lib/gcc/arm-none-eabi/10.3.1/../../../../arm-none-eabi/lib/thumb/v6-m/nofp\libg.a(lib_a-mlock.o)
                              d:/armgnu~1/gcc-ar~1.10-/gcc-ar~1.10/bin/../lib/gcc/arm-none-eabi/10.3.1/../../../../arm-none-eabi/lib/thumb/v6-m/nofp\libg.a(lib_a-mallocr.o) (__malloc_lock)
d:/armgnu~1/gcc-ar~1.10-/gcc-ar~1.10/bin/../lib/gcc/arm-none-eabi/10.3.1/../../../../arm-none-eabi/lib/thumb/v6-m/nofp\libg.a(lib_a-realloc.o)
                              CMakeFiles/pico.dir/D_/test/clion-pico-template/pico-sdk/src/rp2_common/pico_malloc/pico_malloc.c.obj (realloc)
d:/armgnu~1/gcc-ar~1.10-/gcc-ar~1.10/bin/../lib/gcc/arm-none-eabi/10.3.1/../../../../arm-none-eabi/lib/thumb/v6-m/nofp\libg.a(lib_a-reallocr.o)
                              d:/armgnu~1/gcc-ar~1.10-/gcc-ar~1.10/bin/../lib/gcc/arm-none-eabi/10.3.1/../../../../arm-none-eabi/lib/thumb/v6-m/nofp\libg.a(lib_a-realloc.o) (_realloc_r)
d:/armgnu~1/gcc-ar~1.10-/gcc-ar~1.10/bin/../lib/gcc/arm-none-eabi/10.3.1/../../../../arm-none-eabi/lib/thumb/v6-m/nofp\libg.a(lib_a-sbrkr.o)
                              d:/armgnu~1/gcc-ar~1.10-/gcc-ar~1.10/bin/../lib/gcc/arm-none-eabi/10.3.1/../../../../arm-none-eabi/lib/thumb/v6-m/nofp\libg.a(lib_a-mallocr.o) (_sbrk_r)
d:/armgnu~1/gcc-ar~1.10-/gcc-ar~1.10/bin/../lib/gcc/arm-none-eabi/10.3.1/../../../../arm-none-eabi/lib/thumb/v6-m/nofp\libg.a(lib_a-strlen-stub.o)
                              CMakeFiles/pico.dir/D_/test/clion-pico-template/pico-sdk/src/rp2_common/pico_stdio/stdio.c.obj (strlen)
d:/armgnu~1/gcc-ar~1.10-/gcc-ar~1.10/bin/../lib/gcc/arm-none-eabi/10.3.1/../../../../arm-none-eabi/lib/thumb/v6-m/nofp\libg.a(lib_a-freer.o)
                              d:/armgnu~1/gcc-ar~1.10-/gcc-ar~1.10/bin/../lib/gcc/arm-none-eabi/10.3.1/../../../../arm-none-eabi/lib/thumb/v6-m/nofp\libg.a(lib_a-malloc.o) (_free_r)
d:/armgnu~1/gcc-ar~1.10-/gcc-ar~1.10/bin/../lib/gcc/arm-none-eabi/10.3.1/../../../../arm-none-eabi/lib/thumb/v6-m/nofp\libg.a(lib_a-lock.o)
                              d:/armgnu~1/gcc-ar~1.10-/gcc-ar~1.10/bin/../lib/gcc/arm-none-eabi/10.3.1/../../../../arm-none-eabi/lib/thumb/v6-m/nofp\libg.a(lib_a-mlock.o) (__retarget_lock_acquire_recursive)
d:/armgnu~1/gcc-ar~1.10-/gcc-ar~1.10/bin/../lib/gcc/arm-none-eabi/10.3.1/../../../../arm-none-eabi/lib/thumb/v6-m/nofp\libg.a(lib_a-memmove.o)
[...]
Memory Configuration

Name             Origin             Length             Attributes
FLASH            0x10000000         0x00200000         xr
RAM              0x20000000         0x00040000         xrw
SCRATCH_X        0x20040000         0x00001000         xrw
SCRATCH_Y        0x20041000         0x00001000         xrw
*default*        0x00000000         0xffffffff

Linker script and memory map

LOAD d:/armgnu~1/gcc-ar~1.10-/gcc-ar~1.10/bin/../lib/gcc/arm-none-eabi/10.3.1/thumb/v6-m/nofp/crti.o
LOAD d:/armgnu~1/gcc-ar~1.10-/gcc-ar~1.10/bin/../lib/gcc/arm-none-eabi/10.3.1/thumb/v6-m/nofp/crtbegin.o
LOAD d:/armgnu~1/gcc-ar~1.10-/gcc-ar~1.10/bin/../lib/gcc/arm-none-eabi/10.3.1/../../../../arm-none-eabi/lib/thumb/v6-m/nofp/crt0.o

.flash_begin    0x10000000        0x0
                0x10000000                __flash_binary_start = .

.boot2          0x10000000      0x100
                0x10000000                __boot2_start__ = .
 *(.boot2)
 .boot2         0x10000000      0x100 C:\Users\fuzhi\AppData\Local\Temp\ccwuiwBe.o
                0x10000100                __boot2_end__ = .
                0x00000001                ASSERT (((__boot2_end__ - __boot2_start__) == 0x100), ERROR: Pico second stage bootloader must be 256 bytes in size)

.text           0x10000100     0x41c0
                0x10000100                __logical_binary_start = .
 *(.vectors)
 .vectors       0x10000100       0xd4 CMakeFiles/pico.dir/D_/test/clion-pico-template/pico-sdk/src/rp2_common/pico_standard_link/crt0.S.obj
                0x10000100                __VECTOR_TABLE
                0x10000100                __vectors
                0x100001c0                isr_invalid
                0x100001c0                __default_isrs_start
                0x100001c2                isr_nmi
                0x100001c4                isr_hardfault
                0x100001c6                isr_svcall
                0x100001c8                isr_pendsv
                0x100001ca                isr_systick
                0x100001cc                isr_irq23
                0x100001cc                isr_irq18
                0x100001cc                isr_irq11
                0x100001cc                isr_irq28
                0x100001cc                isr_irq19
                0x100001cc                isr_irq0
                0x100001cc                isr_irq6
                0x100001cc                isr_irq5
                0x100001cc                isr_irq12
                0x100001cc                isr_irq22
                0x100001cc                isr_irq31
                0x100001cc                isr_irq17
                0x100001cc                isr_irq27
                0x100001cc                isr_irq30
                0x100001cc                isr_irq2
                0x100001cc                isr_irq10
                0x100001cc                isr_irq8
                0x100001cc                isr_irq24
                0x100001cc                isr_irq1
                0x100001cc                isr_irq7
                0x100001cc                isr_irq21
                0x100001cc                isr_irq20
                0x100001cc                isr_irq15
                0x100001cc                isr_irq25
                0x100001cc                isr_irq13
                0x100001cc                __unhandled_user_irq
                0x100001cc                isr_irq4
                0x100001cc                isr_irq16
                0x100001cc                isr_irq29
                0x100001cc                isr_irq26
                0x100001cc                __default_isrs_end
                0x100001cc                isr_irq3
                0x100001cc                isr_irq14
                0x100001cc                isr_irq9
                0x100001d2                unhandled_user_irq_num_in_r0
 *(.binary_info_header)
 .binary_info_header
                0x100001d4       0x14 CMakeFiles/pico.dir/D_/test/clion-pico-template/pico-sdk/src/rp2_common/pico_standard_link/crt0.S.obj
                0x100001e8                __binary_info_header_end = .
 *(.reset)
 .reset         0x100001e8       0xa0 CMakeFiles/pico.dir/D_/test/clion-pico-template/pico-sdk/src/rp2_common/pico_standard_link/crt0.S.obj
                0x100001e8                _entry_point
 .reset         0x10000288       0x30 CMakeFiles/pico.dir/D_/test/clion-pico-template/pico-sdk/src/rp2_common/pico_standard_link/binary_info.c.obj
 *(.init)
 .init          0x100002b8        0x4 d:/armgnu~1/gcc-ar~1.10-/gcc-ar~1.10/bin/../lib/gcc/arm-none-eabi/10.3.1/thumb/v6-m/nofp/crti.o
                0x100002b8                _init
 *(EXCLUDE_FILE(*libm.a: *libc.a:*lib_a-mem*.o *libgcc.a:) .text*)
 .text          0x100002bc       0x48 d:/armgnu~1/gcc-ar~1.10-/gcc-ar~1.10/bin/../lib/gcc/arm-none-eabi/10.3.1/thumb/v6-m/nofp/crtbegin.o
 .text.main     0x10000304       0x34 CMakeFiles/pico.dir/main.c.obj
                0x10000304                main
 .text.gpio_set_function
                0x10000338       0x30 CMakeFiles/pico.dir/D_/test/clion-pico-template/pico-sdk/src/rp2_common/hardware_gpio/gpio.c.obj
                0x10000338                gpio_set_function
 .text.gpio_init
                0x10000368       0x16 CMakeFiles/pico.dir/D_/test/clion-pico-template/pico-sdk/src/rp2_common/hardware_gpio/gpio.c.obj
                0x10000368                gpio_init
 *fill*         0x1000037e        0x2 
 .text.running_on_fpga
                0x10000380       0x14 CMakeFiles/pico.dir/D_/test/clion-pico-template/pico-sdk/src/rp2_common/pico_platform/platform.c.obj
                0x10000380                running_on_fpga
 .text.hw_claim_lock
                0x10000394       0x18 CMakeFiles/pico.dir/D_/test/clion-pico-template/pico-sdk/src/rp2_common/hardware_claim/claim.c.obj
                0x10000394                hw_claim_lock
 .text.hw_claim_unlock
                0x100003ac       0x14 CMakeFiles/pico.dir/D_/test/clion-pico-template/pico-sdk/src/rp2_common/hardware_claim/claim.c.obj
                0x100003ac                hw_claim_unlock
 .text.hw_claim_or_assert
                0x100003c0       0x32 CMakeFiles/pico.dir/D_/test/clion-pico-template/pico-sdk/src/rp2_common/hardware_claim/claim.c.obj
                0x100003c0                hw_claim_or_assert
 *fill*         0x100003f2        0x2 
 .text.spin_locks_reset
                0x100003f4       0x20 CMakeFiles/pico.dir/D_/test/clion-pico-template/pico-sdk/src/rp2_common/hardware_sync/sync.c.obj
                0x100003f4                spin_locks_reset
 .text.next_striped_spin_lock_num
                0x10000414       0x1c CMakeFiles/pico.dir/D_/test/clion-pico-template/pico-sdk/src/rp2_common/hardware_sync/sync.c.obj
                0x10000414                next_striped_spin_lock_num
 .text.set_raw_irq_handler_and_unlock
                0x10000430       0x28 CMakeFiles/pico.dir/D_/test/clion-pico-template/pico-sdk/src/rp2_common/hardware_irq/irq.c.obj
 .text.make_branch
                0x10000458       0x48 CMakeFiles/pico.dir/D_/test/clion-pico-template/pico-sdk/src/rp2_common/hardware_irq/irq.c.obj
 .text.insert_branch_and_link
                0x100004a0       0x40 CMakeFiles/pico.dir/D_/test/clion-pico-template/pico-sdk/src/rp2_common/hardware_irq/irq.c.obj
 .text.irq_is_enabled
                0x100004e0       0x18 CMakeFiles/pico.dir/D_/test/clion-pico-template/pico-sdk/src/rp2_common/hardware_irq/irq.c.obj
                0x100004e0                irq_is_enabled
 .text.irq_set_mask_enabled
                0x100004f8       0x20 CMakeFiles/pico.dir/D_/test/clion-pico-template/pico-sdk/src/rp2_common/hardware_irq/irq.c.obj
                0x100004f8                irq_set_mask_enabled
 .text.irq_set_enabled
                0x10000518        0xe CMakeFiles/pico.dir/D_/test/clion-pico-template/pico-sdk/src/rp2_common/hardware_irq/irq.c.obj
                0x10000518                irq_set_enabled
 *fill*         0x10000526        0x2 
 .text.irq_get_vtable_handler
                0x10000528       0x10 CMakeFiles/pico.dir/D_/test/clion-pico-template/pico-sdk/src/rp2_common/hardware_irq/irq.c.obj
                0x10000528                irq_get_vtable_handler
 .text.irq_set_exclusive_handler
                0x10000538       0x54 CMakeFiles/pico.dir/D_/test/clion-pico-template/pico-sdk/src/rp2_common/hardware_irq/irq.c.obj
                0x10000538                irq_set_exclusive_handler
 .text.irq_remove_handler
                0x1000058c      0x1ac CMakeFiles/pico.dir/D_/test/clion-pico-template/pico-sdk/src/rp2_common/hardware_irq/irq.c.obj
                0x1000058c                irq_remove_handler
 .text.irq_add_tail_to_free_list
                0x10000738       0xf0 CMakeFiles/pico.dir/D_/test/clion-pico-template/pico-sdk/src/rp2_common/hardware_irq/irq.c.obj
                0x10000738                irq_add_tail_to_free_list
 .text.irq_init_priorities
                0x10000828       0x1c CMakeFiles/pico.dir/D_/test/clion-pico-template/pico-sdk/src/rp2_common/hardware_irq/irq.c.obj
                0x10000828                irq_init_priorities
 .text.lock_init
                0x10000844       0x10 CMakeFiles/pico.dir/D_/test/clion-pico-template/pico-sdk/src/common/pico_sync/lock_core.c.obj
                0x10000844                lock_init
 .text.mutex_init
                0x10000854       0x1a CMakeFiles/pico.dir/D_/test/clion-pico-template/pico-sdk/src/common/pico_sync/mutex.c.obj
                0x10000854                mutex_init
 .text.recursive_mutex_init
                0x1000086e       0x1e CMakeFiles/pico.dir/D_/test/clion-pico-template/pico-sdk/src/common/pico_sync/mutex.c.obj
                0x1000086e                recursive_mutex_init
 .text.alarm_pool_post_alloc_init
                0x1000088c       0x40 CMakeFiles/pico.dir/D_/test/clion-pico-template/pico-sdk/src/common/pico_time/time.c.obj
 .text.sleep_until_callback
                0x100008cc       0x30 CMakeFiles/pico.dir/D_/test/clion-pico-template/pico-sdk/src/common/pico_time/time.c.obj
 .text.timer_pool_entry_comparator
                0x100008fc       0x7c CMakeFiles/pico.dir/D_/test/clion-pico-template/pico-sdk/src/common/pico_time/time.c.obj
                0x100008fc                timer_pool_entry_comparator
 .text.ph_add_child_node
                0x10000978       0xa4 CMakeFiles/pico.dir/D_/test/clion-pico-template/pico-sdk/src/common/pico_time/time.c.obj
 .text.ph_merge_nodes
                0x10000a1c       0x3e CMakeFiles/pico.dir/D_/test/clion-pico-template/pico-sdk/src/common/pico_time/time.c.obj
 *fill*         0x10000a5a        0x2 
 .text.add_alarm_under_lock
                0x10000a5c      0x174 CMakeFiles/pico.dir/D_/test/clion-pico-template/pico-sdk/src/common/pico_time/time.c.obj
 .text.alarm_pool_alarm_callback
                0x10000bd0      0x33c CMakeFiles/pico.dir/D_/test/clion-pico-template/pico-sdk/src/common/pico_time/time.c.obj
 .text.alarm_pool_init_default
                0x10000f0c       0x40 CMakeFiles/pico.dir/D_/test/clion-pico-template/pico-sdk/src/common/pico_time/time.c.obj
                0x10000f0c                alarm_pool_init_default
 .text.alarm_pool_get_default
                0x10000f4c       0x2c CMakeFiles/pico.dir/D_/test/clion-pico-template/pico-sdk/src/common/pico_time/time.c.obj
                0x10000f4c                alarm_pool_get_default
 .text.alarm_pool_add_alarm_at
                0x10000f78      0x168 CMakeFiles/pico.dir/D_/test/clion-pico-template/pico-sdk/src/common/pico_time/time.c.obj
                0x10000f78                alarm_pool_add_alarm_at
 .text.alarm_pool_cancel_alarm
                0x100010e0       0xf0 CMakeFiles/pico.dir/D_/test/clion-pico-template/pico-sdk/src/common/pico_time/time.c.obj
                0x100010e0                alarm_pool_cancel_alarm
 .text.sleep_until
                0x100011d0       0xfc CMakeFiles/pico.dir/D_/test/clion-pico-template/pico-sdk/src/common/pico_time/time.c.obj
                0x100011d0                sleep_until
 .text.sleep_us
                0x100012cc       0x58 CMakeFiles/pico.dir/D_/test/clion-pico-template/pico-sdk/src/common/pico_time/time.c.obj
                0x100012cc                sleep_us
 .text.sleep_ms
                0x10001324       0x14 CMakeFiles/pico.dir/D_/test/clion-pico-template/pico-sdk/src/common/pico_time/time.c.obj
                0x10001324                sleep_ms
 .text.best_effort_wfe_or_timeout
                0x10001338       0xac CMakeFiles/pico.dir/D_/test/clion-pico-template/pico-sdk/src/common/pico_time/time.c.obj
                0x10001338                best_effort_wfe_or_timeout
 .text.hardware_alarm_irq_handler
                0x100013e4       0x90 CMakeFiles/pico.dir/D_/test/clion-pico-template/pico-sdk/src/rp2_common/hardware_timer/timer.c.obj
 .text.hardware_alarm_claim
                0x10001474       0x18 CMakeFiles/pico.dir/D_/test/clion-pico-template/pico-sdk/src/rp2_common/hardware_timer/timer.c.obj
                0x10001474                hardware_alarm_claim
 .text.time_us_64
                0x1000148c       0x18 CMakeFiles/pico.dir/D_/test/clion-pico-template/pico-sdk/src/rp2_common/hardware_timer/timer.c.obj
                0x1000148c                time_us_64
 .text.busy_wait_until
                0x100014a4       0x28 CMakeFiles/pico.dir/D_/test/clion-pico-template/pico-sdk/src/rp2_common/hardware_timer/timer.c.obj
                0x100014a4                busy_wait_until
 .text.hardware_alarm_set_callback
                0x100014cc       0x90 CMakeFiles/pico.dir/D_/test/clion-pico-template/pico-sdk/src/rp2_common/hardware_timer/timer.c.obj
                0x100014cc                hardware_alarm_set_callback
 .text.hardware_alarm_set_target
                0x1000155c       0xe8 CMakeFiles/pico.dir/D_/test/clion-pico-template/pico-sdk/src/rp2_common/hardware_timer/timer.c.obj
                0x1000155c                hardware_alarm_set_target
 .text.hardware_alarm_cancel
                0x10001644       0x40 CMakeFiles/pico.dir/D_/test/clion-pico-template/pico-sdk/src/rp2_common/hardware_timer/timer.c.obj
                0x10001644                hardware_alarm_cancel
 .text.ph_add_child_node
                0x10001684       0xa4 CMakeFiles/pico.dir/D_/test/clion-pico-template/pico-sdk/src/common/pico_util/pheap.c.obj
 .text.ph_merge_nodes
                0x10001728       0x3e CMakeFiles/pico.dir/D_/test/clion-pico-template/pico-sdk/src/common/pico_util/pheap.c.obj
 *fill*         0x10001766        0x2 
 .text.ph_clear
                0x10001768       0x70 CMakeFiles/pico.dir/D_/test/clion-pico-template/pico-sdk/src/common/pico_util/pheap.c.obj
                0x10001768                ph_clear
 .text.ph_post_alloc_init
                0x100017d8        0xe CMakeFiles/pico.dir/D_/test/clion-pico-template/pico-sdk/src/common/pico_util/pheap.c.obj
                0x100017d8                ph_post_alloc_init
 *fill*         0x100017e6        0x2 
 .text.ph_merge_two_pass
                0x100017e8       0xa8 CMakeFiles/pico.dir/D_/test/clion-pico-template/pico-sdk/src/common/pico_util/pheap.c.obj
                0x100017e8                ph_merge_two_pass
 .text.ph_remove_any_head
                0x10001890      0x128 CMakeFiles/pico.dir/D_/test/clion-pico-template/pico-sdk/src/common/pico_util/pheap.c.obj
 .text.ph_remove_head
                0x100019b8       0x14 CMakeFiles/pico.dir/D_/test/clion-pico-template/pico-sdk/src/common/pico_util/pheap.c.obj
                0x100019b8                ph_remove_head
 .text.ph_remove_and_free_node
                0x100019cc       0xf8 CMakeFiles/pico.dir/D_/test/clion-pico-template/pico-sdk/src/common/pico_util/pheap.c.obj
                0x100019cc                ph_remove_and_free_node
 .text.clock_configure
                0x10001ac4      0x104 CMakeFiles/pico.dir/D_/test/clion-pico-template/pico-sdk/src/rp2_common/hardware_clocks/clocks.c.obj
                0x10001ac4                clock_configure
 .text.clocks_init
                0x10001bc8      0x100 CMakeFiles/pico.dir/D_/test/clion-pico-template/pico-sdk/src/rp2_common/hardware_clocks/clocks.c.obj
                0x10001bc8                clocks_init
 .text.pll_init
                0x10001cc8      0x12c CMakeFiles/pico.dir/D_/test/clion-pico-template/pico-sdk/src/rp2_common/hardware_pll/pll.c.obj
                0x10001cc8                pll_init
 .text.watchdog_start_tick
                0x10001df4       0x10 CMakeFiles/pico.dir/D_/test/clion-pico-template/pico-sdk/src/rp2_common/hardware_watchdog/watchdog.c.obj
                0x10001df4                watchdog_start_tick
 .text.xosc_init
                0x10001e04       0x28 CMakeFiles/pico.dir/D_/test/clion-pico-template/pico-sdk/src/rp2_common/hardware_xosc/xosc.c.obj
                0x10001e04                xosc_init
 .text._exit    0x10001e2c        0x4 CMakeFiles/pico.dir/D_/test/clion-pico-template/pico-sdk/src/rp2_common/pico_runtime/runtime.c.obj
                0x10001e2c                _exit
 .text.exit     0x10001e30        0x6 CMakeFiles/pico.dir/D_/test/clion-pico-template/pico-sdk/src/rp2_common/pico_runtime/runtime.c.obj
                0x10001e30                exit
 *fill*         0x10001e36        0x2 
 .text.__assert_func
                0x10001e38       0x3c CMakeFiles/pico.dir/D_/test/clion-pico-template/pico-sdk/src/rp2_common/pico_runtime/runtime.c.obj
                0x10001e38                __assert_func
 .text.runtime_init
                0x10001e74       0xf8 CMakeFiles/pico.dir/D_/test/clion-pico-template/pico-sdk/src/rp2_common/pico_runtime/runtime.c.obj
                0x10001e74                runtime_init
 .text.panic    0x10001f6c       0x30 CMakeFiles/pico.dir/D_/test/clion-pico-template/pico-sdk/src/rp2_common/pico_runtime/runtime.c.obj
                0x10001f6c                panic
 .text._out_null
                0x10001f9c        0x2 CMakeFiles/pico.dir/D_/test/clion-pico-template/pico-sdk/src/rp2_common/pico_printf/printf.c.obj
 .text._out_fct
                0x10001f9e        0xe CMakeFiles/pico.dir/D_/test/clion-pico-template/pico-sdk/src/rp2_common/pico_printf/printf.c.obj
 .text._atoi    0x10001fac       0x24 CMakeFiles/pico.dir/D_/test/clion-pico-template/pico-sdk/src/rp2_common/pico_printf/printf.c.obj
 .text._out_rev
                0x10001fd0       0xae CMakeFiles/pico.dir/D_/test/clion-pico-template/pico-sdk/src/rp2_common/pico_printf/printf.c.obj
 .text._ntoa_format
                0x1000207e      0x112 CMakeFiles/pico.dir/D_/test/clion-pico-template/pico-sdk/src/rp2_common/pico_printf/printf.c.obj
 .text._ntoa_long
                0x10002190       0xbc CMakeFiles/pico.dir/D_/test/clion-pico-template/pico-sdk/src/rp2_common/pico_printf/printf.c.obj
 .text._ntoa_long_long
                0x1000224c       0xe2 CMakeFiles/pico.dir/D_/test/clion-pico-template/pico-sdk/src/rp2_common/pico_printf/printf.c.obj
 *fill*         0x1000232e        0x2 
 .text._etoa    0x10002330      0x414 CMakeFiles/pico.dir/D_/test/clion-pico-template/pico-sdk/src/rp2_common/pico_printf/printf.c.obj
 .text._ftoa    0x10002744      0x354 CMakeFiles/pico.dir/D_/test/clion-pico-template/pico-sdk/src/rp2_common/pico_printf/printf.c.obj
 .text._vsnprintf
                0x10002a98      0x624 CMakeFiles/pico.dir/D_/test/clion-pico-template/pico-sdk/src/rp2_common/pico_printf/printf.c.obj
 .text.vfctprintf
                0x100030bc       0x20 CMakeFiles/pico.dir/D_/test/clion-pico-template/pico-sdk/src/rp2_common/pico_printf/printf.c.obj
                0x100030bc                vfctprintf
 .text          0x100030dc       0x10 CMakeFiles/pico.dir/D_/test/clion-pico-template/pico-sdk/src/rp2_common/pico_bit_ops/bit_ops_aeabi.S.obj
 .text.rom_func_lookup
                0x100030ec       0x10 CMakeFiles/pico.dir/D_/test/clion-pico-template/pico-sdk/src/rp2_common/pico_bootrom/bootrom.c.obj
                0x100030ec                rom_func_lookup
 .text.rom_data_lookup
                0x100030fc       0x10 CMakeFiles/pico.dir/D_/test/clion-pico-template/pico-sdk/src/rp2_common/pico_bootrom/bootrom.c.obj
                0x100030fc                rom_data_lookup
 .text.rom_funcs_lookup
                0x1000310c       0x36 CMakeFiles/pico.dir/D_/test/clion-pico-template/pico-sdk/src/rp2_common/pico_bootrom/bootrom.c.obj
                0x1000310c                rom_funcs_lookup
 *fill*         0x10003142        0x2 
 .text.__wrap___aeabi_idiv
                0x10003144       0x50 CMakeFiles/pico.dir/D_/test/clion-pico-template/pico-sdk/src/rp2_common/pico_divider/divider.S.obj
                0x10003144                __wrap___aeabi_idivmod
                0x10003144                divmod_s32s32
                0x10003144                div_s32s32
                0x10003144                __wrap___aeabi_idiv
                0x1000314c                divmod_s32s32_unsafe
                0x10003178                divmod_s32s32_savestate
 .text.__wrap___aeabi_uidiv
                0x10003194       0x4c CMakeFiles/pico.dir/D_/test/clion-pico-template/pico-sdk/src/rp2_common/pico_divider/divider.S.obj
                0x10003194                __wrap___aeabi_uidiv
                0x10003194                __wrap___aeabi_uidivmod
                0x10003194                div_u32u32
                0x10003194                divmod_u32u32
                0x1000319c                divmod_u32u32_unsafe
                0x100031c4                divmod_u32u32_savestate
 .text.__wrap___aeabi_ldiv
                0x100031e0      0x424 CMakeFiles/pico.dir/D_/test/clion-pico-template/pico-sdk/src/rp2_common/pico_divider/divider.S.obj
                0x100031e0                div_s64s64
                0x100031e0                divmod_s64s64
                0x100031e0                __wrap___aeabi_ldivmod
                0x10003210                divmod_u64u64
                0x10003210                div_u64u64
                0x10003210                __wrap___aeabi_uldivmod
                0x10003220                divmod_u64u64_savestate
                0x10003240                divmod_s64s64_unsafe
                0x100032c8                divmod_u64u64_unsafe
 .text.__wrap___aeabi_darithmetic
                0x10003604       0x80 CMakeFiles/pico.dir/D_/test/clion-pico-template/pico-sdk/src/rp2_common/pico_double/double_aeabi.S.obj
                0x10003604                __wrap___aeabi_drsub
                0x1000360a                __wrap___aeabi_dsub
                0x1000361c                __wrap___aeabi_dadd
                0x1000362e                __wrap___aeabi_ddiv
                0x1000366a                __wrap___aeabi_dmul
 .text.__wrap___aeabi_cdcmple
                0x10003684       0x6c CMakeFiles/pico.dir/D_/test/clion-pico-template/pico-sdk/src/rp2_common/pico_double/double_aeabi.S.obj
                0x10003684                __wrap___aeabi_cdrcmple
                0x10003694                __wrap___aeabi_cdcmpeq
                0x10003694                __wrap___aeabi_cdcmple
 .text.__wrap___aeabi_dcmplt
                0x100036f0        0xc CMakeFiles/pico.dir/D_/test/clion-pico-template/pico-sdk/src/rp2_common/pico_double/double_aeabi.S.obj
                0x100036f0                __wrap___aeabi_dcmplt
 .text.__wrap___aeabi_dcmple
                0x100036fc       0x10 CMakeFiles/pico.dir/D_/test/clion-pico-template/pico-sdk/src/rp2_common/pico_double/double_aeabi.S.obj
                0x100036fc                __wrap___aeabi_dcmple
 .text.__wrap___aeabi_dcmpge
                0x1000370c       0x10 CMakeFiles/pico.dir/D_/test/clion-pico-template/pico-sdk/src/rp2_common/pico_double/double_aeabi.S.obj
                0x1000370c                __wrap___aeabi_dcmpge
 .text.__wrap___aeabi_dcmpgt
                0x1000371c        0xa CMakeFiles/pico.dir/D_/test/clion-pico-template/pico-sdk/src/rp2_common/pico_double/double_aeabi.S.obj
                0x1000371c                __wrap___aeabi_dcmpgt
 .text.__wrap___aeabi_dcmpun
                0x10003726       0x1c CMakeFiles/pico.dir/D_/test/clion-pico-template/pico-sdk/src/rp2_common/pico_double/double_aeabi.S.obj
                0x10003726                __wrap___aeabi_dcmpun
 *fill*         0x10003742        0x2 
 .text.__wrap___aeabi_i2d
                0x10003744       0x38 CMakeFiles/pico.dir/D_/test/clion-pico-template/pico-sdk/src/rp2_common/pico_double/double_aeabi.S.obj
                0x10003744                __wrap___aeabi_ui2d
                0x1000374c                __wrap___aeabi_i2d
 .text.__wrap___aeabi_d2iz
                0x1000377c       0x48 CMakeFiles/pico.dir/D_/test/clion-pico-template/pico-sdk/src/rp2_common/pico_double/double_aeabi.S.obj
                0x1000377c                double2int_z
                0x1000377c                __wrap___aeabi_d2iz
 .text.__wrap___aeabi_d2uiz
                0x100037c4       0x18 CMakeFiles/pico.dir/D_/test/clion-pico-template/pico-sdk/src/rp2_common/pico_double/double_aeabi.S.obj
                0x100037c4                __wrap___aeabi_d2uiz
                0x100037c4                double2uint
 .text.__aeabi_double_init
                0x100037dc       0xc8 CMakeFiles/pico.dir/D_/test/clion-pico-template/pico-sdk/src/rp2_common/pico_double/double_init_rom.c.obj
                0x100037dc                __aeabi_double_init
 .text.double_table_shim_on_use_helper
                0x100038a4       0x34 CMakeFiles/pico.dir/D_/test/clion-pico-template/pico-sdk/src/rp2_common/pico_double/double_v1_rom_shim.S.obj
                0x100038a4                double_table_shim_on_use_helper
 .text.__wrap___aeabi_dsub
                0x100038d8       0x10 CMakeFiles/pico.dir/D_/test/clion-pico-template/pico-sdk/src/rp2_common/pico_double/double_v1_rom_shim.S.obj
                0x100038d8                drsub_shim
                0x100038de                dsub_shim
 .text.dadd_shim
                0x100038e8      0x15c CMakeFiles/pico.dir/D_/test/clion-pico-template/pico-sdk/src/rp2_common/pico_double/double_v1_rom_shim.S.obj
                0x100038e8                dadd_shim
 .text.dmul_shim
                0x10003a44      0x15c CMakeFiles/pico.dir/D_/test/clion-pico-template/pico-sdk/src/rp2_common/pico_double/double_v1_rom_shim.S.obj
                0x10003a44                dmul_shim
 .text.ddiv_shim
                0x10003ba0      0x1b0 CMakeFiles/pico.dir/D_/test/clion-pico-template/pico-sdk/src/rp2_common/pico_double/double_v1_rom_shim.S.obj
                0x10003ba0                ddiv_shim
 .text.double2uint_shim
                0x10003d50        0xe CMakeFiles/pico.dir/D_/test/clion-pico-template/pico-sdk/src/rp2_common/pico_double/double_v1_rom_shim.S.obj
                0x10003d50                double2uint_shim
                0x10003d52                double2ufix_shim
 *fill*         0x10003d5e        0x2 
 .text.double2uint64_shim
                0x10003d60       0x70 CMakeFiles/pico.dir/D_/test/clion-pico-template/pico-sdk/src/rp2_common/pico_double/double_v1_rom_shim.S.obj
                0x10003d60                double2uint64_shim
                0x10003d62                double2ufix64_shim
                0x10003d82                d2fix_a
 .text.dunpacks
                0x10003dd0       0x3c CMakeFiles/pico.dir/D_/test/clion-pico-template/pico-sdk/src/rp2_common/pico_double/double_v1_rom_shim.S.obj
                0x10003dd0                dunpacks
 .text.__aeabi_lmul
                0x10003e0c       0x32 CMakeFiles/pico.dir/D_/test/clion-pico-template/pico-sdk/src/rp2_common/pico_int64_ops/pico_int64_ops_aeabi.S.obj
                0x10003e0c                __wrap___aeabi_lmul
 *fill*         0x10003e3e        0x2 
 .text.__aeabi_float_init
                0x10003e40       0xfc CMakeFiles/pico.dir/D_/test/clion-pico-template/pico-sdk/src/rp2_common/pico_float/float_init_rom.c.obj
                0x10003e40                __aeabi_float_init
 .text.float_table_shim_on_use_helper
                0x10003f3c       0x34 CMakeFiles/pico.dir/D_/test/clion-pico-template/pico-sdk/src/rp2_common/pico_float/float_v1_rom_shim.S.obj
                0x10003f3c                float_table_shim_on_use_helper
 .text          0x10003f70       0x10 CMakeFiles/pico.dir/D_/test/clion-pico-template/pico-sdk/src/rp2_common/pico_mem_ops/mem_ops_aeabi.S.obj
                0x10003f70                __aeabi_mem_init
 .text.memcpy   0x10003f80        0xc CMakeFiles/pico.dir/D_/test/clion-pico-template/pico-sdk/src/rp2_common/pico_mem_ops/mem_ops_aeabi.S.obj
                0x10003f80                __wrap_memcpy
                0x10003f80                __wrap___aeabi_memcpy
 .text.stdio_out_chars_no_crlf
                0x10003f8c        0xe CMakeFiles/pico.dir/D_/test/clion-pico-template/pico-sdk/src/rp2_common/pico_stdio/stdio.c.obj
 *fill*         0x10003f9a        0x2 
 .text.stdio_out_chars_crlf
                0x10003f9c       0x80 CMakeFiles/pico.dir/D_/test/clion-pico-template/pico-sdk/src/rp2_common/pico_stdio/stdio.c.obj
 .text.stdio_stack_buffer_flush
                0x1000401c       0x44 CMakeFiles/pico.dir/D_/test/clion-pico-template/pico-sdk/src/rp2_common/pico_stdio/stdio.c.obj
 .text.stdio_buffered_printer
                0x10004060       0x20 CMakeFiles/pico.dir/D_/test/clion-pico-template/pico-sdk/src/rp2_common/pico_stdio/stdio.c.obj
 .text.stdout_serialize_begin
                0x10004080       0x5c CMakeFiles/pico.dir/D_/test/clion-pico-template/pico-sdk/src/rp2_common/pico_stdio/stdio.c.obj
                0x10004080                stdout_serialize_begin
 .text.stdout_serialize_end
                0x100040dc       0x10 CMakeFiles/pico.dir/D_/test/clion-pico-template/pico-sdk/src/rp2_common/pico_stdio/stdio.c.obj
                0x100040dc                stdout_serialize_end
 .text.stdio_put_string
                0x100040ec       0x98 CMakeFiles/pico.dir/D_/test/clion-pico-template/pico-sdk/src/rp2_common/pico_stdio/stdio.c.obj
 .text.stdio_flush
                0x10004184       0x20 CMakeFiles/pico.dir/D_/test/clion-pico-template/pico-sdk/src/rp2_common/pico_stdio/stdio.c.obj
                0x10004184                stdio_flush
 .text.__wrap_puts
                0x100041a4       0x1e CMakeFiles/pico.dir/D_/test/clion-pico-template/pico-sdk/src/rp2_common/pico_stdio/stdio.c.obj
                0x100041a4                __wrap_puts
 *fill*         0x100041c2        0x2 
 .text.__wrap_vprintf
                0x100041c4       0x40 CMakeFiles/pico.dir/D_/test/clion-pico-template/pico-sdk/src/rp2_common/pico_stdio/stdio.c.obj
                0x100041c4                __wrap_vprintf
 .text.__wrap_printf
                0x10004204       0x18 CMakeFiles/pico.dir/D_/test/clion-pico-template/pico-sdk/src/rp2_common/pico_stdio/stdio.c.obj
                0x10004204                __wrap_printf
 .text.strlen   0x1000421c       0x5c d:/armgnu~1/gcc-ar~1.10-/gcc-ar~1.10/bin/../lib/gcc/arm-none-eabi/10.3.1/../../../../arm-none-eabi/lib/thumb/v6-m/nofp\libg.a(lib_a-strlen-stub.o)
                0x1000421c                strlen
 *(.fini)
 .fini          0x10004278        0x4 d:/armgnu~1/gcc-ar~1.10-/gcc-ar~1.10/bin/../lib/gcc/arm-none-eabi/10.3.1/thumb/v6-m/nofp/crti.o
                0x10004278                _fini
 *fill*         0x1000427c        0x4 
 .fini.__stub   0x10004280       0x40 linker stubs
 *crtbegin.o(.ctors)
 *crtbegin?.o(.ctors)
 *(EXCLUDE_FILE(*crtend.o *crtend?.o) .ctors)
 *(SORT_BY_NAME(.ctors.*))
 *(.ctors)
 *crtbegin.o(.dtors)
 *crtbegin?.o(.dtors)
 *(EXCLUDE_FILE(*crtend.o *crtend?.o) .dtors)
 *(SORT_BY_NAME(.dtors.*))
 *(.dtors)
 *(.eh_frame*)
 .eh_frame      0x100042c0        0x0 d:/armgnu~1/gcc-ar~1.10-/gcc-ar~1.10/bin/../lib/gcc/arm-none-eabi/10.3.1/thumb/v6-m/nofp/crtbegin.o
                0x100042c0                . = ALIGN (0x4)

.glue_7         0x100042c0        0x0
 .glue_7        0x100042c0        0x0 linker stubs

.glue_7t        0x100042c0        0x0
 .glue_7t       0x100042c0        0x0 linker stubs

.vfp11_veneer   0x100042c0        0x0
 .vfp11_veneer  0x100042c0        0x0 linker stubs

.v4_bx          0x100042c0        0x0
 .v4_bx         0x100042c0        0x0 linker stubs

.iplt           0x100042c0        0x0
 .iplt          0x100042c0        0x0 d:/armgnu~1/gcc-ar~1.10-/gcc-ar~1.10/bin/../lib/gcc/arm-none-eabi/10.3.1/thumb/v6-m/nofp/crtbegin.o

.rodata         0x100042c0      0xf5c
 *(EXCLUDE_FILE(*libm.a: *libc.a:*lib_a-mem*.o *libgcc.a:) .rodata*)
 .rodata.make_branch.str1.4
                0x100042c0       0x77 CMakeFiles/pico.dir/D_/test/clion-pico-template/pico-sdk/src/rp2_common/hardware_irq/irq.c.obj
 *fill*         0x10004337        0x1 
 .rodata.insert_branch_and_link.str1.4
                0x10004338       0x10 CMakeFiles/pico.dir/D_/test/clion-pico-template/pico-sdk/src/rp2_common/hardware_irq/irq.c.obj
 .rodata.irq_set_exclusive_handler.str1.4
                0x10004348       0x36 CMakeFiles/pico.dir/D_/test/clion-pico-template/pico-sdk/src/rp2_common/hardware_irq/irq.c.obj
 *fill*         0x1000437e        0x2 
 .rodata.irq_add_shared_handler.str1.4
                0x10004380       0xd9 CMakeFiles/pico.dir/D_/test/clion-pico-template/pico-sdk/src/rp2_common/hardware_irq/irq.c.obj
 *fill*         0x10004459        0x3 
 .rodata.irq_remove_handler.str1.4
                0x1000445c       0x3a CMakeFiles/pico.dir/D_/test/clion-pico-template/pico-sdk/src/rp2_common/hardware_irq/irq.c.obj
 *fill*         0x10004496        0x2 
 .rodata.irq_add_tail_to_free_list.str1.4
                0x10004498       0x3a CMakeFiles/pico.dir/D_/test/clion-pico-template/pico-sdk/src/rp2_common/hardware_irq/irq.c.obj
 *fill*         0x100044d2        0x2 
 .rodata.__func__.0
                0x100044d4       0x1a CMakeFiles/pico.dir/D_/test/clion-pico-template/pico-sdk/src/rp2_common/hardware_irq/irq.c.obj
 *fill*         0x100044ee        0x2 
 .rodata.__func__.1
                0x100044f0       0x17 CMakeFiles/pico.dir/D_/test/clion-pico-template/pico-sdk/src/rp2_common/hardware_irq/irq.c.obj
 *fill*         0x10004507        0x1 
 .rodata.__func__.2
                0x10004508       0x13 CMakeFiles/pico.dir/D_/test/clion-pico-template/pico-sdk/src/rp2_common/hardware_irq/irq.c.obj
 *fill*         0x1000451b        0x1 
 .rodata.__func__.3
                0x1000451c        0xc CMakeFiles/pico.dir/D_/test/clion-pico-template/pico-sdk/src/rp2_common/hardware_irq/irq.c.obj
 .rodata.__func__.4
                0x10004528        0xf CMakeFiles/pico.dir/D_/test/clion-pico-template/pico-sdk/src/rp2_common/hardware_irq/irq.c.obj
 *fill*         0x10004537        0x1 
 .rodata.__func__.6
                0x10004538       0x1a CMakeFiles/pico.dir/D_/test/clion-pico-template/pico-sdk/src/rp2_common/hardware_irq/irq.c.obj
 *fill*         0x10004552        0x2 
 .rodata.str1.4
                0x10004554      0x101 CMakeFiles/pico.dir/D_/test/clion-pico-template/pico-sdk/src/common/pico_sync/mutex.c.obj
 *fill*         0x10004655        0x3 
 .rodata.__func__.1
                0x10004658        0xb CMakeFiles/pico.dir/D_/test/clion-pico-template/pico-sdk/src/common/pico_sync/mutex.c.obj
 *fill*         0x10004663        0x1 
 .rodata.__func__.3
                0x10004664       0x18 CMakeFiles/pico.dir/D_/test/clion-pico-template/pico-sdk/src/common/pico_sync/mutex.c.obj
 .rodata.repeating_timer_callback.str1.4
                0x1000467c       0x55 CMakeFiles/pico.dir/D_/test/clion-pico-template/pico-sdk/src/common/pico_time/time.c.obj
 *fill*         0x100046d1        0x3 
 .rodata.timer_pool_entry_comparator.str1.4
                0x100046d4       0x22 CMakeFiles/pico.dir/D_/test/clion-pico-template/pico-sdk/src/common/pico_time/time.c.obj
 *fill*         0x100046f6        0x2 
 .rodata.ph_add_child_node.str1.4
                0x100046f8       0x9e CMakeFiles/pico.dir/D_/test/clion-pico-template/pico-sdk/src/common/pico_time/time.c.obj
 *fill*         0x10004796        0x2 
 .rodata.add_alarm_under_lock.str1.4
                0x10004798       0x28 CMakeFiles/pico.dir/D_/test/clion-pico-template/pico-sdk/src/common/pico_time/time.c.obj
                                 0x2b (size before relaxing)
 .rodata.alarm_pool_alarm_callback.str1.4
                0x100047c0       0x98 CMakeFiles/pico.dir/D_/test/clion-pico-template/pico-sdk/src/common/pico_time/time.c.obj
                                0x104 (size before relaxing)
 .rodata.alarm_pool_get_default.str1.4
                0x10004858       0x21 CMakeFiles/pico.dir/D_/test/clion-pico-template/pico-sdk/src/common/pico_time/time.c.obj
 *fill*         0x10004879        0x3 
 .rodata.alarm_pool_cancel_alarm.str1.4
                0x1000487c       0x27 CMakeFiles/pico.dir/D_/test/clion-pico-template/pico-sdk/src/common/pico_time/time.c.obj
 *fill*         0x100048a3        0x1 
 .rodata.sleep_until.str1.4
                0x100048a4       0x4d CMakeFiles/pico.dir/D_/test/clion-pico-template/pico-sdk/src/common/pico_time/time.c.obj
 *fill*         0x100048f1        0x3 
 .rodata.__func__.1
                0x100048f4       0x18 CMakeFiles/pico.dir/D_/test/clion-pico-template/pico-sdk/src/common/pico_time/time.c.obj
 .rodata.__func__.10
                0x1000490c       0x15 CMakeFiles/pico.dir/D_/test/clion-pico-template/pico-sdk/src/common/pico_time/time.c.obj
 *fill*         0x10004921        0x3 
 .rodata.__func__.11
                0x10004924       0x1a CMakeFiles/pico.dir/D_/test/clion-pico-template/pico-sdk/src/common/pico_time/time.c.obj
 *fill*         0x1000493e        0x2 
 .rodata.__func__.12
                0x10004940        0xa CMakeFiles/pico.dir/D_/test/clion-pico-template/pico-sdk/src/common/pico_time/time.c.obj
 *fill*         0x1000494a        0x2 
 .rodata.__func__.3
                0x1000494c       0x17 CMakeFiles/pico.dir/D_/test/clion-pico-template/pico-sdk/src/common/pico_time/time.c.obj
 *fill*         0x10004963        0x1 
 .rodata.__func__.4
                0x10004964       0x12 CMakeFiles/pico.dir/D_/test/clion-pico-template/pico-sdk/src/common/pico_time/time.c.obj
 *fill*         0x10004976        0x2 
 .rodata.__func__.5
                0x10004978        0xd CMakeFiles/pico.dir/D_/test/clion-pico-template/pico-sdk/src/common/pico_time/time.c.obj
 *fill*         0x10004985        0x3 
 .rodata.__func__.6
                0x10004988       0x12 CMakeFiles/pico.dir/D_/test/clion-pico-template/pico-sdk/src/common/pico_time/time.c.obj
 *fill*         0x1000499a        0x2 
 .rodata.__func__.7
                0x1000499c        0xf CMakeFiles/pico.dir/D_/test/clion-pico-template/pico-sdk/src/common/pico_time/time.c.obj
 *fill*         0x100049ab        0x1 
 .rodata.__func__.8
                0x100049ac        0xc CMakeFiles/pico.dir/D_/test/clion-pico-template/pico-sdk/src/common/pico_time/time.c.obj
 .rodata.__func__.9
                0x100049b8       0x15 CMakeFiles/pico.dir/D_/test/clion-pico-template/pico-sdk/src/common/pico_time/time.c.obj
 *fill*         0x100049cd        0x3 
 .rodata.hardware_alarm_claim.str1.4
                0x100049d0       0x22 CMakeFiles/pico.dir/D_/test/clion-pico-template/pico-sdk/src/rp2_common/hardware_timer/timer.c.obj
 *fill*         0x100049f2        0x2 
 .rodata.hardware_alarm_set_target.str1.4
                0x100049f4       0x6f CMakeFiles/pico.dir/D_/test/clion-pico-template/pico-sdk/src/rp2_common/hardware_timer/timer.c.obj
 *fill*         0x10004a63        0x1 
 .rodata.__func__.0
                0x10004a64       0x1a CMakeFiles/pico.dir/D_/test/clion-pico-template/pico-sdk/src/rp2_common/hardware_timer/timer.c.obj
 .rodata.ph_add_child_node.str1.4
                0x10004a7e       0x9e CMakeFiles/pico.dir/D_/test/clion-pico-template/pico-sdk/src/common/pico_util/pheap.c.obj
 *fill*         0x10004a7e        0x2 
 .rodata.ph_remove_any_head.str1.4
                0x10004a80       0x98 CMakeFiles/pico.dir/D_/test/clion-pico-template/pico-sdk/src/common/pico_util/pheap.c.obj
                                 0xac (size before relaxing)
 .rodata.ph_remove_and_free_node.str1.4
                0x10004b18       0x1e CMakeFiles/pico.dir/D_/test/clion-pico-template/pico-sdk/src/common/pico_util/pheap.c.obj
                                 0x26 (size before relaxing)
 *fill*         0x10004b36        0x2 
 .rodata.__func__.0
                0x10004b38       0x18 CMakeFiles/pico.dir/D_/test/clion-pico-template/pico-sdk/src/common/pico_util/pheap.c.obj
 .rodata.__func__.1
                0x10004b50       0x13 CMakeFiles/pico.dir/D_/test/clion-pico-template/pico-sdk/src/common/pico_util/pheap.c.obj
 *fill*         0x10004b63        0x1 
 .rodata.__func__.2
                0x10004b64       0x12 CMakeFiles/pico.dir/D_/test/clion-pico-template/pico-sdk/src/common/pico_util/pheap.c.obj
 *fill*         0x10004b76        0x2 
 .rodata.__func__.3
                0x10004b78        0xc CMakeFiles/pico.dir/D_/test/clion-pico-template/pico-sdk/src/common/pico_util/pheap.c.obj
 .rodata.clock_configure.str1.4
                0x10004b84       0x61 CMakeFiles/pico.dir/D_/test/clion-pico-template/pico-sdk/src/rp2_common/hardware_clocks/clocks.c.obj
 *fill*         0x10004be5        0x3 
 .rodata.__func__.1
                0x10004be8       0x10 CMakeFiles/pico.dir/D_/test/clion-pico-template/pico-sdk/src/rp2_common/hardware_clocks/clocks.c.obj
 .rodata.pll_init.str1.4
                0x10004bf8      0x12b CMakeFiles/pico.dir/D_/test/clion-pico-template/pico-sdk/src/rp2_common/hardware_pll/pll.c.obj
 *fill*         0x10004d23        0x1 
 .rodata.__func__.0
                0x10004d24        0x9 CMakeFiles/pico.dir/D_/test/clion-pico-template/pico-sdk/src/rp2_common/hardware_pll/pll.c.obj
 *fill*         0x10004d2d        0x3 
 .rodata.__assert_func.str1.4
                0x10004d30       0x3f CMakeFiles/pico.dir/D_/test/clion-pico-template/pico-sdk/src/rp2_common/pico_runtime/runtime.c.obj
                                 0x43 (size before relaxing)
 *fill*         0x10004d6f        0x1 
 .rodata.runtime_init.str1.4
                0x10004d70       0x6b CMakeFiles/pico.dir/D_/test/clion-pico-template/pico-sdk/src/rp2_common/pico_runtime/runtime.c.obj
 *fill*         0x10004ddb        0x1 
 .rodata.panic.str1.4
                0x10004ddc       0x12 CMakeFiles/pico.dir/D_/test/clion-pico-template/pico-sdk/src/rp2_common/pico_runtime/runtime.c.obj
 *fill*         0x10004dee        0x2 
 .rodata.__func__.2
                0x10004df0        0xd CMakeFiles/pico.dir/D_/test/clion-pico-template/pico-sdk/src/rp2_common/pico_runtime/runtime.c.obj
 *fill*         0x10004dfd        0x3 
 .rodata._ftoa.str1.4
                0x10004e00       0x15 CMakeFiles/pico.dir/D_/test/clion-pico-template/pico-sdk/src/rp2_common/pico_printf/printf.c.obj
 *fill*         0x10004e15        0x3 
 .rodata._vsnprintf
                0x10004e18      0x1e0 CMakeFiles/pico.dir/D_/test/clion-pico-template/pico-sdk/src/rp2_common/pico_printf/printf.c.obj
 .rodata.pow10.0
                0x10004ff8       0x50 CMakeFiles/pico.dir/D_/test/clion-pico-template/pico-sdk/src/rp2_common/pico_printf/printf.c.obj
 .rodata.__aeabi_double_init.str1.4
                0x10005048       0xb2 CMakeFiles/pico.dir/D_/test/clion-pico-template/pico-sdk/src/rp2_common/pico_double/double_init_rom.c.obj
 *fill*         0x100050fa        0x2 
 .rodata.__func__.0
                0x100050fc       0x14 CMakeFiles/pico.dir/D_/test/clion-pico-template/pico-sdk/src/rp2_common/pico_double/double_init_rom.c.obj
 .rodata.__aeabi_float_init.str1.4
                0x10005110       0x84 CMakeFiles/pico.dir/D_/test/clion-pico-template/pico-sdk/src/rp2_common/pico_float/float_init_rom.c.obj
                                 0x88 (size before relaxing)
 .rodata.__func__.0
                0x10005194       0x13 CMakeFiles/pico.dir/D_/test/clion-pico-template/pico-sdk/src/rp2_common/pico_float/float_init_rom.c.obj
 *fill*         0x100051a7        0x1 
 .rodata.str1.4
                0x100051a8       0x34 CMakeFiles/pico.dir/D_/test/clion-pico-template/pico-sdk/src/rp2_common/pico_standard_link/binary_info.c.obj
 .rodata.__bi_44
                0x100051dc        0xc CMakeFiles/pico.dir/D_/test/clion-pico-template/pico-sdk/src/rp2_common/pico_standard_link/binary_info.c.obj
 .rodata.__bi_75
                0x100051e8        0xc CMakeFiles/pico.dir/D_/test/clion-pico-template/pico-sdk/src/rp2_common/pico_standard_link/binary_info.c.obj
 .rodata.__bi_81
                0x100051f4        0xc CMakeFiles/pico.dir/D_/test/clion-pico-template/pico-sdk/src/rp2_common/pico_standard_link/binary_info.c.obj
 .rodata.stdout_serialize_begin.str1.4
                0x10005200       0x6b CMakeFiles/pico.dir/D_/test/clion-pico-template/pico-sdk/src/rp2_common/pico_stdio/stdio.c.obj
 .rodata.__func__.3
                0x10005200       0x15 CMakeFiles/pico.dir/D_/test/clion-pico-template/pico-sdk/src/rp2_common/pico_stdio/stdio.c.obj
 *fill*         0x10005215        0x3 
 .rodata.crlf_str.2
                0x10005218        0x2 CMakeFiles/pico.dir/D_/test/clion-pico-template/pico-sdk/src/rp2_common/pico_stdio/stdio.c.obj
                0x1000521c                . = ALIGN (0x4)
 *fill*         0x1000521a        0x2 
 *(SORT_BY_ALIGNMENT(SORT_BY_NAME(.flashdata*)))
                0x1000521c                . = ALIGN (0x4)

.rel.dyn        0x1000521c        0x0
 .rel.iplt      0x1000521c        0x0 d:/armgnu~1/gcc-ar~1.10-/gcc-ar~1.10/bin/../lib/gcc/arm-none-eabi/10.3.1/thumb/v6-m/nofp/crtbegin.o

.ARM.extab
 *(.ARM.extab* .gnu.linkonce.armextab.*)
                0x1000521c                __exidx_start = .

.ARM.exidx
 *(.ARM.exidx* .gnu.linkonce.armexidx.*)
                0x1000521c                __exidx_end = .
                0x1000521c                . = ALIGN (0x4)
                0x1000521c                __binary_info_start = .

.binary_info    0x1000521c       0x1c
 *(.binary_info.keep.*)
 .binary_info.keep.__bi_ptr22
                0x1000521c        0x4 CMakeFiles/pico.dir/D_/test/clion-pico-template/pico-sdk/src/rp2_common/pico_standard_link/binary_info.c.obj
 .binary_info.keep.__bi_ptr30
                0x10005220        0x4 CMakeFiles/pico.dir/D_/test/clion-pico-template/pico-sdk/src/rp2_common/pico_standard_link/binary_info.c.obj
 .binary_info.keep.__bi_ptr38
                0x10005224        0x4 CMakeFiles/pico.dir/D_/test/clion-pico-template/pico-sdk/src/rp2_common/pico_standard_link/binary_info.c.obj
 .binary_info.keep.__bi_ptr44
                0x10005228        0x4 CMakeFiles/pico.dir/D_/test/clion-pico-template/pico-sdk/src/rp2_common/pico_standard_link/binary_info.c.obj
 .binary_info.keep.__bi_ptr50
                0x1000522c        0x4 CMakeFiles/pico.dir/D_/test/clion-pico-template/pico-sdk/src/rp2_common/pico_standard_link/binary_info.c.obj
 .binary_info.keep.__bi_ptr75
                0x10005230        0x4 CMakeFiles/pico.dir/D_/test/clion-pico-template/pico-sdk/src/rp2_common/pico_standard_link/binary_info.c.obj
 .binary_info.keep.__bi_ptr81
                0x10005234        0x4 CMakeFiles/pico.dir/D_/test/clion-pico-template/pico-sdk/src/rp2_common/pico_standard_link/binary_info.c.obj
 *(.binary_info.*)
                0x10005238                __binary_info_end = .
                0x10005238                . = ALIGN (0x4)
                0x10005238                __etext = .

.ram_vector_table
                0x20000000       0xc0
 *(.ram_vector_table)
 .ram_vector_table
                0x20000000       0xc0 CMakeFiles/pico.dir/D_/test/clion-pico-template/pico-sdk/src/rp2_common/pico_runtime/runtime.c.obj
                0x20000000                ram_vector_table

.data           0x200000c0      0x22c load address 0x10005238
                0x200000c0                __data_start__ = .
 *(vtable)
 *(.time_critical*)
 .time_critical.mutex_try_enter
                0x200000c0       0x46 CMakeFiles/pico.dir/D_/test/clion-pico-template/pico-sdk/src/common/pico_sync/mutex.c.obj
                0x200000c0                mutex_try_enter
 *fill*         0x20000106        0x2 
 .time_critical.mutex_enter_block_until
                0x20000108       0x8c CMakeFiles/pico.dir/D_/test/clion-pico-template/pico-sdk/src/common/pico_sync/mutex.c.obj
                0x20000108                mutex_enter_block_until
 .time_critical.mutex_try_enter_block_until
                0x20000194       0x34 CMakeFiles/pico.dir/D_/test/clion-pico-template/pico-sdk/src/common/pico_sync/mutex.c.obj
                0x20000194                mutex_try_enter_block_until
 .time_critical.mutex_exit
                0x200001c8       0x4c CMakeFiles/pico.dir/D_/test/clion-pico-template/pico-sdk/src/common/pico_sync/mutex.c.obj
                0x200001c8                mutex_exit
 *(.text*)
 .text          0x20000214        0x4 d:/armgnu~1/gcc-ar~1.10-/gcc-ar~1.10/bin/../lib/gcc/arm-none-eabi/10.3.1/thumb/v6-m/nofp\libgcc.a(_dvmd_tls.o)
                0x20000214                __aeabi_idiv0
                0x20000214                __aeabi_ldiv0
 .text.__stub   0x20000218       0x20 linker stubs
                0x20000238                . = ALIGN (0x4)
 *(.rodata*)
                0x20000238                . = ALIGN (0x4)
 *(.data*)
 .data.striped_spin_lock_num
                0x20000238        0x1 CMakeFiles/pico.dir/D_/test/clion-pico-template/pico-sdk/src/rp2_common/hardware_sync/sync.c.obj
 *fill*         0x20000239        0x3 
 .data          0x2000023c       0x48 CMakeFiles/pico.dir/D_/test/clion-pico-template/pico-sdk/src/rp2_common/hardware_irq/irq_handler_chain.S.obj
                0x2000023c                irq_handler_chain_slots
                0x2000026c                irq_handler_chain_first_slot
                0x20000276                irq_handler_chain_remove_tail
 .data.default_alarm_pool
                0x20000284       0x18 CMakeFiles/pico.dir/D_/test/clion-pico-template/pico-sdk/src/common/pico_time/time.c.obj
 .data.default_alarm_pool_heap
                0x2000029c       0x10 CMakeFiles/pico.dir/D_/test/clion-pico-template/pico-sdk/src/common/pico_time/time.c.obj
 *fill*         0x200002ac        0x4 
 .data.aeabi_bits_funcs
                0x200002b0       0x10 CMakeFiles/pico.dir/D_/test/clion-pico-template/pico-sdk/src/rp2_common/pico_bit_ops/bit_ops_aeabi.S.obj
                0x200002b0                aeabi_bits_funcs
                0x200002c0                aeabi_bits_funcs_end
 .data.aeabi_mem_funcs
                0x200002c0       0x10 CMakeFiles/pico.dir/D_/test/clion-pico-template/pico-sdk/src/rp2_common/pico_mem_ops/mem_ops_aeabi.S.obj
                0x200002c0                aeabi_mem_funcs
                0x200002d0                aeabi_mem_funcs_end
                0x200002d0                . = ALIGN (0x4)
 *(.after_data.*)
                0x200002d0                . = ALIGN (0x4)
                0x200002d0                PROVIDE (__mutex_array_start = .)
 *(SORT_BY_NAME(.mutex_array.*))
 *(.mutex_array)
 .mutex_array   0x200002d0        0x8 CMakeFiles/pico.dir/D_/test/clion-pico-template/pico-sdk/src/rp2_common/pico_stdio/stdio.c.obj
                0x200002d8                PROVIDE (__mutex_array_end = .)
                0x200002d8                . = ALIGN (0x4)
                0x200002d8                PROVIDE (__preinit_array_start = .)
 *(SORT_BY_NAME(.preinit_array.*))
 .preinit_array.00001
                0x200002d8        0x4 CMakeFiles/pico.dir/D_/test/clion-pico-template/pico-sdk/src/rp2_common/pico_mem_ops/mem_ops_aeabi.S.obj
 .preinit_array.00010
                0x200002dc        0x4 CMakeFiles/pico.dir/D_/test/clion-pico-template/pico-sdk/src/rp2_common/pico_bit_ops/bit_ops_aeabi.S.obj
 .preinit_array.00020
                0x200002e0        0x4 CMakeFiles/pico.dir/D_/test/clion-pico-template/pico-sdk/src/rp2_common/pico_double/double_aeabi.S.obj
 .preinit_array.00020
                0x200002e4        0x4 CMakeFiles/pico.dir/D_/test/clion-pico-template/pico-sdk/src/rp2_common/pico_float/float_aeabi.S.obj
 *(.preinit_array)
                0x200002e8                PROVIDE (__preinit_array_end = .)
                0x200002e8                . = ALIGN (0x4)
                0x200002e8                PROVIDE (__init_array_start = .)
 *(SORT_BY_NAME(.init_array.*))
 *(.init_array)
 .init_array    0x200002e8        0x4 d:/armgnu~1/gcc-ar~1.10-/gcc-ar~1.10/bin/../lib/gcc/arm-none-eabi/10.3.1/thumb/v6-m/nofp/crtbegin.o
                0x200002ec                PROVIDE (__init_array_end = .)
                0x200002ec                . = ALIGN (0x4)
                [!provide]                PROVIDE (__fini_array_start = .)
 *(SORT_BY_NAME(.fini_array.*))
 *(.fini_array)
                [!provide]                PROVIDE (__fini_array_end = .)
 *(.jcr)
                0x200002ec                . = ALIGN (0x4)
                0x200002ec                __data_end__ = .

.igot.plt       0x200002ec        0x0 load address 0x10005464
 .igot.plt      0x200002ec        0x0 d:/armgnu~1/gcc-ar~1.10-/gcc-ar~1.10/bin/../lib/gcc/arm-none-eabi/10.3.1/thumb/v6-m/nofp/crtbegin.o

.uninitialized_data
                0x200002ec        0x0 load address 0x10005464
                0x200002ec                . = ALIGN (0x4)
 *(.uninitialized_data*)

.scratch_x      0x20040000        0x0 load address 0x10005464
                0x20040000                __scratch_x_start__ = .
 *(.scratch_x.*)
                0x20040000                . = ALIGN (0x4)
                0x20040000                __scratch_x_end__ = .
                0x10005464                __scratch_x_source__ = LOADADDR (.scratch_x)

.scratch_y      0x20041000        0x0 load address 0x10005464
                0x20041000                __scratch_y_start__ = .
 *(.scratch_y.*)
                0x20041000                . = ALIGN (0x4)
                0x20041000                __scratch_y_end__ = .
                0x10005464                __scratch_y_source__ = LOADADDR (.scratch_y)

.bss            0x200002f0      0x3c8
                0x200002f0                . = ALIGN (0x4)
                0x200002f0                __bss_start__ = .
 *(SORT_BY_ALIGNMENT(SORT_BY_NAME(.bss*)))
 .bss.default_alarm_pool_entries
                0x200002f0      0x100 CMakeFiles/pico.dir/D_/test/clion-pico-template/pico-sdk/src/common/pico_time/time.c.obj
 .bss           0x200003f0       0x1c d:/armgnu~1/gcc-ar~1.10-/gcc-ar~1.10/bin/../lib/gcc/arm-none-eabi/10.3.1/thumb/v6-m/nofp/crtbegin.o
 .bss.alarm_callbacks
                0x2000040c       0x10 CMakeFiles/pico.dir/D_/test/clion-pico-template/pico-sdk/src/rp2_common/hardware_timer/timer.c.obj
 .bss.configured_freq
                0x2000041c       0x28 CMakeFiles/pico.dir/D_/test/clion-pico-template/pico-sdk/src/rp2_common/hardware_clocks/clocks.c.obj
 .bss.default_alarm_pool_entry_ids_high
                0x20000444       0x10 CMakeFiles/pico.dir/D_/test/clion-pico-template/pico-sdk/src/common/pico_time/time.c.obj
 .bss.default_alarm_pool_heap_nodes
                0x20000454       0x30 CMakeFiles/pico.dir/D_/test/clion-pico-template/pico-sdk/src/common/pico_time/time.c.obj
 .bss.drivers   0x20000484        0x4 CMakeFiles/pico.dir/D_/test/clion-pico-template/pico-sdk/src/rp2_common/pico_stdio/stdio.c.obj
 .bss.filter    0x20000488        0x4 CMakeFiles/pico.dir/D_/test/clion-pico-template/pico-sdk/src/rp2_common/pico_stdio/stdio.c.obj
 .bss.pools     0x2000048c       0x10 CMakeFiles/pico.dir/D_/test/clion-pico-template/pico-sdk/src/common/pico_time/time.c.obj
 .bss.sd_table  0x2000049c      0x100 CMakeFiles/pico.dir/D_/test/clion-pico-template/pico-sdk/src/rp2_common/pico_double/double_init_rom.c.obj
                0x2000049c                sd_table
 .bss.sf_clz_func
                0x2000059c        0x4 CMakeFiles/pico.dir/D_/test/clion-pico-template/pico-sdk/src/rp2_common/pico_double/double_init_rom.c.obj
                0x2000059c                sf_clz_func
 .bss.sf_table  0x200005a0      0x100 CMakeFiles/pico.dir/D_/test/clion-pico-template/pico-sdk/src/rp2_common/pico_float/float_init_rom.c.obj
                0x200005a0                sf_table
 .bss.sleep_notifier
                0x200006a0        0x4 CMakeFiles/pico.dir/D_/test/clion-pico-template/pico-sdk/src/common/pico_time/time.c.obj
 .bss.target_hi
                0x200006a4       0x10 CMakeFiles/pico.dir/D_/test/clion-pico-template/pico-sdk/src/rp2_common/hardware_timer/timer.c.obj
 .bss.claimed   0x200006b4        0x1 CMakeFiles/pico.dir/D_/test/clion-pico-template/pico-sdk/src/rp2_common/hardware_timer/timer.c.obj
 .bss.irq_hander_chain_free_slot_head
                0x200006b5        0x1 CMakeFiles/pico.dir/D_/test/clion-pico-template/pico-sdk/src/rp2_common/hardware_irq/irq.c.obj
 .bss.timer_callbacks_pending
                0x200006b6        0x1 CMakeFiles/pico.dir/D_/test/clion-pico-template/pico-sdk/src/rp2_common/hardware_timer/timer.c.obj
 *(COMMON)
                0x200006b8                . = ALIGN (0x4)
 *fill*         0x200006b7        0x1 
                0x200006b8                __bss_end__ = .

.heap           0x200006b8      0x800
                0x200006b8                __end__ = .
                0x200006b8                end = __end__
 *(.heap*)
 .heap          0x200006b8      0x800 CMakeFiles/pico.dir/D_/test/clion-pico-template/pico-sdk/src/rp2_common/pico_standard_link/crt0.S.obj
                0x20000eb8                __HeapLimit = .

.stack1_dummy   0x20040000        0x0
 *(.stack1*)

.stack_dummy    0x20041000      0x800
 *(.stack*)
 .stack         0x20041000      0x800 CMakeFiles/pico.dir/D_/test/clion-pico-template/pico-sdk/src/rp2_common/pico_standard_link/crt0.S.obj

.flash_end      0x10005464        0x0
                0x10005464                __flash_binary_end = .
                0x20040000                __StackLimit = (ORIGIN (RAM) + LENGTH (RAM))
                0x20041000                __StackOneTop = (ORIGIN (SCRATCH_X) + LENGTH (SCRATCH_X))
                0x20042000                __StackTop = (ORIGIN (SCRATCH_Y) + LENGTH (SCRATCH_Y))
                0x20041000                __StackOneBottom = (__StackOneTop - SIZEOF (.stack1_dummy))
                0x20041800                __StackBottom = (__StackTop - SIZEOF (.stack_dummy))
                0x20042000                PROVIDE (__stack = __StackTop)
                0x00000001                ASSERT ((__StackLimit >= __HeapLimit), region RAM overflowed)
                0x00000001                ASSERT (((__binary_info_header_end - __logical_binary_start) <= 0x100), Binary info must be in first 256 bytes of the binary)
LOAD CMakeFiles/pico.dir/main.c.obj
LOAD CMakeFiles/pico.dir/D_/test/clion-pico-template/pico-sdk/src/rp2_common/pico_stdlib/stdlib.c.obj
LOAD CMakeFiles/pico.dir/D_/test/clion-pico-template/pico-sdk/src/rp2_common/hardware_gpio/gpio.c.obj
LOAD CMakeFiles/pico.dir/D_/test/clion-pico-template/pico-sdk/src/rp2_common/pico_platform/platform.c.obj
LOAD CMakeFiles/pico.dir/D_/test/clion-pico-template/pico-sdk/src/rp2_common/hardware_claim/claim.c.obj
LOAD CMakeFiles/pico.dir/D_/test/clion-pico-template/pico-sdk/src/rp2_common/hardware_sync/sync.c.obj
LOAD CMakeFiles/pico.dir/D_/test/clion-pico-template/pico-sdk/src/rp2_common/hardware_irq/irq.c.obj
LOAD CMakeFiles/pico.dir/D_/test/clion-pico-template/pico-sdk/src/rp2_common/hardware_irq/irq_handler_chain.S.obj
LOAD CMakeFiles/pico.dir/D_/test/clion-pico-template/pico-sdk/src/common/pico_sync/sem.c.obj
LOAD CMakeFiles/pico.dir/D_/test/clion-pico-template/pico-sdk/src/common/pico_sync/lock_core.c.obj
LOAD CMakeFiles/pico.dir/D_/test/clion-pico-template/pico-sdk/src/common/pico_sync/mutex.c.obj
LOAD CMakeFiles/pico.dir/D_/test/clion-pico-template/pico-sdk/src/common/pico_sync/critical_section.c.obj
LOAD CMakeFiles/pico.dir/D_/test/clion-pico-template/pico-sdk/src/common/pico_time/time.c.obj
LOAD CMakeFiles/pico.dir/D_/test/clion-pico-template/pico-sdk/src/common/pico_time/timeout_helper.c.obj
LOAD CMakeFiles/pico.dir/D_/test/clion-pico-template/pico-sdk/src/rp2_common/hardware_timer/timer.c.obj
LOAD CMakeFiles/pico.dir/D_/test/clion-pico-template/pico-sdk/src/common/pico_util/datetime.c.obj
LOAD CMakeFiles/pico.dir/D_/test/clion-pico-template/pico-sdk/src/common/pico_util/pheap.c.obj
LOAD CMakeFiles/pico.dir/D_/test/clion-pico-template/pico-sdk/src/common/pico_util/queue.c.obj
LOAD CMakeFiles/pico.dir/D_/test/clion-pico-template/pico-sdk/src/rp2_common/hardware_uart/uart.c.obj
LOAD CMakeFiles/pico.dir/D_/test/clion-pico-template/pico-sdk/src/rp2_common/hardware_clocks/clocks.c.obj
LOAD CMakeFiles/pico.dir/D_/test/clion-pico-template/pico-sdk/src/rp2_common/hardware_pll/pll.c.obj
LOAD CMakeFiles/pico.dir/D_/test/clion-pico-template/pico-sdk/src/rp2_common/hardware_vreg/vreg.c.obj
LOAD CMakeFiles/pico.dir/D_/test/clion-pico-template/pico-sdk/src/rp2_common/hardware_watchdog/watchdog.c.obj
LOAD CMakeFiles/pico.dir/D_/test/clion-pico-template/pico-sdk/src/rp2_common/hardware_xosc/xosc.c.obj
LOAD CMakeFiles/pico.dir/D_/test/clion-pico-template/pico-sdk/src/rp2_common/hardware_divider/divider.S.obj
LOAD CMakeFiles/pico.dir/D_/test/clion-pico-template/pico-sdk/src/rp2_common/pico_runtime/runtime.c.obj
LOAD CMakeFiles/pico.dir/D_/test/clion-pico-template/pico-sdk/src/rp2_common/pico_printf/printf.c.obj
LOAD CMakeFiles/pico.dir/D_/test/clion-pico-template/pico-sdk/src/rp2_common/pico_bit_ops/bit_ops_aeabi.S.obj
LOAD CMakeFiles/pico.dir/D_/test/clion-pico-template/pico-sdk/src/rp2_common/pico_bootrom/bootrom.c.obj
LOAD CMakeFiles/pico.dir/D_/test/clion-pico-template/pico-sdk/src/rp2_common/pico_divider/divider.S.obj
LOAD CMakeFiles/pico.dir/D_/test/clion-pico-template/pico-sdk/src/rp2_common/pico_double/double_aeabi.S.obj
LOAD CMakeFiles/pico.dir/D_/test/clion-pico-template/pico-sdk/src/rp2_common/pico_double/double_init_rom.c.obj
LOAD CMakeFiles/pico.dir/D_/test/clion-pico-template/pico-sdk/src/rp2_common/pico_double/double_math.c.obj
LOAD CMakeFiles/pico.dir/D_/test/clion-pico-template/pico-sdk/src/rp2_common/pico_double/double_v1_rom_shim.S.obj
LOAD CMakeFiles/pico.dir/D_/test/clion-pico-template/pico-sdk/src/rp2_common/pico_int64_ops/pico_int64_ops_aeabi.S.obj
LOAD CMakeFiles/pico.dir/D_/test/clion-pico-template/pico-sdk/src/rp2_common/pico_float/float_aeabi.S.obj
LOAD CMakeFiles/pico.dir/D_/test/clion-pico-template/pico-sdk/src/rp2_common/pico_float/float_init_rom.c.obj
LOAD CMakeFiles/pico.dir/D_/test/clion-pico-template/pico-sdk/src/rp2_common/pico_float/float_math.c.obj
LOAD CMakeFiles/pico.dir/D_/test/clion-pico-template/pico-sdk/src/rp2_common/pico_float/float_v1_rom_shim.S.obj
LOAD CMakeFiles/pico.dir/D_/test/clion-pico-template/pico-sdk/src/rp2_common/pico_malloc/pico_malloc.c.obj
LOAD CMakeFiles/pico.dir/D_/test/clion-pico-template/pico-sdk/src/rp2_common/pico_mem_ops/mem_ops_aeabi.S.obj
LOAD CMakeFiles/pico.dir/D_/test/clion-pico-template/pico-sdk/src/rp2_common/pico_standard_link/crt0.S.obj
LOAD CMakeFiles/pico.dir/D_/test/clion-pico-template/pico-sdk/src/rp2_common/pico_standard_link/new_delete.cpp.obj
LOAD CMakeFiles/pico.dir/D_/test/clion-pico-template/pico-sdk/src/rp2_common/pico_standard_link/binary_info.c.obj
LOAD CMakeFiles/pico.dir/D_/test/clion-pico-template/pico-sdk/src/rp2_common/pico_stdio/stdio.c.obj
LOAD CMakeFiles/pico.dir/D_/test/clion-pico-template/pico-sdk/src/rp2_common/pico_stdio_uart/stdio_uart.c.obj
LOAD C:\Users\fuzhi\AppData\Local\Temp\ccwuiwBe.o
LOAD d:/armgnu~1/gcc-ar~1.10-/gcc-ar~1.10/bin/../lib/gcc/arm-none-eabi/10.3.1/../../../../arm-none-eabi/lib/thumb/v6-m/nofp\libstdc++.a
LOAD d:/armgnu~1/gcc-ar~1.10-/gcc-ar~1.10/bin/../lib/gcc/arm-none-eabi/10.3.1/../../../../arm-none-eabi/lib/thumb/v6-m/nofp\libm.a
START GROUP
LOAD d:/armgnu~1/gcc-ar~1.10-/gcc-ar~1.10/bin/../lib/gcc/arm-none-eabi/10.3.1/thumb/v6-m/nofp\libgcc.a
LOAD d:/armgnu~1/gcc-ar~1.10-/gcc-ar~1.10/bin/../lib/gcc/arm-none-eabi/10.3.1/../../../../arm-none-eabi/lib/thumb/v6-m/nofp\libg.a
LOAD d:/armgnu~1/gcc-ar~1.10-/gcc-ar~1.10/bin/../lib/gcc/arm-none-eabi/10.3.1/../../../../arm-none-eabi/lib/thumb/v6-m/nofp\libc.a
END GROUP
START GROUP
LOAD d:/armgnu~1/gcc-ar~1.10-/gcc-ar~1.10/bin/../lib/gcc/arm-none-eabi/10.3.1/thumb/v6-m/nofp\libgcc.a
LOAD d:/armgnu~1/gcc-ar~1.10-/gcc-ar~1.10/bin/../lib/gcc/arm-none-eabi/10.3.1/../../../../arm-none-eabi/lib/thumb/v6-m/nofp\libc.a
LOAD d:/armgnu~1/gcc-ar~1.10-/gcc-ar~1.10/bin/../lib/gcc/arm-none-eabi/10.3.1/../../../../arm-none-eabi/lib/thumb/v6-m/nofp\libnosys.a
END GROUP
LOAD d:/armgnu~1/gcc-ar~1.10-/gcc-ar~1.10/bin/../lib/gcc/arm-none-eabi/10.3.1/thumb/v6-m/nofp/crtend.o
LOAD d:/armgnu~1/gcc-ar~1.10-/gcc-ar~1.10/bin/../lib/gcc/arm-none-eabi/10.3.1/thumb/v6-m/nofp/crtn.o
OUTPUT(pico.elf elf32-littlearm)
LOAD linker stubs

.ARM.attributes
                0x00000000       0x28
 .ARM.attributes
                0x00000000       0x1e d:/armgnu~1/gcc-ar~1.10-/gcc-ar~1.10/bin/../lib/gcc/arm-none-eabi/10.3.1/thumb/v6-m/nofp/crti.o
 .ARM.attributes
                0x0000001e       0x2c d:/armgnu~1/gcc-ar~1.10-/gcc-ar~1.10/bin/../lib/gcc/arm-none-eabi/10.3.1/thumb/v6-m/nofp/crtbegin.o
 .ARM.attributes
                0x0000004a       0x2c CMakeFiles/pico.dir/main.c.obj
 .ARM.attributes
                0x00000076       0x2c CMakeFiles/pico.dir/D_/test/clion-pico-template/pico-sdk/src/rp2_common/hardware_gpio/gpio.c.obj
 .ARM.attributes
                0x000000a2       0x2c CMakeFiles/pico.dir/D_/test/clion-pico-template/pico-sdk/src/rp2_common/pico_platform/platform.c.obj
 .ARM.attributes
                0x000000ce       0x2c CMakeFiles/pico.dir/D_/test/clion-pico-template/pico-sdk/src/rp2_common/hardware_claim/claim.c.obj
 .ARM.attributes
                0x000000fa       0x2c CMakeFiles/pico.dir/D_/test/clion-pico-template/pico-sdk/src/rp2_common/hardware_sync/sync.c.obj
 .ARM.attributes
                0x00000126       0x2c CMakeFiles/pico.dir/D_/test/clion-pico-template/pico-sdk/src/rp2_common/hardware_irq/irq.c.obj
 .ARM.attributes
                0x00000152       0x22 CMakeFiles/pico.dir/D_/test/clion-pico-template/pico-sdk/src/rp2_common/hardware_irq/irq_handler_chain.S.obj
 .ARM.attributes
                0x00000174       0x2c CMakeFiles/pico.dir/D_/test/clion-pico-template/pico-sdk/src/common/pico_sync/lock_core.c.obj
 .ARM.attributes
                0x000001a0       0x2c CMakeFiles/pico.dir/D_/test/clion-pico-template/pico-sdk/src/common/pico_sync/mutex.c.obj
 .ARM.attributes
                0x000001cc       0x2c CMakeFiles/pico.dir/D_/test/clion-pico-template/pico-sdk/src/common/pico_time/time.c.obj
 .ARM.attributes
                0x000001f8       0x2c CMakeFiles/pico.dir/D_/test/clion-pico-template/pico-sdk/src/rp2_common/hardware_timer/timer.c.obj
 .ARM.attributes
                0x00000224       0x2c CMakeFiles/pico.dir/D_/test/clion-pico-template/pico-sdk/src/common/pico_util/pheap.c.obj
 .ARM.attributes
                0x00000250       0x2c CMakeFiles/pico.dir/D_/test/clion-pico-template/pico-sdk/src/rp2_common/hardware_clocks/clocks.c.obj
 .ARM.attributes
                0x0000027c       0x2c CMakeFiles/pico.dir/D_/test/clion-pico-template/pico-sdk/src/rp2_common/hardware_pll/pll.c.obj
 .ARM.attributes
                0x000002a8       0x2c CMakeFiles/pico.dir/D_/test/clion-pico-template/pico-sdk/src/rp2_common/hardware_watchdog/watchdog.c.obj
 .ARM.attributes
                0x000002d4       0x2c CMakeFiles/pico.dir/D_/test/clion-pico-template/pico-sdk/src/rp2_common/hardware_xosc/xosc.c.obj
 .ARM.attributes
                0x00000300       0x2c CMakeFiles/pico.dir/D_/test/clion-pico-template/pico-sdk/src/rp2_common/pico_runtime/runtime.c.obj
 .ARM.attributes
                0x0000032c       0x2c CMakeFiles/pico.dir/D_/test/clion-pico-template/pico-sdk/src/rp2_common/pico_printf/printf.c.obj
 .ARM.attributes
                0x00000358       0x22 CMakeFiles/pico.dir/D_/test/clion-pico-template/pico-sdk/src/rp2_common/pico_bit_ops/bit_ops_aeabi.S.obj
 .ARM.attributes
                0x0000037a       0x2c CMakeFiles/pico.dir/D_/test/clion-pico-template/pico-sdk/src/rp2_common/pico_bootrom/bootrom.c.obj
 .ARM.attributes
                0x000003a6       0x22 CMakeFiles/pico.dir/D_/test/clion-pico-template/pico-sdk/src/rp2_common/pico_divider/divider.S.obj
 .ARM.attributes
                0x000003c8       0x22 CMakeFiles/pico.dir/D_/test/clion-pico-template/pico-sdk/src/rp2_common/pico_double/double_aeabi.S.obj
 .ARM.attributes
                0x000003ea       0x2c CMakeFiles/pico.dir/D_/test/clion-pico-template/pico-sdk/src/rp2_common/pico_double/double_init_rom.c.obj
 .ARM.attributes
                0x00000416       0x22 CMakeFiles/pico.dir/D_/test/clion-pico-template/pico-sdk/src/rp2_common/pico_double/double_v1_rom_shim.S.obj
 .ARM.attributes
                0x00000438       0x22 CMakeFiles/pico.dir/D_/test/clion-pico-template/pico-sdk/src/rp2_common/pico_int64_ops/pico_int64_ops_aeabi.S.obj
 .ARM.attributes
                0x0000045a       0x22 CMakeFiles/pico.dir/D_/test/clion-pico-template/pico-sdk/src/rp2_common/pico_float/float_aeabi.S.obj
 .ARM.attributes
                0x0000047c       0x2c CMakeFiles/pico.dir/D_/test/clion-pico-template/pico-sdk/src/rp2_common/pico_float/float_init_rom.c.obj
 .ARM.attributes
                0x000004a8       0x22 CMakeFiles/pico.dir/D_/test/clion-pico-template/pico-sdk/src/rp2_common/pico_float/float_v1_rom_shim.S.obj
 .ARM.attributes
                0x000004ca       0x22 CMakeFiles/pico.dir/D_/test/clion-pico-template/pico-sdk/src/rp2_common/pico_mem_ops/mem_ops_aeabi.S.obj
 .ARM.attributes
                0x000004ec       0x22 CMakeFiles/pico.dir/D_/test/clion-pico-template/pico-sdk/src/rp2_common/pico_standard_link/crt0.S.obj
 .ARM.attributes
                0x0000050e       0x2c CMakeFiles/pico.dir/D_/test/clion-pico-template/pico-sdk/src/rp2_common/pico_standard_link/binary_info.c.obj
 .ARM.attributes
                0x0000053a       0x2c CMakeFiles/pico.dir/D_/test/clion-pico-template/pico-sdk/src/rp2_common/pico_stdio/stdio.c.obj
 .ARM.attributes
                0x00000566       0x22 C:\Users\fuzhi\AppData\Local\Temp\ccwuiwBe.o
 .ARM.attributes
                0x00000588       0x1e d:/armgnu~1/gcc-ar~1.10-/gcc-ar~1.10/bin/../lib/gcc/arm-none-eabi/10.3.1/thumb/v6-m/nofp\libgcc.a(_dvmd_tls.o)
 .ARM.attributes
                0x000005a6       0x2c d:/armgnu~1/gcc-ar~1.10-/gcc-ar~1.10/bin/../lib/gcc/arm-none-eabi/10.3.1/../../../../arm-none-eabi/lib/thumb/v6-m/nofp\libg.a(lib_a-strlen-stub.o)

.comment        0x00000000       0x49
 .comment       0x00000000       0x49 CMakeFiles/pico.dir/main.c.obj
                                 0x4a (size before relaxing)
 .comment       0x00000049       0x4a CMakeFiles/pico.dir/D_/test/clion-pico-template/pico-sdk/src/rp2_common/hardware_gpio/gpio.c.obj
 .comment       0x00000049       0x4a CMakeFiles/pico.dir/D_/test/clion-pico-template/pico-sdk/src/rp2_common/pico_platform/platform.c.obj
 .comment       0x00000049       0x4a CMakeFiles/pico.dir/D_/test/clion-pico-template/pico-sdk/src/rp2_common/hardware_claim/claim.c.obj
 .comment       0x00000049       0x4a CMakeFiles/pico.dir/D_/test/clion-pico-template/pico-sdk/src/rp2_common/hardware_sync/sync.c.obj
 .comment       0x00000049       0x4a CMakeFiles/pico.dir/D_/test/clion-pico-template/pico-sdk/src/rp2_common/hardware_irq/irq.c.obj
 .comment       0x00000049       0x4a CMakeFiles/pico.dir/D_/test/clion-pico-template/pico-sdk/src/common/pico_sync/lock_core.c.obj
 .comment       0x00000049       0x4a CMakeFiles/pico.dir/D_/test/clion-pico-template/pico-sdk/src/common/pico_sync/mutex.c.obj
 .comment       0x00000049       0x4a CMakeFiles/pico.dir/D_/test/clion-pico-template/pico-sdk/src/common/pico_time/time.c.obj
 .comment       0x00000049       0x4a CMakeFiles/pico.dir/D_/test/clion-pico-template/pico-sdk/src/rp2_common/hardware_timer/timer.c.obj
 .comment       0x00000049       0x4a CMakeFiles/pico.dir/D_/test/clion-pico-template/pico-sdk/src/common/pico_util/pheap.c.obj
 .comment       0x00000049       0x4a CMakeFiles/pico.dir/D_/test/clion-pico-template/pico-sdk/src/rp2_common/hardware_clocks/clocks.c.obj
 .comment       0x00000049       0x4a CMakeFiles/pico.dir/D_/test/clion-pico-template/pico-sdk/src/rp2_common/hardware_pll/pll.c.obj
 .comment       0x00000049       0x4a CMakeFiles/pico.dir/D_/test/clion-pico-template/pico-sdk/src/rp2_common/hardware_watchdog/watchdog.c.obj
 .comment       0x00000049       0x4a CMakeFiles/pico.dir/D_/test/clion-pico-template/pico-sdk/src/rp2_common/hardware_xosc/xosc.c.obj
 .comment       0x00000049       0x4a CMakeFiles/pico.dir/D_/test/clion-pico-template/pico-sdk/src/rp2_common/pico_runtime/runtime.c.obj
 .comment       0x00000049       0x4a CMakeFiles/pico.dir/D_/test/clion-pico-template/pico-sdk/src/rp2_common/pico_printf/printf.c.obj
 .comment       0x00000049       0x4a CMakeFiles/pico.dir/D_/test/clion-pico-template/pico-sdk/src/rp2_common/pico_bootrom/bootrom.c.obj
 .comment       0x00000049       0x4a CMakeFiles/pico.dir/D_/test/clion-pico-template/pico-sdk/src/rp2_common/pico_double/double_init_rom.c.obj
 .comment       0x00000049       0x4a CMakeFiles/pico.dir/D_/test/clion-pico-template/pico-sdk/src/rp2_common/pico_float/float_init_rom.c.obj
 .comment       0x00000049       0x4a CMakeFiles/pico.dir/D_/test/clion-pico-template/pico-sdk/src/rp2_common/pico_standard_link/binary_info.c.obj
 .comment       0x00000049       0x4a CMakeFiles/pico.dir/D_/test/clion-pico-template/pico-sdk/src/rp2_common/pico_stdio/stdio.c.obj

.debug_info     0x00000000    0x13b03
 .debug_info    0x00000000      0x5e2 CMakeFiles/pico.dir/main.c.obj
 .debug_info    0x000005e2     0x16d8 CMakeFiles/pico.dir/D_/test/clion-pico-template/pico-sdk/src/rp2_common/hardware_gpio/gpio.c.obj
 .debug_info    0x00001cba      0x1e3 CMakeFiles/pico.dir/D_/test/clion-pico-template/pico-sdk/src/rp2_common/pico_platform/platform.c.obj
 .debug_info    0x00001e9d      0x6bc CMakeFiles/pico.dir/D_/test/clion-pico-template/pico-sdk/src/rp2_common/hardware_claim/claim.c.obj
 .debug_info    0x00002559      0x58e CMakeFiles/pico.dir/D_/test/clion-pico-template/pico-sdk/src/rp2_common/hardware_sync/sync.c.obj
 .debug_info    0x00002ae7     0x1c9c CMakeFiles/pico.dir/D_/test/clion-pico-template/pico-sdk/src/rp2_common/hardware_irq/irq.c.obj
 .debug_info    0x00004783      0x1a4 CMakeFiles/pico.dir/D_/test/clion-pico-template/pico-sdk/src/common/pico_sync/lock_core.c.obj
 .debug_info    0x00004927     0x20d3 CMakeFiles/pico.dir/D_/test/clion-pico-template/pico-sdk/src/common/pico_sync/mutex.c.obj
 .debug_info    0x000069fa     0x4066 CMakeFiles/pico.dir/D_/test/clion-pico-template/pico-sdk/src/common/pico_time/time.c.obj
 .debug_info    0x0000aa60     0x13ee CMakeFiles/pico.dir/D_/test/clion-pico-template/pico-sdk/src/rp2_common/hardware_timer/timer.c.obj
 .debug_info    0x0000be4e     0x123b CMakeFiles/pico.dir/D_/test/clion-pico-template/pico-sdk/src/common/pico_util/pheap.c.obj
 .debug_info    0x0000d089      0xf8d CMakeFiles/pico.dir/D_/test/clion-pico-template/pico-sdk/src/rp2_common/hardware_clocks/clocks.c.obj
 .debug_info    0x0000e016      0x51b CMakeFiles/pico.dir/D_/test/clion-pico-template/pico-sdk/src/rp2_common/hardware_pll/pll.c.obj
 .debug_info    0x0000e531      0x4ee CMakeFiles/pico.dir/D_/test/clion-pico-template/pico-sdk/src/rp2_common/hardware_watchdog/watchdog.c.obj
 .debug_info    0x0000ea1f      0x1d8 CMakeFiles/pico.dir/D_/test/clion-pico-template/pico-sdk/src/rp2_common/hardware_xosc/xosc.c.obj
 .debug_info    0x0000ebf7     0x1028 CMakeFiles/pico.dir/D_/test/clion-pico-template/pico-sdk/src/rp2_common/pico_runtime/runtime.c.obj
 .debug_info    0x0000fc1f     0x1a5f CMakeFiles/pico.dir/D_/test/clion-pico-template/pico-sdk/src/rp2_common/pico_printf/printf.c.obj
 .debug_info    0x0001167e       0x22 CMakeFiles/pico.dir/D_/test/clion-pico-template/pico-sdk/src/rp2_common/pico_bit_ops/bit_ops_aeabi.S.obj
 .debug_info    0x000116a0      0x27c CMakeFiles/pico.dir/D_/test/clion-pico-template/pico-sdk/src/rp2_common/pico_bootrom/bootrom.c.obj
 .debug_info    0x0001191c       0x22 CMakeFiles/pico.dir/D_/test/clion-pico-template/pico-sdk/src/rp2_common/pico_divider/divider.S.obj
 .debug_info    0x0001193e       0x22 CMakeFiles/pico.dir/D_/test/clion-pico-template/pico-sdk/src/rp2_common/pico_double/double_aeabi.S.obj
 .debug_info    0x00011960      0x2d1 CMakeFiles/pico.dir/D_/test/clion-pico-template/pico-sdk/src/rp2_common/pico_double/double_init_rom.c.obj
 .debug_info    0x00011c31       0x22 CMakeFiles/pico.dir/D_/test/clion-pico-template/pico-sdk/src/rp2_common/pico_double/double_v1_rom_shim.S.obj
 .debug_info    0x00011c53       0x26 CMakeFiles/pico.dir/D_/test/clion-pico-template/pico-sdk/src/rp2_common/pico_int64_ops/pico_int64_ops_aeabi.S.obj
 .debug_info    0x00011c79       0x22 CMakeFiles/pico.dir/D_/test/clion-pico-template/pico-sdk/src/rp2_common/pico_float/float_aeabi.S.obj
 .debug_info    0x00011c9b      0x2eb CMakeFiles/pico.dir/D_/test/clion-pico-template/pico-sdk/src/rp2_common/pico_float/float_init_rom.c.obj
 .debug_info    0x00011f86       0x22 CMakeFiles/pico.dir/D_/test/clion-pico-template/pico-sdk/src/rp2_common/pico_float/float_v1_rom_shim.S.obj
 .debug_info    0x00011fa8       0x22 CMakeFiles/pico.dir/D_/test/clion-pico-template/pico-sdk/src/rp2_common/pico_mem_ops/mem_ops_aeabi.S.obj
 .debug_info    0x00011fca       0x22 CMakeFiles/pico.dir/D_/test/clion-pico-template/pico-sdk/src/rp2_common/pico_standard_link/crt0.S.obj
 .debug_info    0x00011fec      0x2f6 CMakeFiles/pico.dir/D_/test/clion-pico-template/pico-sdk/src/rp2_common/pico_standard_link/binary_info.c.obj
 .debug_info    0x000122e2     0x1821 CMakeFiles/pico.dir/D_/test/clion-pico-template/pico-sdk/src/rp2_common/pico_stdio/stdio.c.obj

.debug_abbrev   0x00000000     0x3ac6
 .debug_abbrev  0x00000000      0x196 CMakeFiles/pico.dir/main.c.obj
 .debug_abbrev  0x00000196      0x339 CMakeFiles/pico.dir/D_/test/clion-pico-template/pico-sdk/src/rp2_common/hardware_gpio/gpio.c.obj
 .debug_abbrev  0x000004cf       0xeb CMakeFiles/pico.dir/D_/test/clion-pico-template/pico-sdk/src/rp2_common/pico_platform/platform.c.obj
 .debug_abbrev  0x000005ba      0x2e9 CMakeFiles/pico.dir/D_/test/clion-pico-template/pico-sdk/src/rp2_common/hardware_claim/claim.c.obj
 .debug_abbrev  0x000008a3      0x21b CMakeFiles/pico.dir/D_/test/clion-pico-template/pico-sdk/src/rp2_common/hardware_sync/sync.c.obj
 .debug_abbrev  0x00000abe      0x4e7 CMakeFiles/pico.dir/D_/test/clion-pico-template/pico-sdk/src/rp2_common/hardware_irq/irq.c.obj
 .debug_abbrev  0x00000fa5      0x116 CMakeFiles/pico.dir/D_/test/clion-pico-template/pico-sdk/src/common/pico_sync/lock_core.c.obj
 .debug_abbrev  0x000010bb      0x397 CMakeFiles/pico.dir/D_/test/clion-pico-template/pico-sdk/src/common/pico_sync/mutex.c.obj
 .debug_abbrev  0x00001452      0x571 CMakeFiles/pico.dir/D_/test/clion-pico-template/pico-sdk/src/common/pico_time/time.c.obj
 .debug_abbrev  0x000019c3      0x3b8 CMakeFiles/pico.dir/D_/test/clion-pico-template/pico-sdk/src/rp2_common/hardware_timer/timer.c.obj
 .debug_abbrev  0x00001d7b      0x297 CMakeFiles/pico.dir/D_/test/clion-pico-template/pico-sdk/src/common/pico_util/pheap.c.obj
 .debug_abbrev  0x00002012      0x3a5 CMakeFiles/pico.dir/D_/test/clion-pico-template/pico-sdk/src/rp2_common/hardware_clocks/clocks.c.obj
 .debug_abbrev  0x000023b7      0x1ea CMakeFiles/pico.dir/D_/test/clion-pico-template/pico-sdk/src/rp2_common/hardware_pll/pll.c.obj
 .debug_abbrev  0x000025a1      0x1a8 CMakeFiles/pico.dir/D_/test/clion-pico-template/pico-sdk/src/rp2_common/hardware_watchdog/watchdog.c.obj
 .debug_abbrev  0x00002749      0x109 CMakeFiles/pico.dir/D_/test/clion-pico-template/pico-sdk/src/rp2_common/hardware_xosc/xosc.c.obj
 .debug_abbrev  0x00002852      0x4ba CMakeFiles/pico.dir/D_/test/clion-pico-template/pico-sdk/src/rp2_common/pico_runtime/runtime.c.obj
 .debug_abbrev  0x00002d0c      0x384 CMakeFiles/pico.dir/D_/test/clion-pico-template/pico-sdk/src/rp2_common/pico_printf/printf.c.obj
 .debug_abbrev  0x00003090       0x12 CMakeFiles/pico.dir/D_/test/clion-pico-template/pico-sdk/src/rp2_common/pico_bit_ops/bit_ops_aeabi.S.obj
 .debug_abbrev  0x000030a2      0x13b CMakeFiles/pico.dir/D_/test/clion-pico-template/pico-sdk/src/rp2_common/pico_bootrom/bootrom.c.obj
 .debug_abbrev  0x000031dd       0x12 CMakeFiles/pico.dir/D_/test/clion-pico-template/pico-sdk/src/rp2_common/pico_divider/divider.S.obj
 .debug_abbrev  0x000031ef       0x12 CMakeFiles/pico.dir/D_/test/clion-pico-template/pico-sdk/src/rp2_common/pico_double/double_aeabi.S.obj
 .debug_abbrev  0x00003201      0x179 CMakeFiles/pico.dir/D_/test/clion-pico-template/pico-sdk/src/rp2_common/pico_double/double_init_rom.c.obj
 .debug_abbrev  0x0000337a       0x12 CMakeFiles/pico.dir/D_/test/clion-pico-template/pico-sdk/src/rp2_common/pico_double/double_v1_rom_shim.S.obj
 .debug_abbrev  0x0000338c       0x14 CMakeFiles/pico.dir/D_/test/clion-pico-template/pico-sdk/src/rp2_common/pico_int64_ops/pico_int64_ops_aeabi.S.obj
 .debug_abbrev  0x000033a0       0x12 CMakeFiles/pico.dir/D_/test/clion-pico-template/pico-sdk/src/rp2_common/pico_float/float_aeabi.S.obj
 .debug_abbrev  0x000033b2      0x18c CMakeFiles/pico.dir/D_/test/clion-pico-template/pico-sdk/src/rp2_common/pico_float/float_init_rom.c.obj
 .debug_abbrev  0x0000353e       0x12 CMakeFiles/pico.dir/D_/test/clion-pico-template/pico-sdk/src/rp2_common/pico_float/float_v1_rom_shim.S.obj
 .debug_abbrev  0x00003550       0x12 CMakeFiles/pico.dir/D_/test/clion-pico-template/pico-sdk/src/rp2_common/pico_mem_ops/mem_ops_aeabi.S.obj
 .debug_abbrev  0x00003562       0x12 CMakeFiles/pico.dir/D_/test/clion-pico-template/pico-sdk/src/rp2_common/pico_standard_link/crt0.S.obj
 .debug_abbrev  0x00003574       0xad CMakeFiles/pico.dir/D_/test/clion-pico-template/pico-sdk/src/rp2_common/pico_standard_link/binary_info.c.obj
 .debug_abbrev  0x00003621      0x4a5 CMakeFiles/pico.dir/D_/test/clion-pico-template/pico-sdk/src/rp2_common/pico_stdio/stdio.c.obj

.debug_loc      0x00000000     0xda81
 .debug_loc     0x00000000      0x114 CMakeFiles/pico.dir/main.c.obj
 .debug_loc     0x00000114     0x118d CMakeFiles/pico.dir/D_/test/clion-pico-template/pico-sdk/src/rp2_common/hardware_gpio/gpio.c.obj
 .debug_loc     0x000012a1       0xe9 CMakeFiles/pico.dir/D_/test/clion-pico-template/pico-sdk/src/rp2_common/pico_platform/platform.c.obj
 .debug_loc     0x0000138a      0x45f CMakeFiles/pico.dir/D_/test/clion-pico-template/pico-sdk/src/rp2_common/hardware_claim/claim.c.obj
 .debug_loc     0x000017e9      0x233 CMakeFiles/pico.dir/D_/test/clion-pico-template/pico-sdk/src/rp2_common/hardware_sync/sync.c.obj
 .debug_loc     0x00001a1c     0x13f5 CMakeFiles/pico.dir/D_/test/clion-pico-template/pico-sdk/src/rp2_common/hardware_irq/irq.c.obj
 .debug_loc     0x00002e11       0x60 CMakeFiles/pico.dir/D_/test/clion-pico-template/pico-sdk/src/common/pico_sync/lock_core.c.obj
 .debug_loc     0x00002e71     0x152e CMakeFiles/pico.dir/D_/test/clion-pico-template/pico-sdk/src/common/pico_sync/mutex.c.obj
 .debug_loc     0x0000439f     0x31cb CMakeFiles/pico.dir/D_/test/clion-pico-template/pico-sdk/src/common/pico_time/time.c.obj
 .debug_loc     0x0000756a      0xacb CMakeFiles/pico.dir/D_/test/clion-pico-template/pico-sdk/src/rp2_common/hardware_timer/timer.c.obj
 .debug_loc     0x00008035     0x1446 CMakeFiles/pico.dir/D_/test/clion-pico-template/pico-sdk/src/common/pico_util/pheap.c.obj
 .debug_loc     0x0000947b      0x81d CMakeFiles/pico.dir/D_/test/clion-pico-template/pico-sdk/src/rp2_common/hardware_clocks/clocks.c.obj
 .debug_loc     0x00009c98      0x2f3 CMakeFiles/pico.dir/D_/test/clion-pico-template/pico-sdk/src/rp2_common/hardware_pll/pll.c.obj
 .debug_loc     0x00009f8b      0x2ec CMakeFiles/pico.dir/D_/test/clion-pico-template/pico-sdk/src/rp2_common/hardware_watchdog/watchdog.c.obj
 .debug_loc     0x0000a277       0x71 CMakeFiles/pico.dir/D_/test/clion-pico-template/pico-sdk/src/rp2_common/hardware_xosc/xosc.c.obj
 .debug_loc     0x0000a2e8      0x674 CMakeFiles/pico.dir/D_/test/clion-pico-template/pico-sdk/src/rp2_common/pico_runtime/runtime.c.obj
 .debug_loc     0x0000a95c     0x2095 CMakeFiles/pico.dir/D_/test/clion-pico-template/pico-sdk/src/rp2_common/pico_printf/printf.c.obj
 .debug_loc     0x0000c9f1      0x1a1 CMakeFiles/pico.dir/D_/test/clion-pico-template/pico-sdk/src/rp2_common/pico_bootrom/bootrom.c.obj
 .debug_loc     0x0000cb92       0x59 CMakeFiles/pico.dir/D_/test/clion-pico-template/pico-sdk/src/rp2_common/pico_double/double_init_rom.c.obj
 .debug_loc     0x0000cbeb       0x73 CMakeFiles/pico.dir/D_/test/clion-pico-template/pico-sdk/src/rp2_common/pico_float/float_init_rom.c.obj
 .debug_loc     0x0000cc5e      0xe23 CMakeFiles/pico.dir/D_/test/clion-pico-template/pico-sdk/src/rp2_common/pico_stdio/stdio.c.obj

.debug_aranges  0x00000000      0xdb8
 .debug_aranges
                0x00000000       0x20 CMakeFiles/pico.dir/main.c.obj
 .debug_aranges
                0x00000020      0x100 CMakeFiles/pico.dir/D_/test/clion-pico-template/pico-sdk/src/rp2_common/hardware_gpio/gpio.c.obj
 .debug_aranges
                0x00000120       0x28 CMakeFiles/pico.dir/D_/test/clion-pico-template/pico-sdk/src/rp2_common/pico_platform/platform.c.obj
 .debug_aranges
                0x00000148       0x48 CMakeFiles/pico.dir/D_/test/clion-pico-template/pico-sdk/src/rp2_common/hardware_claim/claim.c.obj
 .debug_aranges
                0x00000190       0x58 CMakeFiles/pico.dir/D_/test/clion-pico-template/pico-sdk/src/rp2_common/hardware_sync/sync.c.obj
 .debug_aranges
                0x000001e8       0xc8 CMakeFiles/pico.dir/D_/test/clion-pico-template/pico-sdk/src/rp2_common/hardware_irq/irq.c.obj
 .debug_aranges
                0x000002b0       0x20 CMakeFiles/pico.dir/D_/test/clion-pico-template/pico-sdk/src/common/pico_sync/lock_core.c.obj
 .debug_aranges
                0x000002d0       0x90 CMakeFiles/pico.dir/D_/test/clion-pico-template/pico-sdk/src/common/pico_sync/mutex.c.obj
 .debug_aranges
                0x00000360       0xe8 CMakeFiles/pico.dir/D_/test/clion-pico-template/pico-sdk/src/common/pico_time/time.c.obj
 .debug_aranges
                0x00000448       0x88 CMakeFiles/pico.dir/D_/test/clion-pico-template/pico-sdk/src/rp2_common/hardware_timer/timer.c.obj
 .debug_aranges
                0x000004d0       0x78 CMakeFiles/pico.dir/D_/test/clion-pico-template/pico-sdk/src/common/pico_util/pheap.c.obj
 .debug_aranges
                0x00000548       0x70 CMakeFiles/pico.dir/D_/test/clion-pico-template/pico-sdk/src/rp2_common/hardware_clocks/clocks.c.obj
 .debug_aranges
                0x000005b8       0x28 CMakeFiles/pico.dir/D_/test/clion-pico-template/pico-sdk/src/rp2_common/hardware_pll/pll.c.obj
 .debug_aranges
                0x000005e0       0x58 CMakeFiles/pico.dir/D_/test/clion-pico-template/pico-sdk/src/rp2_common/hardware_watchdog/watchdog.c.obj
 .debug_aranges
                0x00000638       0x30 CMakeFiles/pico.dir/D_/test/clion-pico-template/pico-sdk/src/rp2_common/hardware_xosc/xosc.c.obj
 .debug_aranges
                0x00000668       0x88 CMakeFiles/pico.dir/D_/test/clion-pico-template/pico-sdk/src/rp2_common/pico_runtime/runtime.c.obj
 .debug_aranges
                0x000006f0       0x90 CMakeFiles/pico.dir/D_/test/clion-pico-template/pico-sdk/src/rp2_common/pico_printf/printf.c.obj
 .debug_aranges
                0x00000780       0x68 CMakeFiles/pico.dir/D_/test/clion-pico-template/pico-sdk/src/rp2_common/pico_bit_ops/bit_ops_aeabi.S.obj
 .debug_aranges
                0x000007e8       0x30 CMakeFiles/pico.dir/D_/test/clion-pico-template/pico-sdk/src/rp2_common/pico_bootrom/bootrom.c.obj
 .debug_aranges
                0x00000818       0x40 CMakeFiles/pico.dir/D_/test/clion-pico-template/pico-sdk/src/rp2_common/pico_divider/divider.S.obj
 .debug_aranges
                0x00000858      0x140 CMakeFiles/pico.dir/D_/test/clion-pico-template/pico-sdk/src/rp2_common/pico_double/double_aeabi.S.obj
 .debug_aranges
                0x00000998       0x20 CMakeFiles/pico.dir/D_/test/clion-pico-template/pico-sdk/src/rp2_common/pico_double/double_init_rom.c.obj
 .debug_aranges
                0x000009b8       0xc8 CMakeFiles/pico.dir/D_/test/clion-pico-template/pico-sdk/src/rp2_common/pico_double/double_v1_rom_shim.S.obj
 .debug_aranges
                0x00000a80       0x20 CMakeFiles/pico.dir/D_/test/clion-pico-template/pico-sdk/src/rp2_common/pico_int64_ops/pico_int64_ops_aeabi.S.obj
 .debug_aranges
                0x00000aa0      0x130 CMakeFiles/pico.dir/D_/test/clion-pico-template/pico-sdk/src/rp2_common/pico_float/float_aeabi.S.obj
 .debug_aranges
                0x00000bd0       0x20 CMakeFiles/pico.dir/D_/test/clion-pico-template/pico-sdk/src/rp2_common/pico_float/float_init_rom.c.obj
 .debug_aranges
                0x00000bf0       0x50 CMakeFiles/pico.dir/D_/test/clion-pico-template/pico-sdk/src/rp2_common/pico_float/float_v1_rom_shim.S.obj
 .debug_aranges
                0x00000c40       0x38 CMakeFiles/pico.dir/D_/test/clion-pico-template/pico-sdk/src/rp2_common/pico_mem_ops/mem_ops_aeabi.S.obj
 .debug_aranges
                0x00000c78       0x28 CMakeFiles/pico.dir/D_/test/clion-pico-template/pico-sdk/src/rp2_common/pico_standard_link/crt0.S.obj
 .debug_aranges
                0x00000ca0       0x18 CMakeFiles/pico.dir/D_/test/clion-pico-template/pico-sdk/src/rp2_common/pico_standard_link/binary_info.c.obj
 .debug_aranges
                0x00000cb8      0x100 CMakeFiles/pico.dir/D_/test/clion-pico-template/pico-sdk/src/rp2_common/pico_stdio/stdio.c.obj

.debug_ranges   0x00000000     0x2f80
 .debug_ranges  0x00000000       0x10 CMakeFiles/pico.dir/main.c.obj
 .debug_ranges  0x00000010      0x150 CMakeFiles/pico.dir/D_/test/clion-pico-template/pico-sdk/src/rp2_common/hardware_gpio/gpio.c.obj
 .debug_ranges  0x00000160       0x18 CMakeFiles/pico.dir/D_/test/clion-pico-template/pico-sdk/src/rp2_common/pico_platform/platform.c.obj
 .debug_ranges  0x00000178       0xd8 CMakeFiles/pico.dir/D_/test/clion-pico-template/pico-sdk/src/rp2_common/hardware_claim/claim.c.obj
 .debug_ranges  0x00000250       0xf0 CMakeFiles/pico.dir/D_/test/clion-pico-template/pico-sdk/src/rp2_common/hardware_sync/sync.c.obj
 .debug_ranges  0x00000340      0x400 CMakeFiles/pico.dir/D_/test/clion-pico-template/pico-sdk/src/rp2_common/hardware_irq/irq.c.obj
 .debug_ranges  0x00000740       0x10 CMakeFiles/pico.dir/D_/test/clion-pico-template/pico-sdk/src/common/pico_sync/lock_core.c.obj
 .debug_ranges  0x00000750      0xac0 CMakeFiles/pico.dir/D_/test/clion-pico-template/pico-sdk/src/common/pico_sync/mutex.c.obj
 .debug_ranges  0x00001210      0xcb8 CMakeFiles/pico.dir/D_/test/clion-pico-template/pico-sdk/src/common/pico_time/time.c.obj
 .debug_ranges  0x00001ec8      0x3d0 CMakeFiles/pico.dir/D_/test/clion-pico-template/pico-sdk/src/rp2_common/hardware_timer/timer.c.obj
 .debug_ranges  0x00002298      0x248 CMakeFiles/pico.dir/D_/test/clion-pico-template/pico-sdk/src/common/pico_util/pheap.c.obj
 .debug_ranges  0x000024e0       0x60 CMakeFiles/pico.dir/D_/test/clion-pico-template/pico-sdk/src/rp2_common/hardware_clocks/clocks.c.obj
 .debug_ranges  0x00002540       0x30 CMakeFiles/pico.dir/D_/test/clion-pico-template/pico-sdk/src/rp2_common/hardware_pll/pll.c.obj
 .debug_ranges  0x00002570       0x48 CMakeFiles/pico.dir/D_/test/clion-pico-template/pico-sdk/src/rp2_common/hardware_watchdog/watchdog.c.obj
 .debug_ranges  0x000025b8       0x20 CMakeFiles/pico.dir/D_/test/clion-pico-template/pico-sdk/src/rp2_common/hardware_xosc/xosc.c.obj
 .debug_ranges  0x000025d8      0x168 CMakeFiles/pico.dir/D_/test/clion-pico-template/pico-sdk/src/rp2_common/pico_runtime/runtime.c.obj
 .debug_ranges  0x00002740      0x108 CMakeFiles/pico.dir/D_/test/clion-pico-template/pico-sdk/src/rp2_common/pico_printf/printf.c.obj
 .debug_ranges  0x00002848       0x60 CMakeFiles/pico.dir/D_/test/clion-pico-template/pico-sdk/src/rp2_common/pico_bit_ops/bit_ops_aeabi.S.obj
 .debug_ranges  0x000028a8       0x38 CMakeFiles/pico.dir/D_/test/clion-pico-template/pico-sdk/src/rp2_common/pico_bootrom/bootrom.c.obj
 .debug_ranges  0x000028e0       0x38 CMakeFiles/pico.dir/D_/test/clion-pico-template/pico-sdk/src/rp2_common/pico_divider/divider.S.obj
 .debug_ranges  0x00002918      0x138 CMakeFiles/pico.dir/D_/test/clion-pico-template/pico-sdk/src/rp2_common/pico_double/double_aeabi.S.obj
 .debug_ranges  0x00002a50       0x30 CMakeFiles/pico.dir/D_/test/clion-pico-template/pico-sdk/src/rp2_common/pico_double/double_init_rom.c.obj
 .debug_ranges  0x00002a80       0xc0 CMakeFiles/pico.dir/D_/test/clion-pico-template/pico-sdk/src/rp2_common/pico_double/double_v1_rom_shim.S.obj
 .debug_ranges  0x00002b40      0x128 CMakeFiles/pico.dir/D_/test/clion-pico-template/pico-sdk/src/rp2_common/pico_float/float_aeabi.S.obj
 .debug_ranges  0x00002c68       0x28 CMakeFiles/pico.dir/D_/test/clion-pico-template/pico-sdk/src/rp2_common/pico_float/float_init_rom.c.obj
 .debug_ranges  0x00002c90       0x48 CMakeFiles/pico.dir/D_/test/clion-pico-template/pico-sdk/src/rp2_common/pico_float/float_v1_rom_shim.S.obj
 .debug_ranges  0x00002cd8       0x30 CMakeFiles/pico.dir/D_/test/clion-pico-template/pico-sdk/src/rp2_common/pico_mem_ops/mem_ops_aeabi.S.obj
 .debug_ranges  0x00002d08       0x20 CMakeFiles/pico.dir/D_/test/clion-pico-template/pico-sdk/src/rp2_common/pico_standard_link/crt0.S.obj
 .debug_ranges  0x00002d28      0x258 CMakeFiles/pico.dir/D_/test/clion-pico-template/pico-sdk/src/rp2_common/pico_stdio/stdio.c.obj

.debug_line     0x00000000     0xd544
 .debug_line    0x00000000      0x3ac CMakeFiles/pico.dir/main.c.obj
 .debug_line    0x000003ac      0xcd0 CMakeFiles/pico.dir/D_/test/clion-pico-template/pico-sdk/src/rp2_common/hardware_gpio/gpio.c.obj
 .debug_line    0x0000107c      0x294 CMakeFiles/pico.dir/D_/test/clion-pico-template/pico-sdk/src/rp2_common/pico_platform/platform.c.obj
 .debug_line    0x00001310      0x48f CMakeFiles/pico.dir/D_/test/clion-pico-template/pico-sdk/src/rp2_common/hardware_claim/claim.c.obj
 .debug_line    0x0000179f      0x48b CMakeFiles/pico.dir/D_/test/clion-pico-template/pico-sdk/src/rp2_common/hardware_sync/sync.c.obj
 .debug_line    0x00001c2a     0x1090 CMakeFiles/pico.dir/D_/test/clion-pico-template/pico-sdk/src/rp2_common/hardware_irq/irq.c.obj
 .debug_line    0x00002cba      0x23e CMakeFiles/pico.dir/D_/test/clion-pico-template/pico-sdk/src/common/pico_sync/lock_core.c.obj
 .debug_line    0x00002ef8     0x10e9 CMakeFiles/pico.dir/D_/test/clion-pico-template/pico-sdk/src/common/pico_sync/mutex.c.obj
 .debug_line    0x00003fe1     0x1bf8 CMakeFiles/pico.dir/D_/test/clion-pico-template/pico-sdk/src/common/pico_time/time.c.obj
 .debug_line    0x00005bd9      0xc59 CMakeFiles/pico.dir/D_/test/clion-pico-template/pico-sdk/src/rp2_common/hardware_timer/timer.c.obj
 .debug_line    0x00006832      0x8b8 CMakeFiles/pico.dir/D_/test/clion-pico-template/pico-sdk/src/common/pico_util/pheap.c.obj
 .debug_line    0x000070ea      0xa0a CMakeFiles/pico.dir/D_/test/clion-pico-template/pico-sdk/src/rp2_common/hardware_clocks/clocks.c.obj