Archive member included to satisfy reference by file (symbol)

d:/armgnu~1/gcc-ar~1.10-/gcc-ar~1.10/bin/../lib/gcc/arm-none-eabi/10.3.1/thumb/v6-m/nofp\libgcc.a(_dvmd_tls.o)
                              CMakeFiles/pico.dir/D_/test/clion-pico-template/pico-sdk/src/rp2_common/pico_divider/divider.S.obj (__aeabi_idiv0)
d:/armgnu~1/gcc-ar~1.10-/gcc-ar~1.10/bin/../lib/gcc/arm-none-eabi/10.3.1/../../../../arm-none-eabi/lib/thumb/v6-m/nofp\libg.a(lib_a-calloc.o)
                              CMakeFiles/pico.dir/D_/test/clion-pico-template/pico-sdk/src/rp2_common/pico_malloc/pico_malloc.c.obj (calloc)
d:/armgnu~1/gcc-ar~1.10-/gcc-ar~1.10/bin/../lib/gcc/arm-none-eabi/10.3.1/../../../../arm-none-eabi/lib/thumb/v6-m/nofp\libg.a(lib_a-callocr.o)
                              d:/armgnu~1/gcc-ar~1.10-/gcc-ar~1.10/bin/../lib/gcc/arm-none-eabi/10.3.1/../../../../arm-none-eabi/lib/thumb/v6-m/nofp\libg.a(lib_a-calloc.o) (_calloc_r)
d:/armgnu~1/gcc-ar~1.10-/gcc-ar~1.10/bin/../lib/gcc/arm-none-eabi/10.3.1/../../../../arm-none-eabi/lib/thumb/v6-m/nofp\libg.a(lib_a-errno.o)
                              d:/armgnu~1/gcc-ar~1.10-/gcc-ar~1.10/bin/../lib/gcc/arm-none-eabi/10.3.1/../../../../arm-none-eabi/lib/thumb/v6-m/nofp\libg.a(lib_a-callocr.o) (__errno)
d:/armgnu~1/gcc-ar~1.10-/gcc-ar~1.10/bin/../lib/gcc/arm-none-eabi/10.3.1/../../../../arm-none-eabi/lib/thumb/v6-m/nofp\libg.a(lib_a-impure.o)
                              d:/armgnu~1/gcc-ar~1.10-/gcc-ar~1.10/bin/../lib/gcc/arm-none-eabi/10.3.1/../../../../arm-none-eabi/lib/thumb/v6-m/nofp\libg.a(lib_a-calloc.o) (_impure_ptr)
d:/armgnu~1/gcc-ar~1.10-/gcc-ar~1.10/bin/../lib/gcc/arm-none-eabi/10.3.1/../../../../arm-none-eabi/lib/thumb/v6-m/nofp\libg.a(lib_a-init.o)
                              d:/armgnu~1/gcc-ar~1.10-/gcc-ar~1.10/bin/../lib/gcc/arm-none-eabi/10.3.1/../../../../arm-none-eabi/lib/thumb/v6-m/nofp/crt0.o (__libc_init_array)
d:/armgnu~1/gcc-ar~1.10-/gcc-ar~1.10/bin/../lib/gcc/arm-none-eabi/10.3.1/../../../../arm-none-eabi/lib/thumb/v6-m/nofp\libg.a(lib_a-malloc.o)
                              CMakeFiles/pico.dir/D_/test/clion-pico-template/pico-sdk/src/rp2_common/pico_malloc/pico_malloc.c.obj (malloc)
d:/armgnu~1/gcc-ar~1.10-/gcc-ar~1.10/bin/../lib/gcc/arm-none-eabi/10.3.1/../../../../arm-none-eabi/lib/thumb/v6-m/nofp\libg.a(lib_a-mallocr.o)
                              d:/armgnu~1/gcc-ar~1.10-/gcc-ar~1.10/bin/../lib/gcc/arm-none-eabi/10.3.1/../../../../arm-none-eabi/lib/thumb/v6-m/nofp\libg.a(lib_a-callocr.o) (_malloc_r)
d:/armgnu~1/gcc-ar~1.10-/gcc-ar~1.10/bin/../lib/gcc/arm-none-eabi/10.3.1/../../../../arm-none-eabi/lib/thumb/v6-m/nofp\libg.a(lib_a-mlock.o)
                              d:/armgnu~1/gcc-ar~1.10-/gcc-ar~1.10/bin/../lib/gcc/arm-none-eabi/10.3.1/../../../../arm-none-eabi/lib/thumb/v6-m/nofp\libg.a(lib_a-mallocr.o) (__malloc_lock)
d:/armgnu~1/gcc-ar~1.10-/gcc-ar~1.10/bin/../lib/gcc/arm-none-eabi/10.3.1/../../../../arm-none-eabi/lib/thumb/v6-m/nofp\libg.a(lib_a-realloc.o)
                              CMakeFiles/pico.dir/D_/test/clion-pico-template/pico-sdk/src/rp2_common/pico_malloc/pico_malloc.c.obj (realloc)
d:/armgnu~1/gcc-ar~1.10-/gcc-ar~1.10/bin/../lib/gcc/arm-none-eabi/10.3.1/../../../../arm-none-eabi/lib/thumb/v6-m/nofp\libg.a(lib_a-reallocr.o)
                              d:/armgnu~1/gcc-ar~1.10-/gcc-ar~1.10/bin/../lib/gcc/arm-none-eabi/10.3.1/../../../../arm-none-eabi/lib/thumb/v6-m/nofp\libg.a(lib_a-realloc.o) (_realloc_r)
d:/armgnu~1/gcc-ar~1.10-/gcc-ar~1.10/bin/../lib/gcc/arm-none-eabi/10.3.1/../../../../arm-none-eabi/lib/thumb/v6-m/nofp\libg.a(lib_a-sbrkr.o)
                              d:/armgnu~1/gcc-ar~1.10-/gcc-ar~1.10/bin/../lib/gcc/arm-none-eabi/10.3.1/../../../../arm-none-eabi/lib/thumb/v6-m/nofp\libg.a(lib_a-mallocr.o) (_sbrk_r)
d:/armgnu~1/gcc-ar~1.10-/gcc-ar~1.10/bin/../lib/gcc/arm-none-eabi/10.3.1/../../../../arm-none-eabi/lib/thumb/v6-m/nofp\libg.a(lib_a-strlen-stub.o)
                              CMakeFiles/pico.dir/D_/test/clion-pico-template/pico-sdk/src/rp2_common/pico_stdio/stdio.c.obj (strlen)
d:/armgnu~1/gcc-ar~1.10-/gcc-ar~1.10/bin/../lib/gcc/arm-none-eabi/10.3.1/../../../../arm-none-eabi/lib/thumb/v6-m/nofp\libg.a(lib_a-freer.o)
                              d:/armgnu~1/gcc-ar~1.10-/gcc-ar~1.10/bin/../lib/gcc/arm-none-eabi/10.3.1/../../../../arm-none-eabi/lib/thumb/v6-m/nofp\libg.a(lib_a-malloc.o) (_free_r)
d:/armgnu~1/gcc-ar~1.10-/gcc-ar~1.10/bin/../lib/gcc/arm-none-eabi/10.3.1/../../../../arm-none-eabi/lib/thumb/v6-m/nofp\libg.a(lib_a-lock.o)
                              d:/armgnu~1/gcc-ar~1.10-/gcc-ar~1.10/bin/../lib/gcc/arm-none-eabi/10.3.1/../../../../arm-none-eabi/lib/thumb/v6-m/nofp\libg.a(lib_a-mlock.o) (__retarget_lock_acquire_recursive)
d:/armgnu~1/gcc-ar~1.10-/gcc-ar~1.10/bin/../lib/gcc/arm-none-eabi/10.3.1/../../../../arm-none-eabi/lib/thumb/v6-m/nofp\libg.a(lib_a-memmove.o)
[...]
Memory Configuration

Name             Origin             Length             Attributes
FLASH            0x10000000         0x00200000         xr
RAM              0x20000000         0x00040000         xrw
SCRATCH_X        0x20040000         0x00001000         xrw
SCRATCH_Y        0x20041000         0x00001000         xrw
*default*        0x00000000         0xffffffff

Linker script and memory map

LOAD d:/armgnu~1/gcc-ar~1.10-/gcc-ar~1.10/bin/../lib/gcc/arm-none-eabi/10.3.1/thumb/v6-m/nofp/crti.o
LOAD d:/armgnu~1/gcc-ar~1.10-/gcc-ar~1.10/bin/../lib/gcc/arm-none-eabi/10.3.1/thumb/v6-m/nofp/crtbegin.o
LOAD d:/armgnu~1/gcc-ar~1.10-/gcc-ar~1.10/bin/../lib/gcc/arm-none-eabi/10.3.1/../../../../arm-none-eabi/lib/thumb/v6-m/nofp/crt0.o

.flash_begin    0x10000000        0x0
                0x10000000                __flash_binary_start = .

.boot2          0x10000000      0x100
                0x10000000                __boot2_start__ = .
 *(.boot2)
 .boot2         0x10000000      0x100 C:\Users\fuzhi\AppData\Local\Temp\cceiDaGM.o
                0x10000100                __boot2_end__ = .
                0x00000001                ASSERT (((__boot2_end__ - __boot2_start__) == 0x100), ERROR: Pico second stage bootloader must be 256 bytes in size)

.text           0x10000100     0x6e10
                0x10000100                __logical_binary_start = .
 *(.vectors)
 .vectors       0x10000100       0xd4 CMakeFiles/pico.dir/D_/test/clion-pico-template/pico-sdk/src/rp2_common/pico_standard_link/crt0.S.obj
                0x10000100                __VECTOR_TABLE
                0x10000100                __vectors
                0x100001c0                isr_invalid
                0x100001c0                __default_isrs_start
                0x100001c2                isr_nmi
                0x100001c4                isr_hardfault
                0x100001c6                isr_svcall
                0x100001c8                isr_pendsv
                0x100001ca                isr_systick
                0x100001cc                isr_irq23
                0x100001cc                isr_irq18
                0x100001cc                isr_irq11
                0x100001cc                isr_irq28
                0x100001cc                isr_irq19
                0x100001cc                isr_irq0
                0x100001cc                isr_irq6
                0x100001cc                isr_irq5
                0x100001cc                isr_irq12
                0x100001cc                isr_irq22
                0x100001cc                isr_irq31
                0x100001cc                isr_irq17
                0x100001cc                isr_irq27
                0x100001cc                isr_irq30
                0x100001cc                isr_irq2
                0x100001cc                isr_irq10
                0x100001cc                isr_irq8
                0x100001cc                isr_irq24
                0x100001cc                isr_irq1
                0x100001cc                isr_irq7
                0x100001cc                isr_irq21
                0x100001cc                isr_irq20
                0x100001cc                isr_irq15
                0x100001cc                isr_irq25
                0x100001cc                isr_irq13
                0x100001cc                __unhandled_user_irq
                0x100001cc                isr_irq4
                0x100001cc                isr_irq16
                0x100001cc                isr_irq29
                0x100001cc                isr_irq26
                0x100001cc                __default_isrs_end
                0x100001cc                isr_irq3
                0x100001cc                isr_irq14
                0x100001cc                isr_irq9
                0x100001d2                unhandled_user_irq_num_in_r0
 *(.binary_info_header)
 .binary_info_header
                0x100001d4       0x14 CMakeFiles/pico.dir/D_/test/clion-pico-template/pico-sdk/src/rp2_common/pico_standard_link/crt0.S.obj
                0x100001e8                __binary_info_header_end = .
 *(.reset)
 .reset         0x100001e8       0xa0 CMakeFiles/pico.dir/D_/test/clion-pico-template/pico-sdk/src/rp2_common/pico_standard_link/crt0.S.obj
                0x100001e8                _entry_point
 .reset         0x10000288       0x30 CMakeFiles/pico.dir/D_/test/clion-pico-template/pico-sdk/src/rp2_common/pico_standard_link/binary_info.c.obj
 *(.init)
 .init          0x100002b8        0x4 d:/armgnu~1/gcc-ar~1.10-/gcc-ar~1.10/bin/../lib/gcc/arm-none-eabi/10.3.1/thumb/v6-m/nofp/crti.o
                0x100002b8                _init
 *(EXCLUDE_FILE(*libm.a: *libc.a:*lib_a-mem*.o *libgcc.a:) .text*)
 .text          0x100002bc       0x48 d:/armgnu~1/gcc-ar~1.10-/gcc-ar~1.10/bin/../lib/gcc/arm-none-eabi/10.3.1/thumb/v6-m/nofp/crtbegin.o
 .text.measure_freqs
                0x10000304       0xb8 CMakeFiles/pico.dir/main.c.obj
                0x10000304                measure_freqs
 .text.main     0x100003bc       0x98 CMakeFiles/pico.dir/main.c.obj
                0x100003bc                main
 .text.gpio_set_function
                0x10000454       0x30 CMakeFiles/pico.dir/D_/test/clion-pico-template/pico-sdk/src/rp2_common/hardware_gpio/gpio.c.obj
                0x10000454                gpio_set_function
 .text.gpio_init
                0x10000484       0x16 CMakeFiles/pico.dir/D_/test/clion-pico-template/pico-sdk/src/rp2_common/hardware_gpio/gpio.c.obj
                0x10000484                gpio_init
 *fill*         0x1000049a        0x2 
 .text.running_on_fpga
                0x1000049c       0x14 CMakeFiles/pico.dir/D_/test/clion-pico-template/pico-sdk/src/rp2_common/pico_platform/platform.c.obj
                0x1000049c                running_on_fpga
 .text.hw_claim_lock
                0x100004b0       0x18 CMakeFiles/pico.dir/D_/test/clion-pico-template/pico-sdk/src/rp2_common/hardware_claim/claim.c.obj
                0x100004b0                hw_claim_lock
 .text.hw_claim_unlock
                0x100004c8       0x14 CMakeFiles/pico.dir/D_/test/clion-pico-template/pico-sdk/src/rp2_common/hardware_claim/claim.c.obj
                0x100004c8                hw_claim_unlock
 .text.hw_claim_or_assert
                0x100004dc       0x32 CMakeFiles/pico.dir/D_/test/clion-pico-template/pico-sdk/src/rp2_common/hardware_claim/claim.c.obj
                0x100004dc                hw_claim_or_assert
 .text.hw_claim_unused_from_range
                0x1000050e       0x50 CMakeFiles/pico.dir/D_/test/clion-pico-template/pico-sdk/src/rp2_common/hardware_claim/claim.c.obj
                0x1000050e                hw_claim_unused_from_range
 *fill*         0x1000055e        0x2 
 .text.spin_locks_reset
                0x10000560       0x20 CMakeFiles/pico.dir/D_/test/clion-pico-template/pico-sdk/src/rp2_common/hardware_sync/sync.c.obj
                0x10000560                spin_locks_reset
 .text.next_striped_spin_lock_num
                0x10000580       0x1c CMakeFiles/pico.dir/D_/test/clion-pico-template/pico-sdk/src/rp2_common/hardware_sync/sync.c.obj
                0x10000580                next_striped_spin_lock_num
 .text.spin_lock_claim_unused
                0x1000059c       0x20 CMakeFiles/pico.dir/D_/test/clion-pico-template/pico-sdk/src/rp2_common/hardware_sync/sync.c.obj
                0x1000059c                spin_lock_claim_unused
 .text.set_raw_irq_handler_and_unlock
                0x100005bc       0x28 CMakeFiles/pico.dir/D_/test/clion-pico-template/pico-sdk/src/rp2_common/hardware_irq/irq.c.obj
 .text.make_branch
                0x100005e4       0x48 CMakeFiles/pico.dir/D_/test/clion-pico-template/pico-sdk/src/rp2_common/hardware_irq/irq.c.obj
 .text.insert_branch_and_link
                0x1000062c       0x40 CMakeFiles/pico.dir/D_/test/clion-pico-template/pico-sdk/src/rp2_common/hardware_irq/irq.c.obj
 .text.irq_is_enabled
                0x1000066c       0x18 CMakeFiles/pico.dir/D_/test/clion-pico-template/pico-sdk/src/rp2_common/hardware_irq/irq.c.obj
                0x1000066c                irq_is_enabled
 .text.irq_set_mask_enabled
                0x10000684       0x20 CMakeFiles/pico.dir/D_/test/clion-pico-template/pico-sdk/src/rp2_common/hardware_irq/irq.c.obj
                0x10000684                irq_set_mask_enabled
 .text.irq_set_enabled
                0x100006a4        0xe CMakeFiles/pico.dir/D_/test/clion-pico-template/pico-sdk/src/rp2_common/hardware_irq/irq.c.obj
                0x100006a4                irq_set_enabled
 *fill*         0x100006b2        0x2 
 .text.irq_set_pending
                0x100006b4       0x10 CMakeFiles/pico.dir/D_/test/clion-pico-template/pico-sdk/src/rp2_common/hardware_irq/irq.c.obj
                0x100006b4                irq_set_pending
 .text.irq_get_vtable_handler
                0x100006c4       0x10 CMakeFiles/pico.dir/D_/test/clion-pico-template/pico-sdk/src/rp2_common/hardware_irq/irq.c.obj
                0x100006c4                irq_get_vtable_handler
 .text.irq_has_shared_handler
                0x100006d4       0x24 CMakeFiles/pico.dir/D_/test/clion-pico-template/pico-sdk/src/rp2_common/hardware_irq/irq.c.obj
                0x100006d4                irq_has_shared_handler
 .text.irq_set_exclusive_handler
                0x100006f8       0x54 CMakeFiles/pico.dir/D_/test/clion-pico-template/pico-sdk/src/rp2_common/hardware_irq/irq.c.obj
                0x100006f8                irq_set_exclusive_handler
 .text.irq_add_shared_handler
                0x1000074c      0x234 CMakeFiles/pico.dir/D_/test/clion-pico-template/pico-sdk/src/rp2_common/hardware_irq/irq.c.obj
                0x1000074c                irq_add_shared_handler
 .text.irq_remove_handler
                0x10000980      0x1ac CMakeFiles/pico.dir/D_/test/clion-pico-template/pico-sdk/src/rp2_common/hardware_irq/irq.c.obj
                0x10000980                irq_remove_handler
 .text.irq_add_tail_to_free_list
                0x10000b2c       0xf0 CMakeFiles/pico.dir/D_/test/clion-pico-template/pico-sdk/src/rp2_common/hardware_irq/irq.c.obj
                0x10000b2c                irq_add_tail_to_free_list
 .text.irq_init_priorities
                0x10000c1c       0x1c CMakeFiles/pico.dir/D_/test/clion-pico-template/pico-sdk/src/rp2_common/hardware_irq/irq.c.obj
                0x10000c1c                irq_init_priorities
 .text.user_irq_claim_unused
                0x10000c38       0x28 CMakeFiles/pico.dir/D_/test/clion-pico-template/pico-sdk/src/rp2_common/hardware_irq/irq.c.obj
                0x10000c38                user_irq_claim_unused
 .text.lock_init
                0x10000c60       0x10 CMakeFiles/pico.dir/D_/test/clion-pico-template/pico-sdk/src/common/pico_sync/lock_core.c.obj
                0x10000c60                lock_init
 .text.mutex_init
                0x10000c70       0x1a CMakeFiles/pico.dir/D_/test/clion-pico-template/pico-sdk/src/common/pico_sync/mutex.c.obj
                0x10000c70                mutex_init
 .text.recursive_mutex_init
                0x10000c8a       0x1e CMakeFiles/pico.dir/D_/test/clion-pico-template/pico-sdk/src/common/pico_sync/mutex.c.obj
                0x10000c8a                recursive_mutex_init
 .text.critical_section_init_with_lock_num
                0x10000ca8       0x14 CMakeFiles/pico.dir/D_/test/clion-pico-template/pico-sdk/src/common/pico_sync/critical_section.c.obj
                0x10000ca8                critical_section_init_with_lock_num
 .text.critical_section_init
                0x10000cbc       0x14 CMakeFiles/pico.dir/D_/test/clion-pico-template/pico-sdk/src/common/pico_sync/critical_section.c.obj
                0x10000cbc                critical_section_init
 .text.alarm_pool_post_alloc_init
                0x10000cd0       0x40 CMakeFiles/pico.dir/D_/test/clion-pico-template/pico-sdk/src/common/pico_time/time.c.obj
 .text.sleep_until_callback
                0x10000d10       0x30 CMakeFiles/pico.dir/D_/test/clion-pico-template/pico-sdk/src/common/pico_time/time.c.obj
 .text.timer_pool_entry_comparator
                0x10000d40       0x7c CMakeFiles/pico.dir/D_/test/clion-pico-template/pico-sdk/src/common/pico_time/time.c.obj
                0x10000d40                timer_pool_entry_comparator
 .text.ph_add_child_node
                0x10000dbc       0xa4 CMakeFiles/pico.dir/D_/test/clion-pico-template/pico-sdk/src/common/pico_time/time.c.obj
 .text.ph_merge_nodes
                0x10000e60       0x3e CMakeFiles/pico.dir/D_/test/clion-pico-template/pico-sdk/src/common/pico_time/time.c.obj
 *fill*         0x10000e9e        0x2 
 .text.add_alarm_under_lock
                0x10000ea0      0x174 CMakeFiles/pico.dir/D_/test/clion-pico-template/pico-sdk/src/common/pico_time/time.c.obj
 .text.alarm_pool_alarm_callback
                0x10001014      0x33c CMakeFiles/pico.dir/D_/test/clion-pico-template/pico-sdk/src/common/pico_time/time.c.obj
 .text.alarm_pool_init_default
                0x10001350       0x40 CMakeFiles/pico.dir/D_/test/clion-pico-template/pico-sdk/src/common/pico_time/time.c.obj
                0x10001350                alarm_pool_init_default
 .text.alarm_pool_get_default
                0x10001390       0x2c CMakeFiles/pico.dir/D_/test/clion-pico-template/pico-sdk/src/common/pico_time/time.c.obj
                0x10001390                alarm_pool_get_default
 .text.alarm_pool_add_alarm_at
                0x100013bc      0x168 CMakeFiles/pico.dir/D_/test/clion-pico-template/pico-sdk/src/common/pico_time/time.c.obj
                0x100013bc                alarm_pool_add_alarm_at
 .text.alarm_pool_cancel_alarm
                0x10001524       0xf0 CMakeFiles/pico.dir/D_/test/clion-pico-template/pico-sdk/src/common/pico_time/time.c.obj
                0x10001524                alarm_pool_cancel_alarm
 .text.alarm_pool_core_num
                0x10001614        0x4 CMakeFiles/pico.dir/D_/test/clion-pico-template/pico-sdk/src/common/pico_time/time.c.obj
                0x10001614                alarm_pool_core_num
 .text.sleep_until
                0x10001618       0xfc CMakeFiles/pico.dir/D_/test/clion-pico-template/pico-sdk/src/common/pico_time/time.c.obj
                0x10001618                sleep_until
 .text.sleep_us
                0x10001714       0x58 CMakeFiles/pico.dir/D_/test/clion-pico-template/pico-sdk/src/common/pico_time/time.c.obj
                0x10001714                sleep_us
 .text.sleep_ms
                0x1000176c       0x14 CMakeFiles/pico.dir/D_/test/clion-pico-template/pico-sdk/src/common/pico_time/time.c.obj
                0x1000176c                sleep_ms
 .text.best_effort_wfe_or_timeout
                0x10001780       0xac CMakeFiles/pico.dir/D_/test/clion-pico-template/pico-sdk/src/common/pico_time/time.c.obj
                0x10001780                best_effort_wfe_or_timeout
 .text.hardware_alarm_irq_handler
                0x1000182c       0x90 CMakeFiles/pico.dir/D_/test/clion-pico-template/pico-sdk/src/rp2_common/hardware_timer/timer.c.obj
 .text.hardware_alarm_claim
                0x100018bc       0x18 CMakeFiles/pico.dir/D_/test/clion-pico-template/pico-sdk/src/rp2_common/hardware_timer/timer.c.obj
                0x100018bc                hardware_alarm_claim
 .text.time_us_64
                0x100018d4       0x18 CMakeFiles/pico.dir/D_/test/clion-pico-template/pico-sdk/src/rp2_common/hardware_timer/timer.c.obj
                0x100018d4                time_us_64
 .text.busy_wait_until
                0x100018ec       0x28 CMakeFiles/pico.dir/D_/test/clion-pico-template/pico-sdk/src/rp2_common/hardware_timer/timer.c.obj
                0x100018ec                busy_wait_until
 .text.hardware_alarm_set_callback
                0x10001914       0x90 CMakeFiles/pico.dir/D_/test/clion-pico-template/pico-sdk/src/rp2_common/hardware_timer/timer.c.obj
                0x10001914                hardware_alarm_set_callback
 .text.hardware_alarm_set_target
                0x100019a4       0xe8 CMakeFiles/pico.dir/D_/test/clion-pico-template/pico-sdk/src/rp2_common/hardware_timer/timer.c.obj
                0x100019a4                hardware_alarm_set_target
 .text.hardware_alarm_cancel
                0x10001a8c       0x40 CMakeFiles/pico.dir/D_/test/clion-pico-template/pico-sdk/src/rp2_common/hardware_timer/timer.c.obj
                0x10001a8c                hardware_alarm_cancel
 .text.ph_add_child_node
                0x10001acc       0xa4 CMakeFiles/pico.dir/D_/test/clion-pico-template/pico-sdk/src/common/pico_util/pheap.c.obj
 .text.ph_merge_nodes
                0x10001b70       0x3e CMakeFiles/pico.dir/D_/test/clion-pico-template/pico-sdk/src/common/pico_util/pheap.c.obj
 *fill*         0x10001bae        0x2 
 .text.ph_clear
                0x10001bb0       0x70 CMakeFiles/pico.dir/D_/test/clion-pico-template/pico-sdk/src/common/pico_util/pheap.c.obj
                0x10001bb0                ph_clear
 .text.ph_post_alloc_init
                0x10001c20        0xe CMakeFiles/pico.dir/D_/test/clion-pico-template/pico-sdk/src/common/pico_util/pheap.c.obj
                0x10001c20                ph_post_alloc_init
 *fill*         0x10001c2e        0x2 
 .text.ph_merge_two_pass
                0x10001c30       0xa8 CMakeFiles/pico.dir/D_/test/clion-pico-template/pico-sdk/src/common/pico_util/pheap.c.obj
                0x10001c30                ph_merge_two_pass
 .text.ph_remove_any_head
                0x10001cd8      0x128 CMakeFiles/pico.dir/D_/test/clion-pico-template/pico-sdk/src/common/pico_util/pheap.c.obj
 .text.ph_remove_head
                0x10001e00       0x14 CMakeFiles/pico.dir/D_/test/clion-pico-template/pico-sdk/src/common/pico_util/pheap.c.obj
                0x10001e00                ph_remove_head
 .text.ph_remove_and_free_node
                0x10001e14       0xf8 CMakeFiles/pico.dir/D_/test/clion-pico-template/pico-sdk/src/common/pico_util/pheap.c.obj
                0x10001e14                ph_remove_and_free_node
 .text.clock_configure
                0x10001f0c      0x104 CMakeFiles/pico.dir/D_/test/clion-pico-template/pico-sdk/src/rp2_common/hardware_clocks/clocks.c.obj
                0x10001f0c                clock_configure
 .text.clocks_init
                0x10002010      0x100 CMakeFiles/pico.dir/D_/test/clion-pico-template/pico-sdk/src/rp2_common/hardware_clocks/clocks.c.obj
                0x10002010                clocks_init
 .text.clock_get_hz
                0x10002110        0xc CMakeFiles/pico.dir/D_/test/clion-pico-template/pico-sdk/src/rp2_common/hardware_clocks/clocks.c.obj
                0x10002110                clock_get_hz
 .text.frequency_count_khz
                0x1000211c       0x40 CMakeFiles/pico.dir/D_/test/clion-pico-template/pico-sdk/src/rp2_common/hardware_clocks/clocks.c.obj
                0x1000211c                frequency_count_khz
 .text.pll_init
                0x1000215c      0x12c CMakeFiles/pico.dir/D_/test/clion-pico-template/pico-sdk/src/rp2_common/hardware_pll/pll.c.obj
                0x1000215c                pll_init
 .text.pll_deinit
                0x10002288        0x6 CMakeFiles/pico.dir/D_/test/clion-pico-template/pico-sdk/src/rp2_common/hardware_pll/pll.c.obj
                0x10002288                pll_deinit
 *fill*         0x1000228e        0x2 
 .text.watchdog_start_tick
                0x10002290       0x10 CMakeFiles/pico.dir/D_/test/clion-pico-template/pico-sdk/src/rp2_common/hardware_watchdog/watchdog.c.obj
                0x10002290                watchdog_start_tick
 .text.watchdog_update
                0x100022a0       0x14 CMakeFiles/pico.dir/D_/test/clion-pico-template/pico-sdk/src/rp2_common/hardware_watchdog/watchdog.c.obj
                0x100022a0                watchdog_update
 .text._watchdog_enable
                0x100022b4       0x78 CMakeFiles/pico.dir/D_/test/clion-pico-template/pico-sdk/src/rp2_common/hardware_watchdog/watchdog.c.obj
                0x100022b4                _watchdog_enable
 .text.watchdog_reboot
                0x1000232c       0x48 CMakeFiles/pico.dir/D_/test/clion-pico-template/pico-sdk/src/rp2_common/hardware_watchdog/watchdog.c.obj
                0x1000232c                watchdog_reboot
 .text.xosc_init
                0x10002374       0x28 CMakeFiles/pico.dir/D_/test/clion-pico-template/pico-sdk/src/rp2_common/hardware_xosc/xosc.c.obj
                0x10002374                xosc_init
 .text._exit    0x1000239c        0x4 CMakeFiles/pico.dir/D_/test/clion-pico-template/pico-sdk/src/rp2_common/pico_runtime/runtime.c.obj
                0x1000239c                _exit
 .text.exit     0x100023a0        0x6 CMakeFiles/pico.dir/D_/test/clion-pico-template/pico-sdk/src/rp2_common/pico_runtime/runtime.c.obj
                0x100023a0                exit
 *fill*         0x100023a6        0x2 
 .text.__assert_func
                0x100023a8       0x3c CMakeFiles/pico.dir/D_/test/clion-pico-template/pico-sdk/src/rp2_common/pico_runtime/runtime.c.obj
                0x100023a8                __assert_func
 .text.runtime_init
                0x100023e4       0xf8 CMakeFiles/pico.dir/D_/test/clion-pico-template/pico-sdk/src/rp2_common/pico_runtime/runtime.c.obj
                0x100023e4                runtime_init
 .text.panic    0x100024dc       0x30 CMakeFiles/pico.dir/D_/test/clion-pico-template/pico-sdk/src/rp2_common/pico_runtime/runtime.c.obj
                0x100024dc                panic
 .text._out_null
                0x1000250c        0x2 CMakeFiles/pico.dir/D_/test/clion-pico-template/pico-sdk/src/rp2_common/pico_printf/printf.c.obj
 .text._out_fct
                0x1000250e        0xe CMakeFiles/pico.dir/D_/test/clion-pico-template/pico-sdk/src/rp2_common/pico_printf/printf.c.obj
 .text._atoi    0x1000251c       0x24 CMakeFiles/pico.dir/D_/test/clion-pico-template/pico-sdk/src/rp2_common/pico_printf/printf.c.obj
 .text._out_rev
                0x10002540       0xae CMakeFiles/pico.dir/D_/test/clion-pico-template/pico-sdk/src/rp2_common/pico_printf/printf.c.obj
 .text._ntoa_format
                0x100025ee      0x112 CMakeFiles/pico.dir/D_/test/clion-pico-template/pico-sdk/src/rp2_common/pico_printf/printf.c.obj
 .text._ntoa_long
                0x10002700       0xbc CMakeFiles/pico.dir/D_/test/clion-pico-template/pico-sdk/src/rp2_common/pico_printf/printf.c.obj
 .text._ntoa_long_long
                0x100027bc       0xe2 CMakeFiles/pico.dir/D_/test/clion-pico-template/pico-sdk/src/rp2_common/pico_printf/printf.c.obj
 *fill*         0x1000289e        0x2 
 .text._etoa    0x100028a0      0x414 CMakeFiles/pico.dir/D_/test/clion-pico-template/pico-sdk/src/rp2_common/pico_printf/printf.c.obj
 .text._ftoa    0x10002cb4      0x354 CMakeFiles/pico.dir/D_/test/clion-pico-template/pico-sdk/src/rp2_common/pico_printf/printf.c.obj
 .text._vsnprintf
                0x10003008      0x624 CMakeFiles/pico.dir/D_/test/clion-pico-template/pico-sdk/src/rp2_common/pico_printf/printf.c.obj
 .text.vfctprintf
                0x1000362c       0x20 CMakeFiles/pico.dir/D_/test/clion-pico-template/pico-sdk/src/rp2_common/pico_printf/printf.c.obj
                0x1000362c                vfctprintf
 .text          0x1000364c       0x10 CMakeFiles/pico.dir/D_/test/clion-pico-template/pico-sdk/src/rp2_common/pico_bit_ops/bit_ops_aeabi.S.obj
 .text.rom_func_lookup
                0x1000365c       0x10 CMakeFiles/pico.dir/D_/test/clion-pico-template/pico-sdk/src/rp2_common/pico_bootrom/bootrom.c.obj
                0x1000365c                rom_func_lookup
 .text.rom_data_lookup
                0x1000366c       0x10 CMakeFiles/pico.dir/D_/test/clion-pico-template/pico-sdk/src/rp2_common/pico_bootrom/bootrom.c.obj
                0x1000366c                rom_data_lookup
 .text.rom_funcs_lookup
                0x1000367c       0x36 CMakeFiles/pico.dir/D_/test/clion-pico-template/pico-sdk/src/rp2_common/pico_bootrom/bootrom.c.obj
                0x1000367c                rom_funcs_lookup
 *fill*         0x100036b2        0x2 
 .text.__wrap___aeabi_idiv
                0x100036b4       0x50 CMakeFiles/pico.dir/D_/test/clion-pico-template/pico-sdk/src/rp2_common/pico_divider/divider.S.obj
                0x100036b4                __wrap___aeabi_idivmod
                0x100036b4                divmod_s32s32
                0x100036b4                div_s32s32
                0x100036b4                __wrap___aeabi_idiv
                0x100036bc                divmod_s32s32_unsafe
                0x100036e8                divmod_s32s32_savestate
 .text.__wrap___aeabi_uidiv
                0x10003704       0x4c CMakeFiles/pico.dir/D_/test/clion-pico-template/pico-sdk/src/rp2_common/pico_divider/divider.S.obj
                0x10003704                __wrap___aeabi_uidiv
                0x10003704                __wrap___aeabi_uidivmod
                0x10003704                div_u32u32
                0x10003704                divmod_u32u32
                0x1000370c                divmod_u32u32_unsafe
                0x10003734                divmod_u32u32_savestate
 .text.__wrap___aeabi_ldiv
                0x10003750      0x424 CMakeFiles/pico.dir/D_/test/clion-pico-template/pico-sdk/src/rp2_common/pico_divider/divider.S.obj
                0x10003750                div_s64s64
                0x10003750                divmod_s64s64
                0x10003750                __wrap___aeabi_ldivmod
                0x10003780                divmod_u64u64
                0x10003780                div_u64u64
                0x10003780                __wrap___aeabi_uldivmod
                0x10003790                divmod_u64u64_savestate
                0x100037b0                divmod_s64s64_unsafe
                0x10003838                divmod_u64u64_unsafe
 .text.__wrap___aeabi_darithmetic
                0x10003b74       0x80 CMakeFiles/pico.dir/D_/test/clion-pico-template/pico-sdk/src/rp2_common/pico_double/double_aeabi.S.obj
                0x10003b74                __wrap___aeabi_drsub
                0x10003b7a                __wrap___aeabi_dsub
                0x10003b8c                __wrap___aeabi_dadd
                0x10003b9e                __wrap___aeabi_ddiv
                0x10003bda                __wrap___aeabi_dmul
 .text.__wrap___aeabi_cdcmple
                0x10003bf4       0x6c CMakeFiles/pico.dir/D_/test/clion-pico-template/pico-sdk/src/rp2_common/pico_double/double_aeabi.S.obj
                0x10003bf4                __wrap___aeabi_cdrcmple
                0x10003c04                __wrap___aeabi_cdcmpeq
                0x10003c04                __wrap___aeabi_cdcmple
 .text.__wrap___aeabi_dcmplt
                0x10003c60        0xc CMakeFiles/pico.dir/D_/test/clion-pico-template/pico-sdk/src/rp2_common/pico_double/double_aeabi.S.obj
                0x10003c60                __wrap___aeabi_dcmplt
 .text.__wrap___aeabi_dcmple
                0x10003c6c       0x10 CMakeFiles/pico.dir/D_/test/clion-pico-template/pico-sdk/src/rp2_common/pico_double/double_aeabi.S.obj
                0x10003c6c                __wrap___aeabi_dcmple
 .text.__wrap___aeabi_dcmpge
                0x10003c7c       0x10 CMakeFiles/pico.dir/D_/test/clion-pico-template/pico-sdk/src/rp2_common/pico_double/double_aeabi.S.obj
                0x10003c7c                __wrap___aeabi_dcmpge
 .text.__wrap___aeabi_dcmpgt
                0x10003c8c        0xa CMakeFiles/pico.dir/D_/test/clion-pico-template/pico-sdk/src/rp2_common/pico_double/double_aeabi.S.obj
                0x10003c8c                __wrap___aeabi_dcmpgt
 .text.__wrap___aeabi_dcmpun
                0x10003c96       0x1c CMakeFiles/pico.dir/D_/test/clion-pico-template/pico-sdk/src/rp2_common/pico_double/double_aeabi.S.obj
                0x10003c96                __wrap___aeabi_dcmpun
 *fill*         0x10003cb2        0x2 
 .text.__wrap___aeabi_i2d
                0x10003cb4       0x38 CMakeFiles/pico.dir/D_/test/clion-pico-template/pico-sdk/src/rp2_common/pico_double/double_aeabi.S.obj
                0x10003cb4                __wrap___aeabi_ui2d
                0x10003cbc                __wrap___aeabi_i2d
 .text.__wrap___aeabi_d2iz
                0x10003cec       0x48 CMakeFiles/pico.dir/D_/test/clion-pico-template/pico-sdk/src/rp2_common/pico_double/double_aeabi.S.obj
                0x10003cec                double2int_z
                0x10003cec                __wrap___aeabi_d2iz
 .text.__wrap___aeabi_d2uiz
                0x10003d34       0x18 CMakeFiles/pico.dir/D_/test/clion-pico-template/pico-sdk/src/rp2_common/pico_double/double_aeabi.S.obj
                0x10003d34                __wrap___aeabi_d2uiz
                0x10003d34                double2uint
 .text.__aeabi_double_init
                0x10003d4c       0xc8 CMakeFiles/pico.dir/D_/test/clion-pico-template/pico-sdk/src/rp2_common/pico_double/double_init_rom.c.obj
                0x10003d4c                __aeabi_double_init
 .text.double_table_shim_on_use_helper
                0x10003e14       0x34 CMakeFiles/pico.dir/D_/test/clion-pico-template/pico-sdk/src/rp2_common/pico_double/double_v1_rom_shim.S.obj
                0x10003e14                double_table_shim_on_use_helper
 .text.__wrap___aeabi_dsub
                0x10003e48       0x10 CMakeFiles/pico.dir/D_/test/clion-pico-template/pico-sdk/src/rp2_common/pico_double/double_v1_rom_shim.S.obj
                0x10003e48                drsub_shim
                0x10003e4e                dsub_shim
 .text.dadd_shim
                0x10003e58      0x15c CMakeFiles/pico.dir/D_/test/clion-pico-template/pico-sdk/src/rp2_common/pico_double/double_v1_rom_shim.S.obj
                0x10003e58                dadd_shim
 .text.dmul_shim
                0x10003fb4      0x15c CMakeFiles/pico.dir/D_/test/clion-pico-template/pico-sdk/src/rp2_common/pico_double/double_v1_rom_shim.S.obj
                0x10003fb4                dmul_shim
 .text.ddiv_shim
                0x10004110      0x1b0 CMakeFiles/pico.dir/D_/test/clion-pico-template/pico-sdk/src/rp2_common/pico_double/double_v1_rom_shim.S.obj
                0x10004110                ddiv_shim
 .text.double2uint_shim
                0x100042c0        0xe CMakeFiles/pico.dir/D_/test/clion-pico-template/pico-sdk/src/rp2_common/pico_double/double_v1_rom_shim.S.obj
                0x100042c0                double2uint_shim
                0x100042c2                double2ufix_shim
 *fill*         0x100042ce        0x2 
 .text.double2uint64_shim
                0x100042d0       0x70 CMakeFiles/pico.dir/D_/test/clion-pico-template/pico-sdk/src/rp2_common/pico_double/double_v1_rom_shim.S.obj
                0x100042d0                double2uint64_shim
                0x100042d2                double2ufix64_shim
                0x100042f2                d2fix_a
 .text.dunpacks
                0x10004340       0x3c CMakeFiles/pico.dir/D_/test/clion-pico-template/pico-sdk/src/rp2_common/pico_double/double_v1_rom_shim.S.obj
                0x10004340                dunpacks
 .text.__aeabi_lmul
                0x1000437c       0x32 CMakeFiles/pico.dir/D_/test/clion-pico-template/pico-sdk/src/rp2_common/pico_int64_ops/pico_int64_ops_aeabi.S.obj
                0x1000437c                __wrap___aeabi_lmul
 *fill*         0x100043ae        0x2 
 .text.__aeabi_float_init
                0x100043b0       0xfc CMakeFiles/pico.dir/D_/test/clion-pico-template/pico-sdk/src/rp2_common/pico_float/float_init_rom.c.obj
                0x100043b0                __aeabi_float_init
 .text.float_table_shim_on_use_helper
                0x100044ac       0x34 CMakeFiles/pico.dir/D_/test/clion-pico-template/pico-sdk/src/rp2_common/pico_float/float_v1_rom_shim.S.obj
                0x100044ac                float_table_shim_on_use_helper
 .text          0x100044e0       0x10 CMakeFiles/pico.dir/D_/test/clion-pico-template/pico-sdk/src/rp2_common/pico_mem_ops/mem_ops_aeabi.S.obj
                0x100044e0                __aeabi_mem_init
 .text.memset   0x100044f0        0xc CMakeFiles/pico.dir/D_/test/clion-pico-template/pico-sdk/src/rp2_common/pico_mem_ops/mem_ops_aeabi.S.obj
                0x100044f0                __wrap_memset
 .text.memcpy   0x100044fc        0xc CMakeFiles/pico.dir/D_/test/clion-pico-template/pico-sdk/src/rp2_common/pico_mem_ops/mem_ops_aeabi.S.obj
                0x100044fc                __wrap_memcpy
                0x100044fc                __wrap___aeabi_memcpy
 .text.stdio_out_chars_no_crlf
                0x10004508        0xe CMakeFiles/pico.dir/D_/test/clion-pico-template/pico-sdk/src/rp2_common/pico_stdio/stdio.c.obj
 *fill*         0x10004516        0x2 
 .text.stdio_out_chars_crlf
                0x10004518       0x80 CMakeFiles/pico.dir/D_/test/clion-pico-template/pico-sdk/src/rp2_common/pico_stdio/stdio.c.obj
 .text.stdio_stack_buffer_flush
                0x10004598       0x44 CMakeFiles/pico.dir/D_/test/clion-pico-template/pico-sdk/src/rp2_common/pico_stdio/stdio.c.obj
 .text.stdio_buffered_printer
                0x100045dc       0x20 CMakeFiles/pico.dir/D_/test/clion-pico-template/pico-sdk/src/rp2_common/pico_stdio/stdio.c.obj
 .text.stdout_serialize_begin
                0x100045fc       0x5c CMakeFiles/pico.dir/D_/test/clion-pico-template/pico-sdk/src/rp2_common/pico_stdio/stdio.c.obj
                0x100045fc                stdout_serialize_begin
 .text.stdout_serialize_end
                0x10004658       0x10 CMakeFiles/pico.dir/D_/test/clion-pico-template/pico-sdk/src/rp2_common/pico_stdio/stdio.c.obj
                0x10004658                stdout_serialize_end
 .text.stdio_put_string
                0x10004668       0x98 CMakeFiles/pico.dir/D_/test/clion-pico-template/pico-sdk/src/rp2_common/pico_stdio/stdio.c.obj
 .text.stdio_set_driver_enabled
                0x10004700       0x2c CMakeFiles/pico.dir/D_/test/clion-pico-template/pico-sdk/src/rp2_common/pico_stdio/stdio.c.obj
                0x10004700                stdio_set_driver_enabled
 .text.stdio_flush
                0x1000472c       0x20 CMakeFiles/pico.dir/D_/test/clion-pico-template/pico-sdk/src/rp2_common/pico_stdio/stdio.c.obj
                0x1000472c                stdio_flush
 .text.__wrap_puts
                0x1000474c       0x1e CMakeFiles/pico.dir/D_/test/clion-pico-template/pico-sdk/src/rp2_common/pico_stdio/stdio.c.obj
                0x1000474c                __wrap_puts
 *fill*         0x1000476a        0x2 
 .text.__wrap_vprintf
                0x1000476c       0x40 CMakeFiles/pico.dir/D_/test/clion-pico-template/pico-sdk/src/rp2_common/pico_stdio/stdio.c.obj
                0x1000476c                __wrap_vprintf
 .text.__wrap_printf
                0x100047ac       0x18 CMakeFiles/pico.dir/D_/test/clion-pico-template/pico-sdk/src/rp2_common/pico_stdio/stdio.c.obj
                0x100047ac                __wrap_printf
 .text.stdio_init_all
                0x100047c4        0x8 CMakeFiles/pico.dir/D_/test/clion-pico-template/pico-sdk/src/rp2_common/pico_stdio/stdio.c.obj
                0x100047c4                stdio_init_all
 .text.resetd_init
                0x100047cc        0x2 CMakeFiles/pico.dir/D_/test/clion-pico-template/pico-sdk/src/rp2_common/pico_stdio_usb/reset_interface.c.obj
 *fill*         0x100047ce        0x2 
 .text.resetd_reset
                0x100047d0        0xc CMakeFiles/pico.dir/D_/test/clion-pico-template/pico-sdk/src/rp2_common/pico_stdio_usb/reset_interface.c.obj
 .text.resetd_open
                0x100047dc       0x34 CMakeFiles/pico.dir/D_/test/clion-pico-template/pico-sdk/src/rp2_common/pico_stdio_usb/reset_interface.c.obj
 .text.resetd_xfer_cb
                0x10004810        0x4 CMakeFiles/pico.dir/D_/test/clion-pico-template/pico-sdk/src/rp2_common/pico_stdio_usb/reset_interface.c.obj
 .text.reset_usb_boot
                0x10004814       0x18 CMakeFiles/pico.dir/D_/test/clion-pico-template/pico-sdk/src/rp2_common/pico_stdio_usb/reset_interface.c.obj
 .text.resetd_control_xfer_cb
                0x1000482c       0x5c CMakeFiles/pico.dir/D_/test/clion-pico-template/pico-sdk/src/rp2_common/pico_stdio_usb/reset_interface.c.obj
 .text.usbd_app_driver_get_cb
                0x10004888        0xc CMakeFiles/pico.dir/D_/test/clion-pico-template/pico-sdk/src/rp2_common/pico_stdio_usb/reset_interface.c.obj
                0x10004888                usbd_app_driver_get_cb
 .text.tud_cdc_line_coding_cb
                0x10004894       0x28 CMakeFiles/pico.dir/D_/test/clion-pico-template/pico-sdk/src/rp2_common/pico_stdio_usb/reset_interface.c.obj
                0x10004894                tud_cdc_line_coding_cb
 .text.stdio_usb_set_chars_available_callback
                0x100048bc       0x14 CMakeFiles/pico.dir/D_/test/clion-pico-template/pico-sdk/src/rp2_common/pico_stdio_usb/stdio_usb.c.obj
                0x100048bc                stdio_usb_set_chars_available_callback
 .text.usb_irq  0x100048d0       0x10 CMakeFiles/pico.dir/D_/test/clion-pico-template/pico-sdk/src/rp2_common/pico_stdio_usb/stdio_usb.c.obj
 .text.timer_task
                0x100048e0       0x58 CMakeFiles/pico.dir/D_/test/clion-pico-template/pico-sdk/src/rp2_common/pico_stdio_usb/stdio_usb.c.obj
 .text.low_priority_worker_irq
                0x10004938       0xd8 CMakeFiles/pico.dir/D_/test/clion-pico-template/pico-sdk/src/rp2_common/pico_stdio_usb/stdio_usb.c.obj
 .text.tud_cdc_rx_cb
                0x10004a10       0x20 CMakeFiles/pico.dir/D_/test/clion-pico-template/pico-sdk/src/rp2_common/pico_stdio_usb/stdio_usb.c.obj
                0x10004a10                tud_cdc_rx_cb
 .text.stdio_usb_init
                0x10004a30      0x12c CMakeFiles/pico.dir/D_/test/clion-pico-template/pico-sdk/src/rp2_common/pico_stdio_usb/stdio_usb.c.obj
                0x10004a30                stdio_usb_init
 .text.stdio_usb_connected
                0x10004b5c        0xa CMakeFiles/pico.dir/D_/test/clion-pico-template/pico-sdk/src/rp2_common/pico_stdio_usb/stdio_usb.c.obj
                0x10004b5c                stdio_usb_connected
 *fill*         0x10004b66        0x2 
 .text.stdio_usb_in_chars
                0x10004b68       0xc4 CMakeFiles/pico.dir/D_/test/clion-pico-template/pico-sdk/src/rp2_common/pico_stdio_usb/stdio_usb.c.obj
                0x10004b68                stdio_usb_in_chars
 .text.stdio_usb_out_chars
                0x10004c2c      0x114 CMakeFiles/pico.dir/D_/test/clion-pico-template/pico-sdk/src/rp2_common/pico_stdio_usb/stdio_usb.c.obj
 .text.tud_descriptor_device_cb
                0x10004d40        0x8 CMakeFiles/pico.dir/D_/test/clion-pico-template/pico-sdk/src/rp2_common/pico_stdio_usb/stdio_usb_descriptors.c.obj
                0x10004d40                tud_descriptor_device_cb
 .text.tud_descriptor_configuration_cb
                0x10004d48        0x8 CMakeFiles/pico.dir/D_/test/clion-pico-template/pico-sdk/src/rp2_common/pico_stdio_usb/stdio_usb_descriptors.c.obj
                0x10004d48                tud_descriptor_configuration_cb
 .text.tud_descriptor_string_cb
                0x10004d50       0x6c CMakeFiles/pico.dir/D_/test/clion-pico-template/pico-sdk/src/rp2_common/pico_stdio_usb/stdio_usb_descriptors.c.obj
                0x10004d50                tud_descriptor_string_cb
 .text._retrieve_unique_id_on_boot
                0x10004dbc       0x10 CMakeFiles/pico.dir/D_/test/clion-pico-template/pico-sdk/src/rp2_common/pico_unique_id/unique_id.c.obj
 .text.pico_get_unique_board_id_string
                0x10004dcc       0x60 CMakeFiles/pico.dir/D_/test/clion-pico-template/pico-sdk/src/rp2_common/pico_unique_id/unique_id.c.obj
                0x10004dcc                pico_get_unique_board_id_string
 .text.flash_get_unique_id
                0x10004e2c       0x46 CMakeFiles/pico.dir/D_/test/clion-pico-template/pico-sdk/src/rp2_common/hardware_flash/flash.c.obj
                0x10004e2c                flash_get_unique_id
 *fill*         0x10004e72        0x2 
 .text.hw_endpoint_get_by_addr
                0x10004e74       0x18 CMakeFiles/pico.dir/D_/test/clion-pico-template/pico-sdk/lib/tinyusb/src/portable/raspberrypi/rp2040/dcd_rp2040.c.obj
 .text._hw_endpoint_alloc
                0x10004e8c       0x70 CMakeFiles/pico.dir/D_/test/clion-pico-template/pico-sdk/lib/tinyusb/src/portable/raspberrypi/rp2040/dcd_rp2040.c.obj
 .text.hw_endpoint_init
                0x10004efc       0x88 CMakeFiles/pico.dir/D_/test/clion-pico-template/pico-sdk/lib/tinyusb/src/portable/raspberrypi/rp2040/dcd_rp2040.c.obj
 .text.hw_endpoint_xfer
                0x10004f84       0x14 CMakeFiles/pico.dir/D_/test/clion-pico-template/pico-sdk/lib/tinyusb/src/portable/raspberrypi/rp2040/dcd_rp2040.c.obj
 .text.dcd_int_enable
                0x10004f98       0x2c CMakeFiles/pico.dir/D_/test/clion-pico-template/pico-sdk/lib/tinyusb/src/portable/raspberrypi/rp2040/dcd_rp2040.c.obj
                0x10004f98                dcd_int_enable
 .text.dcd_set_address
                0x10004fc4       0x2c CMakeFiles/pico.dir/D_/test/clion-pico-template/pico-sdk/lib/tinyusb/src/portable/raspberrypi/rp2040/dcd_rp2040.c.obj
                0x10004fc4                dcd_set_address
 .text.dcd_connect
                0x10004ff0       0x10 CMakeFiles/pico.dir/D_/test/clion-pico-template/pico-sdk/lib/tinyusb/src/portable/raspberrypi/rp2040/dcd_rp2040.c.obj
                0x10004ff0                dcd_connect
 .text.dcd_init
                0x10005000       0x80 CMakeFiles/pico.dir/D_/test/clion-pico-template/pico-sdk/lib/tinyusb/src/portable/raspberrypi/rp2040/dcd_rp2040.c.obj
                0x10005000                dcd_init
 .text.dcd_edpt0_status_complete
                0x10005080       0x1c CMakeFiles/pico.dir/D_/test/clion-pico-template/pico-sdk/lib/tinyusb/src/portable/raspberrypi/rp2040/dcd_rp2040.c.obj
                0x10005080                dcd_edpt0_status_complete
 .text.dcd_edpt_open
                0x1000509c       0x40 CMakeFiles/pico.dir/D_/test/clion-pico-template/pico-sdk/lib/tinyusb/src/portable/raspberrypi/rp2040/dcd_rp2040.c.obj
                0x1000509c                dcd_edpt_open
 .text.dcd_edpt_close_all
                0x100050dc        0x8 CMakeFiles/pico.dir/D_/test/clion-pico-template/pico-sdk/lib/tinyusb/src/portable/raspberrypi/rp2040/dcd_rp2040.c.obj
                0x100050dc                dcd_edpt_close_all
 .text.dcd_edpt_xfer
                0x100050e4       0x34 CMakeFiles/pico.dir/D_/test/clion-pico-template/pico-sdk/lib/tinyusb/src/portable/raspberrypi/rp2040/dcd_rp2040.c.obj
                0x100050e4                dcd_edpt_xfer
 .text.dcd_edpt_stall
                0x10005118       0x2c CMakeFiles/pico.dir/D_/test/clion-pico-template/pico-sdk/lib/tinyusb/src/portable/raspberrypi/rp2040/dcd_rp2040.c.obj
                0x10005118                dcd_edpt_stall
 .text.dcd_edpt_clear_stall
                0x10005144       0x20 CMakeFiles/pico.dir/D_/test/clion-pico-template/pico-sdk/lib/tinyusb/src/portable/raspberrypi/rp2040/dcd_rp2040.c.obj
                0x10005144                dcd_edpt_clear_stall
 .text.rp2040_usb_init
                0x10005164       0x4c CMakeFiles/pico.dir/D_/test/clion-pico-template/pico-sdk/lib/tinyusb/src/portable/raspberrypi/rp2040/rp2040_usb.c.obj
                0x10005164                rp2040_usb_init
 .text.hw_endpoint_xfer_start
                0x100051b0       0x50 CMakeFiles/pico.dir/D_/test/clion-pico-template/pico-sdk/lib/tinyusb/src/portable/raspberrypi/rp2040/rp2040_usb.c.obj
                0x100051b0                hw_endpoint_xfer_start
 .text.configuration_reset
                0x10005200       0x84 CMakeFiles/pico.dir/D_/test/clion-pico-template/pico-sdk/lib/tinyusb/src/device/usbd.c.obj
 .text.usbd_reset
                0x10005284        0xc CMakeFiles/pico.dir/D_/test/clion-pico-template/pico-sdk/lib/tinyusb/src/device/usbd.c.obj
 .text.invoke_class_control
                0x10005290       0x1a CMakeFiles/pico.dir/D_/test/clion-pico-template/pico-sdk/lib/tinyusb/src/device/usbd.c.obj
 *fill*         0x100052aa        0x2 
 .text.process_set_config
                0x100052ac      0x178 CMakeFiles/pico.dir/D_/test/clion-pico-template/pico-sdk/lib/tinyusb/src/device/usbd.c.obj
 .text.process_get_descriptor
                0x10005424       0xdc CMakeFiles/pico.dir/D_/test/clion-pico-template/pico-sdk/lib/tinyusb/src/device/usbd.c.obj
 .text.tud_mounted
                0x10005500       0x10 CMakeFiles/pico.dir/D_/test/clion-pico-template/pico-sdk/lib/tinyusb/src/device/usbd.c.obj
                0x10005500                tud_mounted
 .text.tud_suspended
                0x10005510       0x10 CMakeFiles/pico.dir/D_/test/clion-pico-template/pico-sdk/lib/tinyusb/src/device/usbd.c.obj
                0x10005510                tud_suspended
 .text.tud_inited
                0x10005520       0x14 CMakeFiles/pico.dir/D_/test/clion-pico-template/pico-sdk/lib/tinyusb/src/device/usbd.c.obj
                0x10005520                tud_inited
 .text.tud_init
                0x10005534       0xcc CMakeFiles/pico.dir/D_/test/clion-pico-template/pico-sdk/lib/tinyusb/src/device/usbd.c.obj
                0x10005534                tud_init
 .text.usbd_defer_func
                0x10005600       0x2a CMakeFiles/pico.dir/D_/test/clion-pico-template/pico-sdk/lib/tinyusb/src/device/usbd.c.obj
                0x10005600                usbd_defer_func
 *fill*         0x1000562a        0x2 
 .text.usbd_edpt_open
                0x1000562c       0x34 CMakeFiles/pico.dir/D_/test/clion-pico-template/pico-sdk/lib/tinyusb/src/device/usbd.c.obj
                0x1000562c                usbd_edpt_open
 .text.usbd_open_edpt_pair
                0x10005660       0x62 CMakeFiles/pico.dir/D_/test/clion-pico-template/pico-sdk/lib/tinyusb/src/device/usbd.c.obj
                0x10005660                usbd_open_edpt_pair
 *fill*         0x100056c2        0x2 
 .text.usbd_edpt_claim
                0x100056c4       0x28 CMakeFiles/pico.dir/D_/test/clion-pico-template/pico-sdk/lib/tinyusb/src/device/usbd.c.obj
                0x100056c4                usbd_edpt_claim
 .text.usbd_edpt_release
                0x100056ec       0x28 CMakeFiles/pico.dir/D_/test/clion-pico-template/pico-sdk/lib/tinyusb/src/device/usbd.c.obj
                0x100056ec                usbd_edpt_release
 .text.usbd_edpt_xfer
                0x10005714       0x78 CMakeFiles/pico.dir/D_/test/clion-pico-template/pico-sdk/lib/tinyusb/src/device/usbd.c.obj
                0x10005714                usbd_edpt_xfer
 .text.usbd_edpt_stall
                0x1000578c       0x48 CMakeFiles/pico.dir/D_/test/clion-pico-template/pico-sdk/lib/tinyusb/src/device/usbd.c.obj
                0x1000578c                usbd_edpt_stall
 .text.usbd_edpt_clear_stall
                0x100057d4       0x48 CMakeFiles/pico.dir/D_/test/clion-pico-template/pico-sdk/lib/tinyusb/src/device/usbd.c.obj
                0x100057d4                usbd_edpt_clear_stall
 .text.usbd_edpt_stalled
                0x1000581c       0x1c CMakeFiles/pico.dir/D_/test/clion-pico-template/pico-sdk/lib/tinyusb/src/device/usbd.c.obj
                0x1000581c                usbd_edpt_stalled
 .text.process_control_request
                0x10005838      0x37c CMakeFiles/pico.dir/D_/test/clion-pico-template/pico-sdk/lib/tinyusb/src/device/usbd.c.obj
 .text.tud_task_ext
                0x10005bb4      0x1b4 CMakeFiles/pico.dir/D_/test/clion-pico-template/pico-sdk/lib/tinyusb/src/device/usbd.c.obj
                0x10005bb4                tud_task_ext
 .text._data_stage_xact
                0x10005d68       0x58 CMakeFiles/pico.dir/D_/test/clion-pico-template/pico-sdk/lib/tinyusb/src/device/usbd_control.c.obj
 .text.tud_control_status
                0x10005dc0       0x38 CMakeFiles/pico.dir/D_/test/clion-pico-template/pico-sdk/lib/tinyusb/src/device/usbd_control.c.obj
                0x10005dc0                tud_control_status
 .text.tud_control_xfer
                0x10005df8       0x74 CMakeFiles/pico.dir/D_/test/clion-pico-template/pico-sdk/lib/tinyusb/src/device/usbd_control.c.obj
                0x10005df8                tud_control_xfer
 .text.usbd_control_reset
                0x10005e6c       0x14 CMakeFiles/pico.dir/D_/test/clion-pico-template/pico-sdk/lib/tinyusb/src/device/usbd_control.c.obj
                0x10005e6c                usbd_control_reset
 .text.usbd_control_set_complete_callback
                0x10005e80        0xc CMakeFiles/pico.dir/D_/test/clion-pico-template/pico-sdk/lib/tinyusb/src/device/usbd_control.c.obj
                0x10005e80                usbd_control_set_complete_callback
 .text.usbd_control_set_request
                0x10005e8c       0x1c CMakeFiles/pico.dir/D_/test/clion-pico-template/pico-sdk/lib/tinyusb/src/device/usbd_control.c.obj
                0x10005e8c                usbd_control_set_request
 .text.usbd_control_xfer_cb
                0x10005ea8       0xcc CMakeFiles/pico.dir/D_/test/clion-pico-template/pico-sdk/lib/tinyusb/src/device/usbd_control.c.obj
                0x10005ea8                usbd_control_xfer_cb
 .text._prep_out_transaction
                0x10005f74       0x4a CMakeFiles/pico.dir/D_/test/clion-pico-template/pico-sdk/lib/tinyusb/src/class/cdc/cdc_device.c.obj
 *fill*         0x10005fbe        0x2 
 .text.tud_cdc_n_connected
                0x10005fc0       0x44 CMakeFiles/pico.dir/D_/test/clion-pico-template/pico-sdk/lib/tinyusb/src/class/cdc/cdc_device.c.obj
                0x10005fc0                tud_cdc_n_connected
 .text.tud_cdc_n_available
                0x10006004       0x18 CMakeFiles/pico.dir/D_/test/clion-pico-template/pico-sdk/lib/tinyusb/src/class/cdc/cdc_device.c.obj
                0x10006004                tud_cdc_n_available
 .text.tud_cdc_n_read
                0x1000601c       0x28 CMakeFiles/pico.dir/D_/test/clion-pico-template/pico-sdk/lib/tinyusb/src/class/cdc/cdc_device.c.obj
                0x1000601c                tud_cdc_n_read
 .text.tud_cdc_n_write_flush
                0x10006044       0xb8 CMakeFiles/pico.dir/D_/test/clion-pico-template/pico-sdk/lib/tinyusb/src/class/cdc/cdc_device.c.obj
                0x10006044                tud_cdc_n_write_flush
 .text.tud_cdc_n_write
                0x100060fc       0x38 CMakeFiles/pico.dir/D_/test/clion-pico-template/pico-sdk/lib/tinyusb/src/class/cdc/cdc_device.c.obj
                0x100060fc                tud_cdc_n_write
 .text.tud_cdc_n_write_available
                0x10006134       0x1c CMakeFiles/pico.dir/D_/test/clion-pico-template/pico-sdk/lib/tinyusb/src/class/cdc/cdc_device.c.obj
                0x10006134                tud_cdc_n_write_available
 .text.cdcd_init
                0x10006150       0xbc CMakeFiles/pico.dir/D_/test/clion-pico-template/pico-sdk/lib/tinyusb/src/class/cdc/cdc_device.c.obj
                0x10006150                cdcd_init
 .text.cdcd_reset
                0x1000620c       0x44 CMakeFiles/pico.dir/D_/test/clion-pico-template/pico-sdk/lib/tinyusb/src/class/cdc/cdc_device.c.obj
                0x1000620c                cdcd_reset
 .text.cdcd_open
                0x10006250       0xcc CMakeFiles/pico.dir/D_/test/clion-pico-template/pico-sdk/lib/tinyusb/src/class/cdc/cdc_device.c.obj
                0x10006250                cdcd_open
 .text.cdcd_control_xfer_cb
                0x1000631c      0x134 CMakeFiles/pico.dir/D_/test/clion-pico-template/pico-sdk/lib/tinyusb/src/class/cdc/cdc_device.c.obj
                0x1000631c                cdcd_control_xfer_cb
 .text.cdcd_xfer_cb
                0x10006450      0x130 CMakeFiles/pico.dir/D_/test/clion-pico-template/pico-sdk/lib/tinyusb/src/class/cdc/cdc_device.c.obj
                0x10006450                cdcd_xfer_cb
 .text.tusb_init
                0x10006580        0xa CMakeFiles/pico.dir/D_/test/clion-pico-template/pico-sdk/lib/tinyusb/src/tusb.c.obj
                0x10006580                tusb_init
 .text.tusb_inited
                0x1000658a        0xe CMakeFiles/pico.dir/D_/test/clion-pico-template/pico-sdk/lib/tinyusb/src/tusb.c.obj
                0x1000658a                tusb_inited
 .text.tu_edpt_claim
                0x10006598       0x50 CMakeFiles/pico.dir/D_/test/clion-pico-template/pico-sdk/lib/tinyusb/src/tusb.c.obj
                0x10006598                tu_edpt_claim
 .text.tu_edpt_release
                0x100065e8       0x3c CMakeFiles/pico.dir/D_/test/clion-pico-template/pico-sdk/lib/tinyusb/src/tusb.c.obj
                0x100065e8                tu_edpt_release
 .text.tu_edpt_validate
                0x10006624       0x78 CMakeFiles/pico.dir/D_/test/clion-pico-template/pico-sdk/lib/tinyusb/src/tusb.c.obj
                0x10006624                tu_edpt_validate
 .text.tu_edpt_bind_driver
                0x1000669c       0x26 CMakeFiles/pico.dir/D_/test/clion-pico-template/pico-sdk/lib/tinyusb/src/tusb.c.obj
                0x1000669c                tu_edpt_bind_driver
 .text.advance_index
                0x100066c2       0x1a CMakeFiles/pico.dir/D_/test/clion-pico-template/pico-sdk/lib/tinyusb/src/common/tusb_fifo.c.obj
 .text._tu_fifo_peek
                0x100066dc       0x56 CMakeFiles/pico.dir/D_/test/clion-pico-template/pico-sdk/lib/tinyusb/src/common/tusb_fifo.c.obj
 .text._ff_pull_const_addr
                0x10006732       0x4c CMakeFiles/pico.dir/D_/test/clion-pico-template/pico-sdk/lib/tinyusb/src/common/tusb_fifo.c.obj
 .text._ff_pull_n
                0x1000677e      0x110 CMakeFiles/pico.dir/D_/test/clion-pico-template/pico-sdk/lib/tinyusb/src/common/tusb_fifo.c.obj
 .text._tu_fifo_peek_n
                0x1000688e       0x6a CMakeFiles/pico.dir/D_/test/clion-pico-template/pico-sdk/lib/tinyusb/src/common/tusb_fifo.c.obj
 .text._tu_fifo_read_n
                0x100068f8       0x4e CMakeFiles/pico.dir/D_/test/clion-pico-template/pico-sdk/lib/tinyusb/src/common/tusb_fifo.c.obj
 .text._ff_push_const_addr
                0x10006946       0x40 CMakeFiles/pico.dir/D_/test/clion-pico-template/pico-sdk/lib/tinyusb/src/common/tusb_fifo.c.obj
 .text._ff_push_n
                0x10006986      0x10c CMakeFiles/pico.dir/D_/test/clion-pico-template/pico-sdk/lib/tinyusb/src/common/tusb_fifo.c.obj
 .text._tu_fifo_write_n
                0x10006a92       0xf0 CMakeFiles/pico.dir/D_/test/clion-pico-template/pico-sdk/lib/tinyusb/src/common/tusb_fifo.c.obj
 .text.tu_fifo_config
                0x10006b82       0x7c CMakeFiles/pico.dir/D_/test/clion-pico-template/pico-sdk/lib/tinyusb/src/common/tusb_fifo.c.obj
                0x10006b82                tu_fifo_config
 .text.tu_fifo_count
                0x10006bfe       0x2a CMakeFiles/pico.dir/D_/test/clion-pico-template/pico-sdk/lib/tinyusb/src/common/tusb_fifo.c.obj
                0x10006bfe                tu_fifo_count
 .text.tu_fifo_empty
                0x10006c28       0x10 CMakeFiles/pico.dir/D_/test/clion-pico-template/pico-sdk/lib/tinyusb/src/common/tusb_fifo.c.obj
                0x10006c28                tu_fifo_empty
 .text.tu_fifo_full
                0x10006c38       0x28 CMakeFiles/pico.dir/D_/test/clion-pico-template/pico-sdk/lib/tinyusb/src/common/tusb_fifo.c.obj
                0x10006c38                tu_fifo_full
 .text.tu_fifo_remaining
                0x10006c60       0x2c CMakeFiles/pico.dir/D_/test/clion-pico-template/pico-sdk/lib/tinyusb/src/common/tusb_fifo.c.obj
                0x10006c60                tu_fifo_remaining
 .text.tu_fifo_read
                0x10006c8c       0x42 CMakeFiles/pico.dir/D_/test/clion-pico-template/pico-sdk/lib/tinyusb/src/common/tusb_fifo.c.obj
                0x10006c8c                tu_fifo_read
 .text.tu_fifo_read_n
                0x10006cce        0xa CMakeFiles/pico.dir/D_/test/clion-pico-template/pico-sdk/lib/tinyusb/src/common/tusb_fifo.c.obj
                0x10006cce                tu_fifo_read_n
 .text.tu_fifo_write
                0x10006cd8       0x64 CMakeFiles/pico.dir/D_/test/clion-pico-template/pico-sdk/lib/tinyusb/src/common/tusb_fifo.c.obj
                0x10006cd8                tu_fifo_write
 .text.tu_fifo_write_n
                0x10006d3c        0xa CMakeFiles/pico.dir/D_/test/clion-pico-template/pico-sdk/lib/tinyusb/src/common/tusb_fifo.c.obj
                0x10006d3c                tu_fifo_write_n
 .text.tu_fifo_clear
                0x10006d46       0x3e CMakeFiles/pico.dir/D_/test/clion-pico-template/pico-sdk/lib/tinyusb/src/common/tusb_fifo.c.obj
                0x10006d46                tu_fifo_clear
 .text.tu_fifo_set_overwritable
                0x10006d84       0x46 CMakeFiles/pico.dir/D_/test/clion-pico-template/pico-sdk/lib/tinyusb/src/common/tusb_fifo.c.obj
                0x10006d84                tu_fifo_set_overwritable
 *fill*         0x10006dca        0x2 
 .text.strlen   0x10006dcc       0x5c d:/armgnu~1/gcc-ar~1.10-/gcc-ar~1.10/bin/../lib/gcc/arm-none-eabi/10.3.1/../../../../arm-none-eabi/lib/thumb/v6-m/nofp\libg.a(lib_a-strlen-stub.o)
                0x10006dcc                strlen
 *(.fini)
 .fini          0x10006e28        0x4 d:/armgnu~1/gcc-ar~1.10-/gcc-ar~1.10/bin/../lib/gcc/arm-none-eabi/10.3.1/thumb/v6-m/nofp/crti.o
                0x10006e28                _fini
 *fill*         0x10006e2c        0x4 
 .fini.__stub   0x10006e30       0xe0 linker stubs
 *crtbegin.o(.ctors)
 *crtbegin?.o(.ctors)
 *(EXCLUDE_FILE(*crtend.o *crtend?.o) .ctors)
 *(SORT_BY_NAME(.ctors.*))
 *(.ctors)
 *crtbegin.o(.dtors)
 *crtbegin?.o(.dtors)
 *(EXCLUDE_FILE(*crtend.o *crtend?.o) .dtors)
 *(SORT_BY_NAME(.dtors.*))
 *(.dtors)
 *(.eh_frame*)
 .eh_frame      0x10006f10        0x0 d:/armgnu~1/gcc-ar~1.10-/gcc-ar~1.10/bin/../lib/gcc/arm-none-eabi/10.3.1/thumb/v6-m/nofp/crtbegin.o
                0x10006f10                . = ALIGN (0x4)

.glue_7         0x10006f10        0x0
 .glue_7        0x10006f10        0x0 linker stubs

.glue_7t        0x10006f10        0x0
 .glue_7t       0x10006f10        0x0 linker stubs

.vfp11_veneer   0x10006f10        0x0
 .vfp11_veneer  0x10006f10        0x0 linker stubs

.v4_bx          0x10006f10        0x0
 .v4_bx         0x10006f10        0x0 linker stubs

.iplt           0x10006f10        0x0
 .iplt          0x10006f10        0x0 d:/armgnu~1/gcc-ar~1.10-/gcc-ar~1.10/bin/../lib/gcc/arm-none-eabi/10.3.1/thumb/v6-m/nofp/crtbegin.o

.rodata         0x10006f10     0x16c0
 *(EXCLUDE_FILE(*libm.a: *libc.a:*lib_a-mem*.o *libgcc.a:) .rodata*)
 .rodata.measure_freqs.str1.4
                0x10006f10       0x9e CMakeFiles/pico.dir/main.c.obj
 *fill*         0x10006fae        0x2 
 .rodata.main.str1.4
                0x10006fb0       0x29 CMakeFiles/pico.dir/main.c.obj
 *fill*         0x10006fd9        0x3 
 .rodata.spin_lock_claim_unused.str1.4
                0x10006fdc       0x1b CMakeFiles/pico.dir/D_/test/clion-pico-template/pico-sdk/src/rp2_common/hardware_sync/sync.c.obj
 *fill*         0x10006ff7        0x1 
 .rodata.make_branch.str1.4
                0x10006ff8       0x77 CMakeFiles/pico.dir/D_/test/clion-pico-template/pico-sdk/src/rp2_common/hardware_irq/irq.c.obj
 *fill*         0x1000706f        0x1 
 .rodata.insert_branch_and_link.str1.4
                0x10007070       0x10 CMakeFiles/pico.dir/D_/test/clion-pico-template/pico-sdk/src/rp2_common/hardware_irq/irq.c.obj
 .rodata.irq_set_exclusive_handler.str1.4
                0x10007080       0x36 CMakeFiles/pico.dir/D_/test/clion-pico-template/pico-sdk/src/rp2_common/hardware_irq/irq.c.obj
 *fill*         0x100070b6        0x2 
 .rodata.irq_add_shared_handler.str1.4
                0x100070b8       0xd9 CMakeFiles/pico.dir/D_/test/clion-pico-template/pico-sdk/src/rp2_common/hardware_irq/irq.c.obj
 *fill*         0x10007191        0x3 
 .rodata.irq_remove_handler.str1.4
                0x10007194       0x3a CMakeFiles/pico.dir/D_/test/clion-pico-template/pico-sdk/src/rp2_common/hardware_irq/irq.c.obj
 *fill*         0x100071ce        0x2 
 .rodata.irq_add_tail_to_free_list.str1.4
                0x100071d0       0x3a CMakeFiles/pico.dir/D_/test/clion-pico-template/pico-sdk/src/rp2_common/hardware_irq/irq.c.obj
 *fill*         0x1000720a        0x2 
 .rodata.user_irq_claim_unused.str1.4
                0x1000720c       0x1b CMakeFiles/pico.dir/D_/test/clion-pico-template/pico-sdk/src/rp2_common/hardware_irq/irq.c.obj
 *fill*         0x10007227        0x1 
 .rodata.__func__.0
                0x10007228       0x1a CMakeFiles/pico.dir/D_/test/clion-pico-template/pico-sdk/src/rp2_common/hardware_irq/irq.c.obj
 *fill*         0x10007242        0x2 
 .rodata.__func__.1
                0x10007244       0x17 CMakeFiles/pico.dir/D_/test/clion-pico-template/pico-sdk/src/rp2_common/hardware_irq/irq.c.obj
 *fill*         0x1000725b        0x1 
 .rodata.__func__.2
                0x1000725c       0x13 CMakeFiles/pico.dir/D_/test/clion-pico-template/pico-sdk/src/rp2_common/hardware_irq/irq.c.obj
 *fill*         0x1000726f        0x1 
 .rodata.__func__.3
                0x10007270        0xc CMakeFiles/pico.dir/D_/test/clion-pico-template/pico-sdk/src/rp2_common/hardware_irq/irq.c.obj
 .rodata.__func__.4
                0x1000727c        0xf CMakeFiles/pico.dir/D_/test/clion-pico-template/pico-sdk/src/rp2_common/hardware_irq/irq.c.obj
 *fill*         0x1000728b        0x1 
 .rodata.__func__.5
                0x1000728c       0x17 CMakeFiles/pico.dir/D_/test/clion-pico-template/pico-sdk/src/rp2_common/hardware_irq/irq.c.obj
 *fill*         0x100072a3        0x1 
 .rodata.__func__.6
                0x100072a4       0x1a CMakeFiles/pico.dir/D_/test/clion-pico-template/pico-sdk/src/rp2_common/hardware_irq/irq.c.obj
 *fill*         0x100072be        0x2 
 .rodata.str1.4
                0x100072c0      0x101 CMakeFiles/pico.dir/D_/test/clion-pico-template/pico-sdk/src/common/pico_sync/mutex.c.obj
 *fill*         0x100073c1        0x3 
 .rodata.__func__.1
                0x100073c4        0xb CMakeFiles/pico.dir/D_/test/clion-pico-template/pico-sdk/src/common/pico_sync/mutex.c.obj
 *fill*         0x100073cf        0x1 
 .rodata.__func__.3
                0x100073d0       0x18 CMakeFiles/pico.dir/D_/test/clion-pico-template/pico-sdk/src/common/pico_sync/mutex.c.obj
 .rodata.__func__.4
                0x100073e8       0x15 CMakeFiles/pico.dir/D_/test/clion-pico-template/pico-sdk/src/common/pico_sync/mutex.c.obj
 *fill*         0x100073fd        0x3 
 .rodata.repeating_timer_callback.str1.4
                0x10007400       0x55 CMakeFiles/pico.dir/D_/test/clion-pico-template/pico-sdk/src/common/pico_time/time.c.obj
 *fill*         0x10007455        0x3 
 .rodata.timer_pool_entry_comparator.str1.4
                0x10007458       0x22 CMakeFiles/pico.dir/D_/test/clion-pico-template/pico-sdk/src/common/pico_time/time.c.obj
 *fill*         0x1000747a        0x2 
 .rodata.ph_add_child_node.str1.4
                0x1000747c       0x9e CMakeFiles/pico.dir/D_/test/clion-pico-template/pico-sdk/src/common/pico_time/time.c.obj
 *fill*         0x1000751a        0x2 
 .rodata.add_alarm_under_lock.str1.4
                0x1000751c       0x28 CMakeFiles/pico.dir/D_/test/clion-pico-template/pico-sdk/src/common/pico_time/time.c.obj
                                 0x2b (size before relaxing)
 .rodata.alarm_pool_alarm_callback.str1.4
                0x10007544       0x98 CMakeFiles/pico.dir/D_/test/clion-pico-template/pico-sdk/src/common/pico_time/time.c.obj
                                0x104 (size before relaxing)
 .rodata.alarm_pool_get_default.str1.4
                0x100075dc       0x21 CMakeFiles/pico.dir/D_/test/clion-pico-template/pico-sdk/src/common/pico_time/time.c.obj
 *fill*         0x100075fd        0x3 
 .rodata.alarm_pool_cancel_alarm.str1.4
                0x10007600       0x27 CMakeFiles/pico.dir/D_/test/clion-pico-template/pico-sdk/src/common/pico_time/time.c.obj
 *fill*         0x10007627        0x1 
 .rodata.sleep_until.str1.4
                0x10007628       0x4d CMakeFiles/pico.dir/D_/test/clion-pico-template/pico-sdk/src/common/pico_time/time.c.obj
 *fill*         0x10007675        0x3 
 .rodata.__func__.1
                0x10007678       0x18 CMakeFiles/pico.dir/D_/test/clion-pico-template/pico-sdk/src/common/pico_time/time.c.obj
 .rodata.__func__.10
                0x10007690       0x15 CMakeFiles/pico.dir/D_/test/clion-pico-template/pico-sdk/src/common/pico_time/time.c.obj
 *fill*         0x100076a5        0x3 
 .rodata.__func__.11
                0x100076a8       0x1a CMakeFiles/pico.dir/D_/test/clion-pico-template/pico-sdk/src/common/pico_time/time.c.obj
 *fill*         0x100076c2        0x2 
 .rodata.__func__.12
                0x100076c4        0xa CMakeFiles/pico.dir/D_/test/clion-pico-template/pico-sdk/src/common/pico_time/time.c.obj
 *fill*         0x100076ce        0x2 
 .rodata.__func__.3
                0x100076d0       0x17 CMakeFiles/pico.dir/D_/test/clion-pico-template/pico-sdk/src/common/pico_time/time.c.obj
 *fill*         0x100076e7        0x1 
 .rodata.__func__.4
                0x100076e8       0x12 CMakeFiles/pico.dir/D_/test/clion-pico-template/pico-sdk/src/common/pico_time/time.c.obj
 *fill*         0x100076fa        0x2 
 .rodata.__func__.5
                0x100076fc        0xd CMakeFiles/pico.dir/D_/test/clion-pico-template/pico-sdk/src/common/pico_time/time.c.obj
 *fill*         0x10007709        0x3 
 .rodata.__func__.6
                0x1000770c       0x12 CMakeFiles/pico.dir/D_/test/clion-pico-template/pico-sdk/src/common/pico_time/time.c.obj
 *fill*         0x1000771e        0x2 
 .rodata.__func__.7
                0x10007720        0xf CMakeFiles/pico.dir/D_/test/clion-pico-template/pico-sdk/src/common/pico_time/time.c.obj
 *fill*         0x1000772f        0x1 
 .rodata.__func__.8
                0x10007730        0xc CMakeFiles/pico.dir/D_/test/clion-pico-template/pico-sdk/src/common/pico_time/time.c.obj
 .rodata.__func__.9
                0x1000773c       0x15 CMakeFiles/pico.dir/D_/test/clion-pico-template/pico-sdk/src/common/pico_time/time.c.obj
 *fill*         0x10007751        0x3 
 .rodata.hardware_alarm_claim.str1.4
                0x10007754       0x22 CMakeFiles/pico.dir/D_/test/clion-pico-template/pico-sdk/src/rp2_common/hardware_timer/timer.c.obj
 *fill*         0x10007776        0x2 
 .rodata.hardware_alarm_set_target.str1.4
                0x10007778       0x6f CMakeFiles/pico.dir/D_/test/clion-pico-template/pico-sdk/src/rp2_common/hardware_timer/timer.c.obj
 *fill*         0x100077e7        0x1 
 .rodata.__func__.0
                0x100077e8       0x1a CMakeFiles/pico.dir/D_/test/clion-pico-template/pico-sdk/src/rp2_common/hardware_timer/timer.c.obj
 .rodata.ph_add_child_node.str1.4
                0x10007802       0x9e CMakeFiles/pico.dir/D_/test/clion-pico-template/pico-sdk/src/common/pico_util/pheap.c.obj
 *fill*         0x10007802        0x2 
 .rodata.ph_remove_any_head.str1.4
                0x10007804       0x98 CMakeFiles/pico.dir/D_/test/clion-pico-template/pico-sdk/src/common/pico_util/pheap.c.obj
                                 0xac (size before relaxing)
 .rodata.ph_remove_and_free_node.str1.4
                0x1000789c       0x1e CMakeFiles/pico.dir/D_/test/clion-pico-template/pico-sdk/src/common/pico_util/pheap.c.obj
                                 0x26 (size before relaxing)
 *fill*         0x100078ba        0x2 
 .rodata.__func__.0
                0x100078bc       0x18 CMakeFiles/pico.dir/D_/test/clion-pico-template/pico-sdk/src/common/pico_util/pheap.c.obj
 .rodata.__func__.1
                0x100078d4       0x13 CMakeFiles/pico.dir/D_/test/clion-pico-template/pico-sdk/src/common/pico_util/pheap.c.obj
 *fill*         0x100078e7        0x1 
 .rodata.__func__.2
                0x100078e8       0x12 CMakeFiles/pico.dir/D_/test/clion-pico-template/pico-sdk/src/common/pico_util/pheap.c.obj
 *fill*         0x100078fa        0x2 
 .rodata.__func__.3
                0x100078fc        0xc CMakeFiles/pico.dir/D_/test/clion-pico-template/pico-sdk/src/common/pico_util/pheap.c.obj
 .rodata.clock_configure.str1.4
                0x10007908       0x61 CMakeFiles/pico.dir/D_/test/clion-pico-template/pico-sdk/src/rp2_common/hardware_clocks/clocks.c.obj
 *fill*         0x10007969        0x3 
 .rodata.__func__.1
                0x1000796c       0x10 CMakeFiles/pico.dir/D_/test/clion-pico-template/pico-sdk/src/rp2_common/hardware_clocks/clocks.c.obj
 .rodata.pll_init.str1.4
                0x1000797c      0x12b CMakeFiles/pico.dir/D_/test/clion-pico-template/pico-sdk/src/rp2_common/hardware_pll/pll.c.obj
 *fill*         0x10007aa7        0x1 
 .rodata.__func__.0
                0x10007aa8        0x9 CMakeFiles/pico.dir/D_/test/clion-pico-template/pico-sdk/src/rp2_common/hardware_pll/pll.c.obj
 *fill*         0x10007ab1        0x3 
 .rodata.__assert_func.str1.4
                0x10007ab4       0x3f CMakeFiles/pico.dir/D_/test/clion-pico-template/pico-sdk/src/rp2_common/pico_runtime/runtime.c.obj
                                 0x43 (size before relaxing)
 *fill*         0x10007af3        0x1 
 .rodata.runtime_init.str1.4
                0x10007af4       0x6b CMakeFiles/pico.dir/D_/test/clion-pico-template/pico-sdk/src/rp2_common/pico_runtime/runtime.c.obj
 *fill*         0x10007b5f        0x1 
 .rodata.panic.str1.4
                0x10007b60       0x10 CMakeFiles/pico.dir/D_/test/clion-pico-template/pico-sdk/src/rp2_common/pico_runtime/runtime.c.obj
                                 0x12 (size before relaxing)
 .rodata.__func__.2
                0x10007b70        0xd CMakeFiles/pico.dir/D_/test/clion-pico-template/pico-sdk/src/rp2_common/pico_runtime/runtime.c.obj
 *fill*         0x10007b7d        0x3 
 .rodata._ftoa.str1.4
                0x10007b80       0x15 CMakeFiles/pico.dir/D_/test/clion-pico-template/pico-sdk/src/rp2_common/pico_printf/printf.c.obj
 *fill*         0x10007b95        0x3 
 .rodata._vsnprintf
                0x10007b98      0x1e0 CMakeFiles/pico.dir/D_/test/clion-pico-template/pico-sdk/src/rp2_common/pico_printf/printf.c.obj
 .rodata.pow10.0
                0x10007d78       0x50 CMakeFiles/pico.dir/D_/test/clion-pico-template/pico-sdk/src/rp2_common/pico_printf/printf.c.obj
 .rodata.__aeabi_double_init.str1.4
                0x10007dc8       0xb2 CMakeFiles/pico.dir/D_/test/clion-pico-template/pico-sdk/src/rp2_common/pico_double/double_init_rom.c.obj
 *fill*         0x10007e7a        0x2 
 .rodata.__func__.0
                0x10007e7c       0x14 CMakeFiles/pico.dir/D_/test/clion-pico-template/pico-sdk/src/rp2_common/pico_double/double_init_rom.c.obj
 .rodata.__aeabi_float_init.str1.4
                0x10007e90       0x84 CMakeFiles/pico.dir/D_/test/clion-pico-template/pico-sdk/src/rp2_common/pico_float/float_init_rom.c.obj
                                 0x88 (size before relaxing)
 .rodata.__func__.0
                0x10007f14       0x13 CMakeFiles/pico.dir/D_/test/clion-pico-template/pico-sdk/src/rp2_common/pico_float/float_init_rom.c.obj
 *fill*         0x10007f27        0x1 
 .rodata.str1.4
                0x10007f28       0x34 CMakeFiles/pico.dir/D_/test/clion-pico-template/pico-sdk/src/rp2_common/pico_standard_link/binary_info.c.obj
 .rodata.__bi_44
                0x10007f5c        0xc CMakeFiles/pico.dir/D_/test/clion-pico-template/pico-sdk/src/rp2_common/pico_standard_link/binary_info.c.obj
 .rodata.__bi_75
                0x10007f68        0xc CMakeFiles/pico.dir/D_/test/clion-pico-template/pico-sdk/src/rp2_common/pico_standard_link/binary_info.c.obj
 .rodata.__bi_81
                0x10007f74        0xc CMakeFiles/pico.dir/D_/test/clion-pico-template/pico-sdk/src/rp2_common/pico_standard_link/binary_info.c.obj
 .rodata.stdout_serialize_begin.str1.4
                0x10007f80       0x6b CMakeFiles/pico.dir/D_/test/clion-pico-template/pico-sdk/src/rp2_common/pico_stdio/stdio.c.obj
 .rodata.__func__.3
                0x10007f80       0x15 CMakeFiles/pico.dir/D_/test/clion-pico-template/pico-sdk/src/rp2_common/pico_stdio/stdio.c.obj
 *fill*         0x10007f95        0x3 
 .rodata.crlf_str.2
                0x10007f98        0x2 CMakeFiles/pico.dir/D_/test/clion-pico-template/pico-sdk/src/rp2_common/pico_stdio/stdio.c.obj
 *fill*         0x10007f9a        0x2 
 .rodata._resetd_driver
                0x10007f9c       0x18 CMakeFiles/pico.dir/D_/test/clion-pico-template/pico-sdk/src/rp2_common/pico_stdio_usb/reset_interface.c.obj
 .rodata.low_priority_worker_irq.str1.4
                0x10007fb4       0x6b CMakeFiles/pico.dir/D_/test/clion-pico-template/pico-sdk/src/rp2_common/pico_stdio_usb/stdio_usb.c.obj
 .rodata.stdio_usb_init.str1.4
                0x10007fb4       0x4f CMakeFiles/pico.dir/D_/test/clion-pico-template/pico-sdk/src/rp2_common/pico_stdio_usb/stdio_usb.c.obj
                                 0x57 (size before relaxing)
 *fill*         0x10008003        0x1 
 .rodata.str1.4
                0x10008004       0x13 CMakeFiles/pico.dir/D_/test/clion-pico-template/pico-sdk/src/rp2_common/pico_stdio_usb/stdio_usb.c.obj
 *fill*         0x10008017        0x1 
 .rodata.__bi_188.0
                0x10008018        0xc CMakeFiles/pico.dir/D_/test/clion-pico-template/pico-sdk/src/rp2_common/pico_stdio_usb/stdio_usb.c.obj
 .rodata.__func__.1
                0x10008024        0xf CMakeFiles/pico.dir/D_/test/clion-pico-template/pico-sdk/src/rp2_common/pico_stdio_usb/stdio_usb.c.obj
 *fill*         0x10008033        0x1 
 .rodata.__func__.3
                0x10008034       0x15 CMakeFiles/pico.dir/D_/test/clion-pico-template/pico-sdk/src/rp2_common/pico_stdio_usb/stdio_usb.c.obj
 *fill*         0x10008049        0x3 
 .rodata.str1.4
                0x1000804c       0x2a CMakeFiles/pico.dir/D_/test/clion-pico-template/pico-sdk/src/rp2_common/pico_stdio_usb/stdio_usb_descriptors.c.obj
 *fill*         0x10008076        0x2 
 .rodata.usbd_desc_cfg
                0x10008078       0x54 CMakeFiles/pico.dir/D_/test/clion-pico-template/pico-sdk/src/rp2_common/pico_stdio_usb/stdio_usb_descriptors.c.obj
 .rodata.usbd_desc_device
                0x100080cc       0x12 CMakeFiles/pico.dir/D_/test/clion-pico-template/pico-sdk/src/rp2_common/pico_stdio_usb/stdio_usb_descriptors.c.obj
 *fill*         0x100080de        0x2 
 .rodata.usbd_desc_str
                0x100080e0       0x18 CMakeFiles/pico.dir/D_/test/clion-pico-template/pico-sdk/src/rp2_common/pico_stdio_usb/stdio_usb_descriptors.c.obj
 .rodata.pico_get_unique_board_id_string.str1.4
                0x100080f8       0x57 CMakeFiles/pico.dir/D_/test/clion-pico-template/pico-sdk/src/rp2_common/pico_unique_id/unique_id.c.obj
 *fill*         0x1000814f        0x1 
 .rodata.__func__.0
                0x10008150       0x20 CMakeFiles/pico.dir/D_/test/clion-pico-template/pico-sdk/src/rp2_common/pico_unique_id/unique_id.c.obj
 .rodata.str1.4
                0x10008170      0x162 CMakeFiles/pico.dir/D_/test/clion-pico-template/pico-sdk/src/rp2_common/hardware_flash/flash.c.obj
 *fill*         0x100082d2        0x2 
 .rodata.__func__.0
                0x100082d4        0xd CMakeFiles/pico.dir/D_/test/clion-pico-template/pico-sdk/src/rp2_common/hardware_flash/flash.c.obj
 *fill*         0x100082e1        0x3 
 .rodata._hw_endpoint_alloc.str1.4
                0x100082e4       0xc1 CMakeFiles/pico.dir/D_/test/clion-pico-template/pico-sdk/lib/tinyusb/src/portable/raspberrypi/rp2040/dcd_rp2040.c.obj
 *fill*         0x100083a5        0x3 
 .rodata.str1.4
                0x100083a8       0x14 CMakeFiles/pico.dir/D_/test/clion-pico-template/pico-sdk/lib/tinyusb/src/portable/raspberrypi/rp2040/dcd_rp2040.c.obj
 .rodata.dcd_int_enable.str1.4
                0x100083bc        0xc CMakeFiles/pico.dir/D_/test/clion-pico-template/pico-sdk/lib/tinyusb/src/portable/raspberrypi/rp2040/dcd_rp2040.c.obj
 .rodata.__func__.0
                0x100083c8        0xe CMakeFiles/pico.dir/D_/test/clion-pico-template/pico-sdk/lib/tinyusb/src/portable/raspberrypi/rp2040/dcd_rp2040.c.obj
 *fill*         0x100083d6        0x2 
 .rodata.__func__.1
                0x100083d8        0xe CMakeFiles/pico.dir/D_/test/clion-pico-template/pico-sdk/lib/tinyusb/src/portable/raspberrypi/rp2040/dcd_rp2040.c.obj
 *fill*         0x100083e6        0x2 
 .rodata.__func__.3
                0x100083e8       0x10 CMakeFiles/pico.dir/D_/test/clion-pico-template/pico-sdk/lib/tinyusb/src/portable/raspberrypi/rp2040/dcd_rp2040.c.obj
 .rodata.__func__.5
                0x100083f8        0xf CMakeFiles/pico.dir/D_/test/clion-pico-template/pico-sdk/lib/tinyusb/src/portable/raspberrypi/rp2040/dcd_rp2040.c.obj
 *fill*         0x10008407        0x1 
 .rodata.__func__.6
                0x10008408       0x13 CMakeFiles/pico.dir/D_/test/clion-pico-template/pico-sdk/lib/tinyusb/src/portable/raspberrypi/rp2040/dcd_rp2040.c.obj
 *fill*         0x1000841b        0x1 
 .rodata.__func__.7
                0x1000841c        0x9 CMakeFiles/pico.dir/D_/test/clion-pico-template/pico-sdk/lib/tinyusb/src/portable/raspberrypi/rp2040/dcd_rp2040.c.obj
 *fill*         0x10008425        0x3 
 .rodata.str1.4
                0x10008428       0xf3 CMakeFiles/pico.dir/D_/test/clion-pico-template/pico-sdk/lib/tinyusb/src/portable/raspberrypi/rp2040/rp2040_usb.c.obj
 *fill*         0x1000851b        0x1 
 .rodata.__func__.0
                0x1000851c        0xf CMakeFiles/pico.dir/D_/test/clion-pico-template/pico-sdk/lib/tinyusb/src/portable/raspberrypi/rp2040/rp2040_usb.c.obj
 *fill*         0x1000852b        0x1 
 .rodata.process_get_descriptor
                0x1000852c       0x40 CMakeFiles/pico.dir/D_/test/clion-pico-template/pico-sdk/lib/tinyusb/src/device/usbd.c.obj
 .rodata.process_control_request
                0x1000856c       0x28 CMakeFiles/pico.dir/D_/test/clion-pico-template/pico-sdk/lib/tinyusb/src/device/usbd.c.obj
 .rodata.tud_task_ext
                0x10008594       0x24 CMakeFiles/pico.dir/D_/test/clion-pico-template/pico-sdk/lib/tinyusb/src/device/usbd.c.obj
 .rodata._usbd_driver
                0x100085b8       0x18 CMakeFiles/pico.dir/D_/test/clion-pico-template/pico-sdk/lib/tinyusb/src/device/usbd.c.obj
                0x100085d0                . = ALIGN (0x4)
 *(SORT_BY_ALIGNMENT(SORT_BY_NAME(.flashdata*)))
                0x100085d0                . = ALIGN (0x4)

.rel.dyn        0x100085d0        0x0
 .rel.iplt      0x100085d0        0x0 d:/armgnu~1/gcc-ar~1.10-/gcc-ar~1.10/bin/../lib/gcc/arm-none-eabi/10.3.1/thumb/v6-m/nofp/crtbegin.o

.ARM.extab
 *(.ARM.extab* .gnu.linkonce.armextab.*)
                0x100085d0                __exidx_start = .

.ARM.exidx
 *(.ARM.exidx* .gnu.linkonce.armexidx.*)
                0x100085d0                __exidx_end = .
                0x100085d0                . = ALIGN (0x4)
                0x100085d0                __binary_info_start = .

.binary_info    0x100085d0       0x20
 *(.binary_info.keep.*)
 .binary_info.keep.__bi_ptr22
                0x100085d0        0x4 CMakeFiles/pico.dir/D_/test/clion-pico-template/pico-sdk/src/rp2_common/pico_standard_link/binary_info.c.obj
 .binary_info.keep.__bi_ptr30
                0x100085d4        0x4 CMakeFiles/pico.dir/D_/test/clion-pico-template/pico-sdk/src/rp2_common/pico_standard_link/binary_info.c.obj
 .binary_info.keep.__bi_ptr38
                0x100085d8        0x4 CMakeFiles/pico.dir/D_/test/clion-pico-template/pico-sdk/src/rp2_common/pico_standard_link/binary_info.c.obj
 .binary_info.keep.__bi_ptr44
                0x100085dc        0x4 CMakeFiles/pico.dir/D_/test/clion-pico-template/pico-sdk/src/rp2_common/pico_standard_link/binary_info.c.obj
 .binary_info.keep.__bi_ptr50
                0x100085e0        0x4 CMakeFiles/pico.dir/D_/test/clion-pico-template/pico-sdk/src/rp2_common/pico_standard_link/binary_info.c.obj
 .binary_info.keep.__bi_ptr75
                0x100085e4        0x4 CMakeFiles/pico.dir/D_/test/clion-pico-template/pico-sdk/src/rp2_common/pico_standard_link/binary_info.c.obj
 .binary_info.keep.__bi_ptr81
                0x100085e8        0x4 CMakeFiles/pico.dir/D_/test/clion-pico-template/pico-sdk/src/rp2_common/pico_standard_link/binary_info.c.obj
 *(.binary_info.*)
 .binary_info.__bi_ptr188
                0x100085ec        0x4 CMakeFiles/pico.dir/D_/test/clion-pico-template/pico-sdk/src/rp2_common/pico_stdio_usb/stdio_usb.c.obj
                0x100085f0                __binary_info_end = .
                0x100085f0                . = ALIGN (0x4)
                0x100085f0                __etext = .

.ram_vector_table
                0x20000000       0xc0
 *(.ram_vector_table)
 .ram_vector_table
                0x20000000       0xc0 CMakeFiles/pico.dir/D_/test/clion-pico-template/pico-sdk/src/rp2_common/pico_runtime/runtime.c.obj
                0x20000000                ram_vector_table

.data           0x200000c0      0xbe0 load address 0x100085f0
                0x200000c0                __data_start__ = .
 *(vtable)
 *(.time_critical*)
 .time_critical.mutex_try_enter
                0x200000c0       0x46 CMakeFiles/pico.dir/D_/test/clion-pico-template/pico-sdk/src/common/pico_sync/mutex.c.obj
                0x200000c0                mutex_try_enter
 *fill*         0x20000106        0x2 
 .time_critical.mutex_enter_block_until
                0x20000108       0x8c CMakeFiles/pico.dir/D_/test/clion-pico-template/pico-sdk/src/common/pico_sync/mutex.c.obj
                0x20000108                mutex_enter_block_until
 .time_critical.mutex_try_enter_block_until
                0x20000194       0x34 CMakeFiles/pico.dir/D_/test/clion-pico-template/pico-sdk/src/common/pico_sync/mutex.c.obj
                0x20000194                mutex_try_enter_block_until
 .time_critical.mutex_enter_timeout_ms
                0x200001c8       0x68 CMakeFiles/pico.dir/D_/test/clion-pico-template/pico-sdk/src/common/pico_sync/mutex.c.obj
                0x200001c8                mutex_enter_timeout_ms
 .time_critical.mutex_exit
                0x20000230       0x4c CMakeFiles/pico.dir/D_/test/clion-pico-template/pico-sdk/src/common/pico_sync/mutex.c.obj
                0x20000230                mutex_exit
 .time_critical.flash_init_boot2_copyout
                0x2000027c       0x30 CMakeFiles/pico.dir/D_/test/clion-pico-template/pico-sdk/src/rp2_common/hardware_flash/flash.c.obj
 .time_critical.flash_enable_xip_via_boot2
                0x200002ac       0x10 CMakeFiles/pico.dir/D_/test/clion-pico-template/pico-sdk/src/rp2_common/hardware_flash/flash.c.obj
 .time_critical.flash_cs_force
                0x200002bc       0x28 CMakeFiles/pico.dir/D_/test/clion-pico-template/pico-sdk/src/rp2_common/hardware_flash/flash.c.obj
 .time_critical.flash_do_cmd
                0x200002e4       0xd8 CMakeFiles/pico.dir/D_/test/clion-pico-template/pico-sdk/src/rp2_common/hardware_flash/flash.c.obj
                0x200002e4                flash_do_cmd
 .time_critical.reset_non_control_endpoints
                0x200003bc       0x40 CMakeFiles/pico.dir/D_/test/clion-pico-template/pico-sdk/lib/tinyusb/src/portable/raspberrypi/rp2040/dcd_rp2040.c.obj
 .time_critical.hw_handle_buff_status
                0x200003fc       0xa4 CMakeFiles/pico.dir/D_/test/clion-pico-template/pico-sdk/lib/tinyusb/src/portable/raspberrypi/rp2040/dcd_rp2040.c.obj
 .time_critical.dcd_rp2040_irq
                0x200004a0      0x1cc CMakeFiles/pico.dir/D_/test/clion-pico-template/pico-sdk/lib/tinyusb/src/portable/raspberrypi/rp2040/dcd_rp2040.c.obj
 .time_critical.e15_is_bulkin_ep
                0x2000066c       0x2c CMakeFiles/pico.dir/D_/test/clion-pico-template/pico-sdk/lib/tinyusb/src/portable/raspberrypi/rp2040/rp2040_usb.c.obj
 .time_critical.e15_is_critical_frame_period
                0x20000698       0x30 CMakeFiles/pico.dir/D_/test/clion-pico-template/pico-sdk/lib/tinyusb/src/portable/raspberrypi/rp2040/rp2040_usb.c.obj
 .time_critical.prepare_ep_buffer
                0x200006c8       0x70 CMakeFiles/pico.dir/D_/test/clion-pico-template/pico-sdk/lib/tinyusb/src/portable/raspberrypi/rp2040/rp2040_usb.c.obj
 .time_critical.sync_ep_buffer
                0x20000738       0x80 CMakeFiles/pico.dir/D_/test/clion-pico-template/pico-sdk/lib/tinyusb/src/portable/raspberrypi/rp2040/rp2040_usb.c.obj
 .time_critical._hw_endpoint_xfer_sync
                0x200007b8       0x28 CMakeFiles/pico.dir/D_/test/clion-pico-template/pico-sdk/lib/tinyusb/src/portable/raspberrypi/rp2040/rp2040_usb.c.obj
 .time_critical.hw_endpoint_reset_transfer
                0x200007e0        0xc CMakeFiles/pico.dir/D_/test/clion-pico-template/pico-sdk/lib/tinyusb/src/portable/raspberrypi/rp2040/rp2040_usb.c.obj
                0x200007e0                hw_endpoint_reset_transfer
 .time_critical._hw_endpoint_buffer_control_update32
                0x200007ec       0x58 CMakeFiles/pico.dir/D_/test/clion-pico-template/pico-sdk/lib/tinyusb/src/portable/raspberrypi/rp2040/rp2040_usb.c.obj
                0x200007ec                _hw_endpoint_buffer_control_update32
 .time_critical.hw_endpoint_start_next_buffer
                0x20000844       0x88 CMakeFiles/pico.dir/D_/test/clion-pico-template/pico-sdk/lib/tinyusb/src/portable/raspberrypi/rp2040/rp2040_usb.c.obj
                0x20000844                hw_endpoint_start_next_buffer
 .time_critical.hw_endpoint_xfer_continue
                0x200008cc       0x50 CMakeFiles/pico.dir/D_/test/clion-pico-template/pico-sdk/lib/tinyusb/src/portable/raspberrypi/rp2040/rp2040_usb.c.obj
                0x200008cc                hw_endpoint_xfer_continue
 .time_critical.tinyusb
                0x2000091c      0x1ec CMakeFiles/pico.dir/D_/test/clion-pico-template/pico-sdk/lib/tinyusb/src/device/usbd.c.obj
                0x2000091c                dcd_event_handler
 *(.text*)
 .text          0x20000b08        0x4 d:/armgnu~1/gcc-ar~1.10-/gcc-ar~1.10/bin/../lib/gcc/arm-none-eabi/10.3.1/thumb/v6-m/nofp\libgcc.a(_dvmd_tls.o)
                0x20000b08                __aeabi_idiv0
                0x20000b08                __aeabi_ldiv0
 *fill*         0x20000b0c        0x4 
 .text.__stub   0x20000b10       0x90 linker stubs
                0x20000ba0                . = ALIGN (0x4)
 *(.rodata*)
                0x20000ba0                . = ALIGN (0x4)
 *(.data*)
 .data.striped_spin_lock_num
                0x20000ba0        0x1 CMakeFiles/pico.dir/D_/test/clion-pico-template/pico-sdk/src/rp2_common/hardware_sync/sync.c.obj
 *fill*         0x20000ba1        0x3 
 .data          0x20000ba4       0x48 CMakeFiles/pico.dir/D_/test/clion-pico-template/pico-sdk/src/rp2_common/hardware_irq/irq_handler_chain.S.obj
                0x20000ba4                irq_handler_chain_slots
                0x20000bd4                irq_handler_chain_first_slot
                0x20000bde                irq_handler_chain_remove_tail
 .data.default_alarm_pool
                0x20000bec       0x18 CMakeFiles/pico.dir/D_/test/clion-pico-template/pico-sdk/src/common/pico_time/time.c.obj
 .data.default_alarm_pool_heap
                0x20000c04       0x10 CMakeFiles/pico.dir/D_/test/clion-pico-template/pico-sdk/src/common/pico_time/time.c.obj
 *fill*         0x20000c14        0xc 
 .data.aeabi_bits_funcs
                0x20000c20       0x10 CMakeFiles/pico.dir/D_/test/clion-pico-template/pico-sdk/src/rp2_common/pico_bit_ops/bit_ops_aeabi.S.obj
                0x20000c20                aeabi_bits_funcs
                0x20000c30                aeabi_bits_funcs_end
 .data.aeabi_mem_funcs
                0x20000c30       0x10 CMakeFiles/pico.dir/D_/test/clion-pico-template/pico-sdk/src/rp2_common/pico_mem_ops/mem_ops_aeabi.S.obj
                0x20000c30                aeabi_mem_funcs
                0x20000c40                aeabi_mem_funcs_end
 .data.stdio_usb
                0x20000c40       0x18 CMakeFiles/pico.dir/D_/test/clion-pico-template/pico-sdk/src/rp2_common/pico_stdio_usb/stdio_usb.c.obj
                0x20000c40                stdio_usb
 .data.ep_dir_string
                0x20000c58        0x8 CMakeFiles/pico.dir/D_/test/clion-pico-template/pico-sdk/lib/tinyusb/src/portable/raspberrypi/rp2040/rp2040_usb.c.obj
                0x20000c58                ep_dir_string
 .data._usbd_qdef
                0x20000c60       0x1c CMakeFiles/pico.dir/D_/test/clion-pico-template/pico-sdk/lib/tinyusb/src/device/usbd.c.obj
                0x20000c60                _usbd_qdef
 .data._usbd_rhport
                0x20000c7c        0x1 CMakeFiles/pico.dir/D_/test/clion-pico-template/pico-sdk/lib/tinyusb/src/device/usbd.c.obj
                0x20000c80                . = ALIGN (0x4)
 *fill*         0x20000c7d        0x3 
 *(.after_data.*)
                0x20000c80                . = ALIGN (0x4)
                0x20000c80                PROVIDE (__mutex_array_start = .)
 *(SORT_BY_NAME(.mutex_array.*))
 *(.mutex_array)
 .mutex_array   0x20000c80        0x8 CMakeFiles/pico.dir/D_/test/clion-pico-template/pico-sdk/src/rp2_common/pico_stdio/stdio.c.obj
                0x20000c88                PROVIDE (__mutex_array_end = .)
                0x20000c88                . = ALIGN (0x4)
                0x20000c88                PROVIDE (__preinit_array_start = .)
 *(SORT_BY_NAME(.preinit_array.*))
 .preinit_array.00001
                0x20000c88        0x4 CMakeFiles/pico.dir/D_/test/clion-pico-template/pico-sdk/src/rp2_common/pico_mem_ops/mem_ops_aeabi.S.obj
 .preinit_array.00010
                0x20000c8c        0x4 CMakeFiles/pico.dir/D_/test/clion-pico-template/pico-sdk/src/rp2_common/pico_bit_ops/bit_ops_aeabi.S.obj
 .preinit_array.00020
                0x20000c90        0x4 CMakeFiles/pico.dir/D_/test/clion-pico-template/pico-sdk/src/rp2_common/pico_double/double_aeabi.S.obj
 .preinit_array.00020
                0x20000c94        0x4 CMakeFiles/pico.dir/D_/test/clion-pico-template/pico-sdk/src/rp2_common/pico_float/float_aeabi.S.obj
 *(.preinit_array)
                0x20000c98                PROVIDE (__preinit_array_end = .)
                0x20000c98                . = ALIGN (0x4)
                0x20000c98                PROVIDE (__init_array_start = .)
 *(SORT_BY_NAME(.init_array.*))
 *(.init_array)
 .init_array    0x20000c98        0x4 d:/armgnu~1/gcc-ar~1.10-/gcc-ar~1.10/bin/../lib/gcc/arm-none-eabi/10.3.1/thumb/v6-m/nofp/crtbegin.o
 .init_array    0x20000c9c        0x4 CMakeFiles/pico.dir/D_/test/clion-pico-template/pico-sdk/src/rp2_common/pico_unique_id/unique_id.c.obj
                0x20000ca0                PROVIDE (__init_array_end = .)
                0x20000ca0                . = ALIGN (0x4)
                [!provide]                PROVIDE (__fini_array_start = .)
 *(SORT_BY_NAME(.fini_array.*))
 *(.fini_array)
                [!provide]                PROVIDE (__fini_array_end = .)
 *(.jcr)
                0x20000ca0                . = ALIGN (0x4)
                0x20000ca0                __data_end__ = .

.igot.plt       0x20000ca0        0x0 load address 0x100091d0
 .igot.plt      0x20000ca0        0x0 d:/armgnu~1/gcc-ar~1.10-/gcc-ar~1.10/bin/../lib/gcc/arm-none-eabi/10.3.1/thumb/v6-m/nofp/crtbegin.o

.uninitialized_data
                0x20000ca0        0x0 load address 0x100091d0
                0x20000ca0                . = ALIGN (0x4)
 *(.uninitialized_data*)

.scratch_x      0x20040000        0x0 load address 0x100091d0
                0x20040000                __scratch_x_start__ = .
 *(.scratch_x.*)
                0x20040000                . = ALIGN (0x4)
                0x20040000                __scratch_x_end__ = .
                0x100091d0                __scratch_x_source__ = LOADADDR (.scratch_x)

.scratch_y      0x20041000        0x0 load address 0x100091d0
                0x20041000                __scratch_y_start__ = .
 *(.scratch_y.*)
                0x20041000                . = ALIGN (0x4)
                0x20041000                __scratch_y_end__ = .
                0x100091d0                __scratch_y_source__ = LOADADDR (.scratch_y)

.bss            0x20000ca0      0xd84
                0x20000ca0                . = ALIGN (0x4)
                0x20000ca0                __bss_start__ = .
 *(SORT_BY_ALIGNMENT(SORT_BY_NAME(.bss*)))
 .bss.default_alarm_pool_entries
                0x20000ca0      0x100 CMakeFiles/pico.dir/D_/test/clion-pico-template/pico-sdk/src/common/pico_time/time.c.obj
 .bss.last_avail_time.2
                0x20000da0        0x8 CMakeFiles/pico.dir/D_/test/clion-pico-template/pico-sdk/src/rp2_common/pico_stdio_usb/stdio_usb.c.obj
 .bss           0x20000da8       0x1c d:/armgnu~1/gcc-ar~1.10-/gcc-ar~1.10/bin/../lib/gcc/arm-none-eabi/10.3.1/thumb/v6-m/nofp/crtbegin.o
 .bss._app_driver
                0x20000dc4        0x4 CMakeFiles/pico.dir/D_/test/clion-pico-template/pico-sdk/lib/tinyusb/src/device/usbd.c.obj
 .bss._cdcd_itf
                0x20000dc8      0x2c8 CMakeFiles/pico.dir/D_/test/clion-pico-template/pico-sdk/lib/tinyusb/src/class/cdc/cdc_device.c.obj
 .bss._ctrl_xfer
                0x20001090       0x14 CMakeFiles/pico.dir/D_/test/clion-pico-template/pico-sdk/lib/tinyusb/src/device/usbd_control.c.obj
 .bss._ubsd_mutexdef
                0x200010a4        0x8 CMakeFiles/pico.dir/D_/test/clion-pico-template/pico-sdk/lib/tinyusb/src/device/usbd.c.obj
 .bss._usbd_ctrl_buf
                0x200010ac       0x40 CMakeFiles/pico.dir/D_/test/clion-pico-template/pico-sdk/lib/tinyusb/src/device/usbd_control.c.obj
 .bss._usbd_dev
                0x200010ec       0x53 CMakeFiles/pico.dir/D_/test/clion-pico-template/pico-sdk/lib/tinyusb/src/device/usbd.c.obj
 *fill*         0x2000113f        0x1 
 .bss._usbd_mutex
                0x20001140        0x4 CMakeFiles/pico.dir/D_/test/clion-pico-template/pico-sdk/lib/tinyusb/src/device/usbd.c.obj
 .bss._usbd_q   0x20001144        0x4 CMakeFiles/pico.dir/D_/test/clion-pico-template/pico-sdk/lib/tinyusb/src/device/usbd.c.obj
 .bss._usbd_qdef_buf
                0x20001148       0xc0 CMakeFiles/pico.dir/D_/test/clion-pico-template/pico-sdk/lib/tinyusb/src/device/usbd.c.obj
                0x20001148                _usbd_qdef_buf
 .bss.alarm_callbacks
                0x20001208       0x10 CMakeFiles/pico.dir/D_/test/clion-pico-template/pico-sdk/src/rp2_common/hardware_timer/timer.c.obj
 .bss.boot2_copyout
                0x20001218      0x100 CMakeFiles/pico.dir/D_/test/clion-pico-template/pico-sdk/src/rp2_common/hardware_flash/flash.c.obj
 .bss.chars_available_callback
                0x20001318        0x4 CMakeFiles/pico.dir/D_/test/clion-pico-template/pico-sdk/src/rp2_common/pico_stdio_usb/stdio_usb.c.obj
 .bss.chars_available_param
                0x2000131c        0x4 CMakeFiles/pico.dir/D_/test/clion-pico-template/pico-sdk/src/rp2_common/pico_stdio_usb/stdio_usb.c.obj
 .bss.claimed   0x20001320        0x4 CMakeFiles/pico.dir/D_/test/clion-pico-template/pico-sdk/src/rp2_common/hardware_sync/sync.c.obj
 .bss.configured_freq
                0x20001324       0x28 CMakeFiles/pico.dir/D_/test/clion-pico-template/pico-sdk/src/rp2_common/hardware_clocks/clocks.c.obj
 .bss.default_alarm_pool_entry_ids_high
                0x2000134c       0x10 CMakeFiles/pico.dir/D_/test/clion-pico-template/pico-sdk/src/common/pico_time/time.c.obj
 .bss.default_alarm_pool_heap_nodes
                0x2000135c       0x30 CMakeFiles/pico.dir/D_/test/clion-pico-template/pico-sdk/src/common/pico_time/time.c.obj
 .bss.desc_str.0