Archive member included to satisfy reference by file (symbol)

d:/armgnu~1/gcc-ar~1.10-/gcc-ar~1.10/bin/../lib/gcc/arm-none-eabi/10.3.1/thumb/v6-m/nofp\libgcc.a(_dvmd_tls.o)
                              CMakeFiles/pico.dir/D_/test/clion-pico-template/pico-sdk/src/rp2_common/pico_divider/divider.S.obj (__aeabi_idiv0)
d:/armgnu~1/gcc-ar~1.10-/gcc-ar~1.10/bin/../lib/gcc/arm-none-eabi/10.3.1/../../../../arm-none-eabi/lib/thumb/v6-m/nofp\libg.a(lib_a-calloc.o)
                              CMakeFiles/pico.dir/D_/test/clion-pico-template/pico-sdk/src/rp2_common/pico_malloc/pico_malloc.c.obj (calloc)
d:/armgnu~1/gcc-ar~1.10-/gcc-ar~1.10/bin/../lib/gcc/arm-none-eabi/10.3.1/../../../../arm-none-eabi/lib/thumb/v6-m/nofp\libg.a(lib_a-callocr.o)
                              d:/armgnu~1/gcc-ar~1.10-/gcc-ar~1.10/bin/../lib/gcc/arm-none-eabi/10.3.1/../../../../arm-none-eabi/lib/thumb/v6-m/nofp\libg.a(lib_a-calloc.o) (_calloc_r)
d:/armgnu~1/gcc-ar~1.10-/gcc-ar~1.10/bin/../lib/gcc/arm-none-eabi/10.3.1/../../../../arm-none-eabi/lib/thumb/v6-m/nofp\libg.a(lib_a-errno.o)
                              d:/armgnu~1/gcc-ar~1.10-/gcc-ar~1.10/bin/../lib/gcc/arm-none-eabi/10.3.1/../../../../arm-none-eabi/lib/thumb/v6-m/nofp\libg.a(lib_a-callocr.o) (__errno)
d:/armgnu~1/gcc-ar~1.10-/gcc-ar~1.10/bin/../lib/gcc/arm-none-eabi/10.3.1/../../../../arm-none-eabi/lib/thumb/v6-m/nofp\libg.a(lib_a-impure.o)
                              d:/armgnu~1/gcc-ar~1.10-/gcc-ar~1.10/bin/../lib/gcc/arm-none-eabi/10.3.1/../../../../arm-none-eabi/lib/thumb/v6-m/nofp\libg.a(lib_a-calloc.o) (_impure_ptr)
d:/armgnu~1/gcc-ar~1.10-/gcc-ar~1.10/bin/../lib/gcc/arm-none-eabi/10.3.1/../../../../arm-none-eabi/lib/thumb/v6-m/nofp\libg.a(lib_a-init.o)
                              d:/armgnu~1/gcc-ar~1.10-/gcc-ar~1.10/bin/../lib/gcc/arm-none-eabi/10.3.1/../../../../arm-none-eabi/lib/thumb/v6-m/nofp/crt0.o (__libc_init_array)
d:/armgnu~1/gcc-ar~1.10-/gcc-ar~1.10/bin/../lib/gcc/arm-none-eabi/10.3.1/../../../../arm-none-eabi/lib/thumb/v6-m/nofp\libg.a(lib_a-malloc.o)
                              CMakeFiles/pico.dir/D_/test/clion-pico-template/pico-sdk/src/rp2_common/pico_malloc/pico_malloc.c.obj (malloc)
d:/armgnu~1/gcc-ar~1.10-/gcc-ar~1.10/bin/../lib/gcc/arm-none-eabi/10.3.1/../../../../arm-none-eabi/lib/thumb/v6-m/nofp\libg.a(lib_a-mallocr.o)
                              d:/armgnu~1/gcc-ar~1.10-/gcc-ar~1.10/bin/../lib/gcc/arm-none-eabi/10.3.1/../../../../arm-none-eabi/lib/thumb/v6-m/nofp\libg.a(lib_a-callocr.o) (_malloc_r)
d:/armgnu~1/gcc-ar~1.10-/gcc-ar~1.10/bin/../lib/gcc/arm-none-eabi/10.3.1/../../../../arm-none-eabi/lib/thumb/v6-m/nofp\libg.a(lib_a-mlock.o)
                              d:/armgnu~1/gcc-ar~1.10-/gcc-ar~1.10/bin/../lib/gcc/arm-none-eabi/10.3.1/../../../../arm-none-eabi/lib/thumb/v6-m/nofp\libg.a(lib_a-mallocr.o) (__malloc_lock)
d:/armgnu~1/gcc-ar~1.10-/gcc-ar~1.10/bin/../lib/gcc/arm-none-eabi/10.3.1/../../../../arm-none-eabi/lib/thumb/v6-m/nofp\libg.a(lib_a-realloc.o)
                              CMakeFiles/pico.dir/D_/test/clion-pico-template/pico-sdk/src/rp2_common/pico_malloc/pico_malloc.c.obj (realloc)
d:/armgnu~1/gcc-ar~1.10-/gcc-ar~1.10/bin/../lib/gcc/arm-none-eabi/10.3.1/../../../../arm-none-eabi/lib/thumb/v6-m/nofp\libg.a(lib_a-reallocr.o)
                              d:/armgnu~1/gcc-ar~1.10-/gcc-ar~1.10/bin/../lib/gcc/arm-none-eabi/10.3.1/../../../../arm-none-eabi/lib/thumb/v6-m/nofp\libg.a(lib_a-realloc.o) (_realloc_r)
d:/armgnu~1/gcc-ar~1.10-/gcc-ar~1.10/bin/../lib/gcc/arm-none-eabi/10.3.1/../../../../arm-none-eabi/lib/thumb/v6-m/nofp\libg.a(lib_a-sbrkr.o)
                              d:/armgnu~1/gcc-ar~1.10-/gcc-ar~1.10/bin/../lib/gcc/arm-none-eabi/10.3.1/../../../../arm-none-eabi/lib/thumb/v6-m/nofp\libg.a(lib_a-mallocr.o) (_sbrk_r)
d:/armgnu~1/gcc-ar~1.10-/gcc-ar~1.10/bin/../lib/gcc/arm-none-eabi/10.3.1/../../../../arm-none-eabi/lib/thumb/v6-m/nofp\libg.a(lib_a-strlen-stub.o)
                              CMakeFiles/pico.dir/D_/test/clion-pico-template/pico-sdk/src/rp2_common/pico_stdio/stdio.c.obj (strlen)
d:/armgnu~1/gcc-ar~1.10-/gcc-ar~1.10/bin/../lib/gcc/arm-none-eabi/10.3.1/../../../../arm-none-eabi/lib/thumb/v6-m/nofp\libg.a(lib_a-freer.o)
                              d:/armgnu~1/gcc-ar~1.10-/gcc-ar~1.10/bin/../lib/gcc/arm-none-eabi/10.3.1/../../../../arm-none-eabi/lib/thumb/v6-m/nofp\libg.a(lib_a-malloc.o) (_free_r)
d:/armgnu~1/gcc-ar~1.10-/gcc-ar~1.10/bin/../lib/gcc/arm-none-eabi/10.3.1/../../../../arm-none-eabi/lib/thumb/v6-m/nofp\libg.a(lib_a-lock.o)
                              d:/armgnu~1/gcc-ar~1.10-/gcc-ar~1.10/bin/../lib/gcc/arm-none-eabi/10.3.1/../../../../arm-none-eabi/lib/thumb/v6-m/nofp\libg.a(lib_a-mlock.o) (__retarget_lock_acquire_recursive)
d:/armgnu~1/gcc-ar~1.10-/gcc-ar~1.10/bin/../lib/gcc/arm-none-eabi/10.3.1/../../../../arm-none-eabi/lib/thumb/v6-m/nofp\libg.a(lib_a-memmove.o)
[...]
Memory Configuration

Name             Origin             Length             Attributes
FLASH            0x10000000         0x00200000         xr
RAM              0x20000000         0x00040000         xrw
SCRATCH_X        0x20040000         0x00001000         xrw
SCRATCH_Y        0x20041000         0x00001000         xrw
*default*        0x00000000         0xffffffff

Linker script and memory map

LOAD d:/armgnu~1/gcc-ar~1.10-/gcc-ar~1.10/bin/../lib/gcc/arm-none-eabi/10.3.1/thumb/v6-m/nofp/crti.o
LOAD d:/armgnu~1/gcc-ar~1.10-/gcc-ar~1.10/bin/../lib/gcc/arm-none-eabi/10.3.1/thumb/v6-m/nofp/crtbegin.o
LOAD d:/armgnu~1/gcc-ar~1.10-/gcc-ar~1.10/bin/../lib/gcc/arm-none-eabi/10.3.1/../../../../arm-none-eabi/lib/thumb/v6-m/nofp/crt0.o

.flash_begin    0x10000000        0x0
                0x10000000                __flash_binary_start = .

.boot2          0x10000000      0x100
                0x10000000                __boot2_start__ = .
 *(.boot2)
 .boot2         0x10000000      0x100 C:\Users\fuzhi\AppData\Local\Temp\ccYhhix8.o
                0x10000100                __boot2_end__ = .
                0x00000001                ASSERT (((__boot2_end__ - __boot2_start__) == 0x100), ERROR: Pico second stage bootloader must be 256 bytes in size)

.text           0x10000100     0x71e8
                0x10000100                __logical_binary_start = .
 *(.vectors)
 .vectors       0x10000100       0xd4 CMakeFiles/pico.dir/D_/test/clion-pico-template/pico-sdk/src/rp2_common/pico_standard_link/crt0.S.obj
                0x10000100                __VECTOR_TABLE
                0x10000100                __vectors
                0x100001c0                isr_invalid
                0x100001c0                __default_isrs_start
                0x100001c2                isr_nmi
                0x100001c4                isr_hardfault
                0x100001c6                isr_svcall
                0x100001c8                isr_pendsv
                0x100001ca                isr_systick
                0x100001cc                isr_irq23
                0x100001cc                isr_irq18
                0x100001cc                isr_irq11
                0x100001cc                isr_irq28
                0x100001cc                isr_irq19
                0x100001cc                isr_irq0
                0x100001cc                isr_irq6
                0x100001cc                isr_irq5
                0x100001cc                isr_irq12
                0x100001cc                isr_irq22
                0x100001cc                isr_irq31
                0x100001cc                isr_irq17
                0x100001cc                isr_irq27
                0x100001cc                isr_irq30
                0x100001cc                isr_irq2
                0x100001cc                isr_irq10
                0x100001cc                isr_irq8
                0x100001cc                isr_irq24
                0x100001cc                isr_irq1
                0x100001cc                isr_irq7
                0x100001cc                isr_irq21
                0x100001cc                isr_irq20
                0x100001cc                isr_irq15
                0x100001cc                isr_irq25
                0x100001cc                isr_irq13
                0x100001cc                __unhandled_user_irq
                0x100001cc                isr_irq4
                0x100001cc                isr_irq16
                0x100001cc                isr_irq29
                0x100001cc                isr_irq26
                0x100001cc                __default_isrs_end
                0x100001cc                isr_irq3
                0x100001cc                isr_irq14
                0x100001cc                isr_irq9
                0x100001d2                unhandled_user_irq_num_in_r0
 *(.binary_info_header)
 .binary_info_header
                0x100001d4       0x14 CMakeFiles/pico.dir/D_/test/clion-pico-template/pico-sdk/src/rp2_common/pico_standard_link/crt0.S.obj
                0x100001e8                __binary_info_header_end = .
 *(.reset)
 .reset         0x100001e8       0xa0 CMakeFiles/pico.dir/D_/test/clion-pico-template/pico-sdk/src/rp2_common/pico_standard_link/crt0.S.obj
                0x100001e8                _entry_point
 .reset         0x10000288       0x30 CMakeFiles/pico.dir/D_/test/clion-pico-template/pico-sdk/src/rp2_common/pico_standard_link/binary_info.c.obj
 *(.init)
 .init          0x100002b8        0x4 d:/armgnu~1/gcc-ar~1.10-/gcc-ar~1.10/bin/../lib/gcc/arm-none-eabi/10.3.1/thumb/v6-m/nofp/crti.o
                0x100002b8                _init
 *(EXCLUDE_FILE(*libm.a: *libc.a:*lib_a-mem*.o *libgcc.a:) .text*)
 .text          0x100002bc       0x48 d:/armgnu~1/gcc-ar~1.10-/gcc-ar~1.10/bin/../lib/gcc/arm-none-eabi/10.3.1/thumb/v6-m/nofp/crtbegin.o
 .text.measure_freqs
                0x10000304       0xb8 CMakeFiles/pico.dir/main.c.obj
                0x10000304                measure_freqs
 .text.main     0x100003bc      0x148 CMakeFiles/pico.dir/main.c.obj
                0x100003bc                main
 .text.gpio_set_function
                0x10000504       0x30 CMakeFiles/pico.dir/D_/test/clion-pico-template/pico-sdk/src/rp2_common/hardware_gpio/gpio.c.obj
                0x10000504                gpio_set_function
 .text.gpio_init
                0x10000534       0x16 CMakeFiles/pico.dir/D_/test/clion-pico-template/pico-sdk/src/rp2_common/hardware_gpio/gpio.c.obj
                0x10000534                gpio_init
 *fill*         0x1000054a        0x2 
 .text.running_on_fpga
                0x1000054c       0x14 CMakeFiles/pico.dir/D_/test/clion-pico-template/pico-sdk/src/rp2_common/pico_platform/platform.c.obj
                0x1000054c                running_on_fpga
 .text.hw_claim_lock
                0x10000560       0x18 CMakeFiles/pico.dir/D_/test/clion-pico-template/pico-sdk/src/rp2_common/hardware_claim/claim.c.obj
                0x10000560                hw_claim_lock
 .text.hw_claim_unlock
                0x10000578       0x14 CMakeFiles/pico.dir/D_/test/clion-pico-template/pico-sdk/src/rp2_common/hardware_claim/claim.c.obj
                0x10000578                hw_claim_unlock
 .text.hw_claim_or_assert
                0x1000058c       0x32 CMakeFiles/pico.dir/D_/test/clion-pico-template/pico-sdk/src/rp2_common/hardware_claim/claim.c.obj
                0x1000058c                hw_claim_or_assert
 .text.hw_claim_unused_from_range
                0x100005be       0x50 CMakeFiles/pico.dir/D_/test/clion-pico-template/pico-sdk/src/rp2_common/hardware_claim/claim.c.obj
                0x100005be                hw_claim_unused_from_range
 *fill*         0x1000060e        0x2 
 .text.spin_locks_reset
                0x10000610       0x20 CMakeFiles/pico.dir/D_/test/clion-pico-template/pico-sdk/src/rp2_common/hardware_sync/sync.c.obj
                0x10000610                spin_locks_reset
 .text.next_striped_spin_lock_num
                0x10000630       0x1c CMakeFiles/pico.dir/D_/test/clion-pico-template/pico-sdk/src/rp2_common/hardware_sync/sync.c.obj
                0x10000630                next_striped_spin_lock_num
 .text.spin_lock_claim_unused
                0x1000064c       0x20 CMakeFiles/pico.dir/D_/test/clion-pico-template/pico-sdk/src/rp2_common/hardware_sync/sync.c.obj
                0x1000064c                spin_lock_claim_unused
 .text.set_raw_irq_handler_and_unlock
                0x1000066c       0x28 CMakeFiles/pico.dir/D_/test/clion-pico-template/pico-sdk/src/rp2_common/hardware_irq/irq.c.obj
 .text.make_branch
                0x10000694       0x48 CMakeFiles/pico.dir/D_/test/clion-pico-template/pico-sdk/src/rp2_common/hardware_irq/irq.c.obj
 .text.insert_branch_and_link
                0x100006dc       0x40 CMakeFiles/pico.dir/D_/test/clion-pico-template/pico-sdk/src/rp2_common/hardware_irq/irq.c.obj
 .text.irq_is_enabled
                0x1000071c       0x18 CMakeFiles/pico.dir/D_/test/clion-pico-template/pico-sdk/src/rp2_common/hardware_irq/irq.c.obj
                0x1000071c                irq_is_enabled
 .text.irq_set_mask_enabled
                0x10000734       0x20 CMakeFiles/pico.dir/D_/test/clion-pico-template/pico-sdk/src/rp2_common/hardware_irq/irq.c.obj
                0x10000734                irq_set_mask_enabled
 .text.irq_set_enabled
                0x10000754        0xe CMakeFiles/pico.dir/D_/test/clion-pico-template/pico-sdk/src/rp2_common/hardware_irq/irq.c.obj
                0x10000754                irq_set_enabled
 *fill*         0x10000762        0x2 
 .text.irq_set_pending
                0x10000764       0x10 CMakeFiles/pico.dir/D_/test/clion-pico-template/pico-sdk/src/rp2_common/hardware_irq/irq.c.obj
                0x10000764                irq_set_pending
 .text.irq_get_vtable_handler
                0x10000774       0x10 CMakeFiles/pico.dir/D_/test/clion-pico-template/pico-sdk/src/rp2_common/hardware_irq/irq.c.obj
                0x10000774                irq_get_vtable_handler
 .text.irq_has_shared_handler
                0x10000784       0x24 CMakeFiles/pico.dir/D_/test/clion-pico-template/pico-sdk/src/rp2_common/hardware_irq/irq.c.obj
                0x10000784                irq_has_shared_handler
 .text.irq_set_exclusive_handler
                0x100007a8       0x54 CMakeFiles/pico.dir/D_/test/clion-pico-template/pico-sdk/src/rp2_common/hardware_irq/irq.c.obj
                0x100007a8                irq_set_exclusive_handler
 .text.irq_add_shared_handler
                0x100007fc      0x234 CMakeFiles/pico.dir/D_/test/clion-pico-template/pico-sdk/src/rp2_common/hardware_irq/irq.c.obj
                0x100007fc                irq_add_shared_handler
 .text.irq_remove_handler
                0x10000a30      0x1ac CMakeFiles/pico.dir/D_/test/clion-pico-template/pico-sdk/src/rp2_common/hardware_irq/irq.c.obj
                0x10000a30                irq_remove_handler
 .text.irq_add_tail_to_free_list
                0x10000bdc       0xf0 CMakeFiles/pico.dir/D_/test/clion-pico-template/pico-sdk/src/rp2_common/hardware_irq/irq.c.obj
                0x10000bdc                irq_add_tail_to_free_list
 .text.irq_init_priorities
                0x10000ccc       0x1c CMakeFiles/pico.dir/D_/test/clion-pico-template/pico-sdk/src/rp2_common/hardware_irq/irq.c.obj
                0x10000ccc                irq_init_priorities
 .text.user_irq_claim_unused
                0x10000ce8       0x28 CMakeFiles/pico.dir/D_/test/clion-pico-template/pico-sdk/src/rp2_common/hardware_irq/irq.c.obj
                0x10000ce8                user_irq_claim_unused
 .text.lock_init
                0x10000d10       0x10 CMakeFiles/pico.dir/D_/test/clion-pico-template/pico-sdk/src/common/pico_sync/lock_core.c.obj
                0x10000d10                lock_init
 .text.mutex_init
                0x10000d20       0x1a CMakeFiles/pico.dir/D_/test/clion-pico-template/pico-sdk/src/common/pico_sync/mutex.c.obj
                0x10000d20                mutex_init
 .text.recursive_mutex_init
                0x10000d3a       0x1e CMakeFiles/pico.dir/D_/test/clion-pico-template/pico-sdk/src/common/pico_sync/mutex.c.obj
                0x10000d3a                recursive_mutex_init
 .text.critical_section_init_with_lock_num
                0x10000d58       0x14 CMakeFiles/pico.dir/D_/test/clion-pico-template/pico-sdk/src/common/pico_sync/critical_section.c.obj
                0x10000d58                critical_section_init_with_lock_num
 .text.critical_section_init
                0x10000d6c       0x14 CMakeFiles/pico.dir/D_/test/clion-pico-template/pico-sdk/src/common/pico_sync/critical_section.c.obj
                0x10000d6c                critical_section_init
 .text.alarm_pool_post_alloc_init
                0x10000d80       0x40 CMakeFiles/pico.dir/D_/test/clion-pico-template/pico-sdk/src/common/pico_time/time.c.obj
 .text.sleep_until_callback
                0x10000dc0       0x30 CMakeFiles/pico.dir/D_/test/clion-pico-template/pico-sdk/src/common/pico_time/time.c.obj
 .text.timer_pool_entry_comparator
                0x10000df0       0x7c CMakeFiles/pico.dir/D_/test/clion-pico-template/pico-sdk/src/common/pico_time/time.c.obj
                0x10000df0                timer_pool_entry_comparator
 .text.ph_add_child_node
                0x10000e6c       0xa4 CMakeFiles/pico.dir/D_/test/clion-pico-template/pico-sdk/src/common/pico_time/time.c.obj
 .text.ph_merge_nodes
                0x10000f10       0x3e CMakeFiles/pico.dir/D_/test/clion-pico-template/pico-sdk/src/common/pico_time/time.c.obj
 *fill*         0x10000f4e        0x2 
 .text.add_alarm_under_lock
                0x10000f50      0x174 CMakeFiles/pico.dir/D_/test/clion-pico-template/pico-sdk/src/common/pico_time/time.c.obj
 .text.alarm_pool_alarm_callback
                0x100010c4      0x33c CMakeFiles/pico.dir/D_/test/clion-pico-template/pico-sdk/src/common/pico_time/time.c.obj
 .text.alarm_pool_init_default
                0x10001400       0x40 CMakeFiles/pico.dir/D_/test/clion-pico-template/pico-sdk/src/common/pico_time/time.c.obj
                0x10001400                alarm_pool_init_default
 .text.alarm_pool_get_default
                0x10001440       0x2c CMakeFiles/pico.dir/D_/test/clion-pico-template/pico-sdk/src/common/pico_time/time.c.obj
                0x10001440                alarm_pool_get_default
 .text.alarm_pool_add_alarm_at
                0x1000146c      0x168 CMakeFiles/pico.dir/D_/test/clion-pico-template/pico-sdk/src/common/pico_time/time.c.obj
                0x1000146c                alarm_pool_add_alarm_at
 .text.alarm_pool_cancel_alarm
                0x100015d4       0xf0 CMakeFiles/pico.dir/D_/test/clion-pico-template/pico-sdk/src/common/pico_time/time.c.obj
                0x100015d4                alarm_pool_cancel_alarm
 .text.alarm_pool_core_num
                0x100016c4        0x4 CMakeFiles/pico.dir/D_/test/clion-pico-template/pico-sdk/src/common/pico_time/time.c.obj
                0x100016c4                alarm_pool_core_num
 .text.sleep_until
                0x100016c8       0xfc CMakeFiles/pico.dir/D_/test/clion-pico-template/pico-sdk/src/common/pico_time/time.c.obj
                0x100016c8                sleep_until
 .text.sleep_us
                0x100017c4       0x58 CMakeFiles/pico.dir/D_/test/clion-pico-template/pico-sdk/src/common/pico_time/time.c.obj
                0x100017c4                sleep_us
 .text.sleep_ms
                0x1000181c       0x14 CMakeFiles/pico.dir/D_/test/clion-pico-template/pico-sdk/src/common/pico_time/time.c.obj
                0x1000181c                sleep_ms
 .text.best_effort_wfe_or_timeout
                0x10001830       0xac CMakeFiles/pico.dir/D_/test/clion-pico-template/pico-sdk/src/common/pico_time/time.c.obj
                0x10001830                best_effort_wfe_or_timeout
 .text.hardware_alarm_irq_handler
                0x100018dc       0x90 CMakeFiles/pico.dir/D_/test/clion-pico-template/pico-sdk/src/rp2_common/hardware_timer/timer.c.obj
 .text.hardware_alarm_claim
                0x1000196c       0x18 CMakeFiles/pico.dir/D_/test/clion-pico-template/pico-sdk/src/rp2_common/hardware_timer/timer.c.obj
                0x1000196c                hardware_alarm_claim
 .text.time_us_64
                0x10001984       0x18 CMakeFiles/pico.dir/D_/test/clion-pico-template/pico-sdk/src/rp2_common/hardware_timer/timer.c.obj
                0x10001984                time_us_64
 .text.busy_wait_until
                0x1000199c       0x28 CMakeFiles/pico.dir/D_/test/clion-pico-template/pico-sdk/src/rp2_common/hardware_timer/timer.c.obj
                0x1000199c                busy_wait_until
 .text.hardware_alarm_set_callback
                0x100019c4       0x90 CMakeFiles/pico.dir/D_/test/clion-pico-template/pico-sdk/src/rp2_common/hardware_timer/timer.c.obj
                0x100019c4                hardware_alarm_set_callback
 .text.hardware_alarm_set_target
                0x10001a54       0xe8 CMakeFiles/pico.dir/D_/test/clion-pico-template/pico-sdk/src/rp2_common/hardware_timer/timer.c.obj
                0x10001a54                hardware_alarm_set_target
 .text.hardware_alarm_cancel
                0x10001b3c       0x40 CMakeFiles/pico.dir/D_/test/clion-pico-template/pico-sdk/src/rp2_common/hardware_timer/timer.c.obj
                0x10001b3c                hardware_alarm_cancel
 .text.ph_add_child_node
                0x10001b7c       0xa4 CMakeFiles/pico.dir/D_/test/clion-pico-template/pico-sdk/src/common/pico_util/pheap.c.obj
 .text.ph_merge_nodes
                0x10001c20       0x3e CMakeFiles/pico.dir/D_/test/clion-pico-template/pico-sdk/src/common/pico_util/pheap.c.obj
 *fill*         0x10001c5e        0x2 
 .text.ph_clear
                0x10001c60       0x70 CMakeFiles/pico.dir/D_/test/clion-pico-template/pico-sdk/src/common/pico_util/pheap.c.obj
                0x10001c60                ph_clear
 .text.ph_post_alloc_init
                0x10001cd0        0xe CMakeFiles/pico.dir/D_/test/clion-pico-template/pico-sdk/src/common/pico_util/pheap.c.obj
                0x10001cd0                ph_post_alloc_init
 *fill*         0x10001cde        0x2 
 .text.ph_merge_two_pass
                0x10001ce0       0xa8 CMakeFiles/pico.dir/D_/test/clion-pico-template/pico-sdk/src/common/pico_util/pheap.c.obj
                0x10001ce0                ph_merge_two_pass
 .text.ph_remove_any_head
                0x10001d88      0x128 CMakeFiles/pico.dir/D_/test/clion-pico-template/pico-sdk/src/common/pico_util/pheap.c.obj
 .text.ph_remove_head
                0x10001eb0       0x14 CMakeFiles/pico.dir/D_/test/clion-pico-template/pico-sdk/src/common/pico_util/pheap.c.obj
                0x10001eb0                ph_remove_head
 .text.ph_remove_and_free_node
                0x10001ec4       0xf8 CMakeFiles/pico.dir/D_/test/clion-pico-template/pico-sdk/src/common/pico_util/pheap.c.obj
                0x10001ec4                ph_remove_and_free_node
 .text.clock_configure
                0x10001fbc      0x104 CMakeFiles/pico.dir/D_/test/clion-pico-template/pico-sdk/src/rp2_common/hardware_clocks/clocks.c.obj
                0x10001fbc                clock_configure
 .text.clocks_init
                0x100020c0      0x100 CMakeFiles/pico.dir/D_/test/clion-pico-template/pico-sdk/src/rp2_common/hardware_clocks/clocks.c.obj
                0x100020c0                clocks_init
 .text.clock_get_hz
                0x100021c0        0xc CMakeFiles/pico.dir/D_/test/clion-pico-template/pico-sdk/src/rp2_common/hardware_clocks/clocks.c.obj
                0x100021c0                clock_get_hz
 .text.frequency_count_khz
                0x100021cc       0x40 CMakeFiles/pico.dir/D_/test/clion-pico-template/pico-sdk/src/rp2_common/hardware_clocks/clocks.c.obj
                0x100021cc                frequency_count_khz
 .text.pll_init
                0x1000220c      0x12c CMakeFiles/pico.dir/D_/test/clion-pico-template/pico-sdk/src/rp2_common/hardware_pll/pll.c.obj
                0x1000220c                pll_init
 .text.pll_deinit
                0x10002338        0x6 CMakeFiles/pico.dir/D_/test/clion-pico-template/pico-sdk/src/rp2_common/hardware_pll/pll.c.obj
                0x10002338                pll_deinit
 *fill*         0x1000233e        0x2 
 .text.watchdog_start_tick
                0x10002340       0x10 CMakeFiles/pico.dir/D_/test/clion-pico-template/pico-sdk/src/rp2_common/hardware_watchdog/watchdog.c.obj
                0x10002340                watchdog_start_tick
 .text.watchdog_update
                0x10002350       0x14 CMakeFiles/pico.dir/D_/test/clion-pico-template/pico-sdk/src/rp2_common/hardware_watchdog/watchdog.c.obj
                0x10002350                watchdog_update
 .text._watchdog_enable
                0x10002364       0x78 CMakeFiles/pico.dir/D_/test/clion-pico-template/pico-sdk/src/rp2_common/hardware_watchdog/watchdog.c.obj
                0x10002364                _watchdog_enable
 .text.watchdog_reboot
                0x100023dc       0x48 CMakeFiles/pico.dir/D_/test/clion-pico-template/pico-sdk/src/rp2_common/hardware_watchdog/watchdog.c.obj
                0x100023dc                watchdog_reboot
 .text.xosc_init
                0x10002424       0x28 CMakeFiles/pico.dir/D_/test/clion-pico-template/pico-sdk/src/rp2_common/hardware_xosc/xosc.c.obj
                0x10002424                xosc_init
 .text._exit    0x1000244c        0x4 CMakeFiles/pico.dir/D_/test/clion-pico-template/pico-sdk/src/rp2_common/pico_runtime/runtime.c.obj
                0x1000244c                _exit
 .text.exit     0x10002450        0x6 CMakeFiles/pico.dir/D_/test/clion-pico-template/pico-sdk/src/rp2_common/pico_runtime/runtime.c.obj
                0x10002450                exit
 *fill*         0x10002456        0x2 
 .text.__assert_func
                0x10002458       0x3c CMakeFiles/pico.dir/D_/test/clion-pico-template/pico-sdk/src/rp2_common/pico_runtime/runtime.c.obj
                0x10002458                __assert_func
 .text.runtime_init
                0x10002494       0xf8 CMakeFiles/pico.dir/D_/test/clion-pico-template/pico-sdk/src/rp2_common/pico_runtime/runtime.c.obj
                0x10002494                runtime_init
 .text.panic    0x1000258c       0x30 CMakeFiles/pico.dir/D_/test/clion-pico-template/pico-sdk/src/rp2_common/pico_runtime/runtime.c.obj
                0x1000258c                panic
 .text._out_null
                0x100025bc        0x2 CMakeFiles/pico.dir/D_/test/clion-pico-template/pico-sdk/src/rp2_common/pico_printf/printf.c.obj
 .text._out_fct
                0x100025be        0xe CMakeFiles/pico.dir/D_/test/clion-pico-template/pico-sdk/src/rp2_common/pico_printf/printf.c.obj
 .text._atoi    0x100025cc       0x24 CMakeFiles/pico.dir/D_/test/clion-pico-template/pico-sdk/src/rp2_common/pico_printf/printf.c.obj
 .text._out_rev
                0x100025f0       0xae CMakeFiles/pico.dir/D_/test/clion-pico-template/pico-sdk/src/rp2_common/pico_printf/printf.c.obj
 .text._ntoa_format
                0x1000269e      0x112 CMakeFiles/pico.dir/D_/test/clion-pico-template/pico-sdk/src/rp2_common/pico_printf/printf.c.obj
 .text._ntoa_long
                0x100027b0       0xbc CMakeFiles/pico.dir/D_/test/clion-pico-template/pico-sdk/src/rp2_common/pico_printf/printf.c.obj
 .text._ntoa_long_long
                0x1000286c       0xe2 CMakeFiles/pico.dir/D_/test/clion-pico-template/pico-sdk/src/rp2_common/pico_printf/printf.c.obj
 *fill*         0x1000294e        0x2 
 .text._etoa    0x10002950      0x414 CMakeFiles/pico.dir/D_/test/clion-pico-template/pico-sdk/src/rp2_common/pico_printf/printf.c.obj
 .text._ftoa    0x10002d64      0x354 CMakeFiles/pico.dir/D_/test/clion-pico-template/pico-sdk/src/rp2_common/pico_printf/printf.c.obj
 .text._vsnprintf
                0x100030b8      0x624 CMakeFiles/pico.dir/D_/test/clion-pico-template/pico-sdk/src/rp2_common/pico_printf/printf.c.obj
 .text.vfctprintf
                0x100036dc       0x20 CMakeFiles/pico.dir/D_/test/clion-pico-template/pico-sdk/src/rp2_common/pico_printf/printf.c.obj
                0x100036dc                vfctprintf
 .text          0x100036fc       0x10 CMakeFiles/pico.dir/D_/test/clion-pico-template/pico-sdk/src/rp2_common/pico_bit_ops/bit_ops_aeabi.S.obj
 .text.rom_func_lookup
                0x1000370c       0x10 CMakeFiles/pico.dir/D_/test/clion-pico-template/pico-sdk/src/rp2_common/pico_bootrom/bootrom.c.obj
                0x1000370c                rom_func_lookup
 .text.rom_data_lookup
                0x1000371c       0x10 CMakeFiles/pico.dir/D_/test/clion-pico-template/pico-sdk/src/rp2_common/pico_bootrom/bootrom.c.obj
                0x1000371c                rom_data_lookup
 .text.rom_funcs_lookup
                0x1000372c       0x36 CMakeFiles/pico.dir/D_/test/clion-pico-template/pico-sdk/src/rp2_common/pico_bootrom/bootrom.c.obj
                0x1000372c                rom_funcs_lookup
 *fill*         0x10003762        0x2 
 .text.__wrap___aeabi_idiv
                0x10003764       0x50 CMakeFiles/pico.dir/D_/test/clion-pico-template/pico-sdk/src/rp2_common/pico_divider/divider.S.obj
                0x10003764                __wrap___aeabi_idivmod
                0x10003764                divmod_s32s32
                0x10003764                div_s32s32
                0x10003764                __wrap___aeabi_idiv
                0x1000376c                divmod_s32s32_unsafe
                0x10003798                divmod_s32s32_savestate
 .text.__wrap___aeabi_uidiv
                0x100037b4       0x4c CMakeFiles/pico.dir/D_/test/clion-pico-template/pico-sdk/src/rp2_common/pico_divider/divider.S.obj
                0x100037b4                __wrap___aeabi_uidiv
                0x100037b4                __wrap___aeabi_uidivmod
                0x100037b4                div_u32u32
                0x100037b4                divmod_u32u32
                0x100037bc                divmod_u32u32_unsafe
                0x100037e4                divmod_u32u32_savestate
 .text.__wrap___aeabi_ldiv
                0x10003800      0x424 CMakeFiles/pico.dir/D_/test/clion-pico-template/pico-sdk/src/rp2_common/pico_divider/divider.S.obj
                0x10003800                div_s64s64
                0x10003800                divmod_s64s64
                0x10003800                __wrap___aeabi_ldivmod
                0x10003830                divmod_u64u64
                0x10003830                div_u64u64
                0x10003830                __wrap___aeabi_uldivmod
                0x10003840                divmod_u64u64_savestate
                0x10003860                divmod_s64s64_unsafe
                0x100038e8                divmod_u64u64_unsafe
 .text.__wrap___aeabi_darithmetic
                0x10003c24       0x80 CMakeFiles/pico.dir/D_/test/clion-pico-template/pico-sdk/src/rp2_common/pico_double/double_aeabi.S.obj
                0x10003c24                __wrap___aeabi_drsub
                0x10003c2a                __wrap___aeabi_dsub
                0x10003c3c                __wrap___aeabi_dadd
                0x10003c4e                __wrap___aeabi_ddiv
                0x10003c8a                __wrap___aeabi_dmul
 .text.__wrap___aeabi_cdcmple
                0x10003ca4       0x6c CMakeFiles/pico.dir/D_/test/clion-pico-template/pico-sdk/src/rp2_common/pico_double/double_aeabi.S.obj
                0x10003ca4                __wrap___aeabi_cdrcmple
                0x10003cb4                __wrap___aeabi_cdcmpeq
                0x10003cb4                __wrap___aeabi_cdcmple
 .text.__wrap___aeabi_dcmplt
                0x10003d10        0xc CMakeFiles/pico.dir/D_/test/clion-pico-template/pico-sdk/src/rp2_common/pico_double/double_aeabi.S.obj
                0x10003d10                __wrap___aeabi_dcmplt
 .text.__wrap___aeabi_dcmple
                0x10003d1c       0x10 CMakeFiles/pico.dir/D_/test/clion-pico-template/pico-sdk/src/rp2_common/pico_double/double_aeabi.S.obj
                0x10003d1c                __wrap___aeabi_dcmple
 .text.__wrap___aeabi_dcmpge
                0x10003d2c       0x10 CMakeFiles/pico.dir/D_/test/clion-pico-template/pico-sdk/src/rp2_common/pico_double/double_aeabi.S.obj
                0x10003d2c                __wrap___aeabi_dcmpge
 .text.__wrap___aeabi_dcmpgt
                0x10003d3c        0xa CMakeFiles/pico.dir/D_/test/clion-pico-template/pico-sdk/src/rp2_common/pico_double/double_aeabi.S.obj
                0x10003d3c                __wrap___aeabi_dcmpgt
 .text.__wrap___aeabi_dcmpun
                0x10003d46       0x1c CMakeFiles/pico.dir/D_/test/clion-pico-template/pico-sdk/src/rp2_common/pico_double/double_aeabi.S.obj
                0x10003d46                __wrap___aeabi_dcmpun
 *fill*         0x10003d62        0x2 
 .text.__wrap___aeabi_i2d
                0x10003d64       0x38 CMakeFiles/pico.dir/D_/test/clion-pico-template/pico-sdk/src/rp2_common/pico_double/double_aeabi.S.obj
                0x10003d64                __wrap___aeabi_ui2d
                0x10003d6c                __wrap___aeabi_i2d
 .text.__wrap___aeabi_d2iz
                0x10003d9c       0x48 CMakeFiles/pico.dir/D_/test/clion-pico-template/pico-sdk/src/rp2_common/pico_double/double_aeabi.S.obj
                0x10003d9c                double2int_z
                0x10003d9c                __wrap___aeabi_d2iz
 .text.__wrap___aeabi_d2uiz
                0x10003de4       0x18 CMakeFiles/pico.dir/D_/test/clion-pico-template/pico-sdk/src/rp2_common/pico_double/double_aeabi.S.obj
                0x10003de4                __wrap___aeabi_d2uiz
                0x10003de4                double2uint
 .text.__aeabi_double_init
                0x10003dfc       0xc8 CMakeFiles/pico.dir/D_/test/clion-pico-template/pico-sdk/src/rp2_common/pico_double/double_init_rom.c.obj
                0x10003dfc                __aeabi_double_init
 .text.double_table_shim_on_use_helper
                0x10003ec4       0x34 CMakeFiles/pico.dir/D_/test/clion-pico-template/pico-sdk/src/rp2_common/pico_double/double_v1_rom_shim.S.obj
                0x10003ec4                double_table_shim_on_use_helper
 .text.__wrap___aeabi_dsub
                0x10003ef8       0x10 CMakeFiles/pico.dir/D_/test/clion-pico-template/pico-sdk/src/rp2_common/pico_double/double_v1_rom_shim.S.obj
                0x10003ef8                drsub_shim
                0x10003efe                dsub_shim
 .text.dadd_shim
                0x10003f08      0x15c CMakeFiles/pico.dir/D_/test/clion-pico-template/pico-sdk/src/rp2_common/pico_double/double_v1_rom_shim.S.obj
                0x10003f08                dadd_shim
 .text.dmul_shim
                0x10004064      0x15c CMakeFiles/pico.dir/D_/test/clion-pico-template/pico-sdk/src/rp2_common/pico_double/double_v1_rom_shim.S.obj
                0x10004064                dmul_shim
 .text.ddiv_shim
                0x100041c0      0x1b0 CMakeFiles/pico.dir/D_/test/clion-pico-template/pico-sdk/src/rp2_common/pico_double/double_v1_rom_shim.S.obj
                0x100041c0                ddiv_shim
 .text.double2uint_shim
                0x10004370        0xe CMakeFiles/pico.dir/D_/test/clion-pico-template/pico-sdk/src/rp2_common/pico_double/double_v1_rom_shim.S.obj
                0x10004370                double2uint_shim
                0x10004372                double2ufix_shim
 *fill*         0x1000437e        0x2 
 .text.double2uint64_shim
                0x10004380       0x70 CMakeFiles/pico.dir/D_/test/clion-pico-template/pico-sdk/src/rp2_common/pico_double/double_v1_rom_shim.S.obj
                0x10004380                double2uint64_shim
                0x10004382                double2ufix64_shim
                0x100043a2                d2fix_a
 .text.dunpacks
                0x100043f0       0x3c CMakeFiles/pico.dir/D_/test/clion-pico-template/pico-sdk/src/rp2_common/pico_double/double_v1_rom_shim.S.obj
                0x100043f0                dunpacks
 .text.__aeabi_lmul
                0x1000442c       0x32 CMakeFiles/pico.dir/D_/test/clion-pico-template/pico-sdk/src/rp2_common/pico_int64_ops/pico_int64_ops_aeabi.S.obj
                0x1000442c                __wrap___aeabi_lmul
 *fill*         0x1000445e        0x2 
 .text.__aeabi_float_init
                0x10004460       0xfc CMakeFiles/pico.dir/D_/test/clion-pico-template/pico-sdk/src/rp2_common/pico_float/float_init_rom.c.obj
                0x10004460                __aeabi_float_init
 .text.float_table_shim_on_use_helper
                0x1000455c       0x34 CMakeFiles/pico.dir/D_/test/clion-pico-template/pico-sdk/src/rp2_common/pico_float/float_v1_rom_shim.S.obj
                0x1000455c                float_table_shim_on_use_helper
 .text          0x10004590       0x10 CMakeFiles/pico.dir/D_/test/clion-pico-template/pico-sdk/src/rp2_common/pico_mem_ops/mem_ops_aeabi.S.obj
                0x10004590                __aeabi_mem_init
 .text.memset   0x100045a0        0xc CMakeFiles/pico.dir/D_/test/clion-pico-template/pico-sdk/src/rp2_common/pico_mem_ops/mem_ops_aeabi.S.obj
                0x100045a0                __wrap_memset
 .text.memcpy   0x100045ac        0xc CMakeFiles/pico.dir/D_/test/clion-pico-template/pico-sdk/src/rp2_common/pico_mem_ops/mem_ops_aeabi.S.obj
                0x100045ac                __wrap_memcpy
                0x100045ac                __wrap___aeabi_memcpy
 .text.stdio_out_chars_no_crlf
                0x100045b8        0xe CMakeFiles/pico.dir/D_/test/clion-pico-template/pico-sdk/src/rp2_common/pico_stdio/stdio.c.obj
 *fill*         0x100045c6        0x2 
 .text.stdio_out_chars_crlf
                0x100045c8       0x80 CMakeFiles/pico.dir/D_/test/clion-pico-template/pico-sdk/src/rp2_common/pico_stdio/stdio.c.obj
 .text.stdio_stack_buffer_flush
                0x10004648       0x44 CMakeFiles/pico.dir/D_/test/clion-pico-template/pico-sdk/src/rp2_common/pico_stdio/stdio.c.obj
 .text.stdio_buffered_printer
                0x1000468c       0x20 CMakeFiles/pico.dir/D_/test/clion-pico-template/pico-sdk/src/rp2_common/pico_stdio/stdio.c.obj
 .text.stdout_serialize_begin
                0x100046ac       0x5c CMakeFiles/pico.dir/D_/test/clion-pico-template/pico-sdk/src/rp2_common/pico_stdio/stdio.c.obj
                0x100046ac                stdout_serialize_begin
 .text.stdout_serialize_end
                0x10004708       0x10 CMakeFiles/pico.dir/D_/test/clion-pico-template/pico-sdk/src/rp2_common/pico_stdio/stdio.c.obj
                0x10004708                stdout_serialize_end
 .text.stdio_put_string
                0x10004718       0x98 CMakeFiles/pico.dir/D_/test/clion-pico-template/pico-sdk/src/rp2_common/pico_stdio/stdio.c.obj
 .text.stdio_set_driver_enabled
                0x100047b0       0x2c CMakeFiles/pico.dir/D_/test/clion-pico-template/pico-sdk/src/rp2_common/pico_stdio/stdio.c.obj
                0x100047b0                stdio_set_driver_enabled
 .text.stdio_flush
                0x100047dc       0x20 CMakeFiles/pico.dir/D_/test/clion-pico-template/pico-sdk/src/rp2_common/pico_stdio/stdio.c.obj
                0x100047dc                stdio_flush
 .text.__wrap_puts
                0x100047fc       0x1e CMakeFiles/pico.dir/D_/test/clion-pico-template/pico-sdk/src/rp2_common/pico_stdio/stdio.c.obj
                0x100047fc                __wrap_puts
 *fill*         0x1000481a        0x2 
 .text.__wrap_vprintf
                0x1000481c       0x40 CMakeFiles/pico.dir/D_/test/clion-pico-template/pico-sdk/src/rp2_common/pico_stdio/stdio.c.obj
                0x1000481c                __wrap_vprintf
 .text.__wrap_printf
                0x1000485c       0x18 CMakeFiles/pico.dir/D_/test/clion-pico-template/pico-sdk/src/rp2_common/pico_stdio/stdio.c.obj
                0x1000485c                __wrap_printf
 .text.stdio_init_all
                0x10004874        0x8 CMakeFiles/pico.dir/D_/test/clion-pico-template/pico-sdk/src/rp2_common/pico_stdio/stdio.c.obj
                0x10004874                stdio_init_all
 .text.resetd_init
                0x1000487c        0x2 CMakeFiles/pico.dir/D_/test/clion-pico-template/pico-sdk/src/rp2_common/pico_stdio_usb/reset_interface.c.obj
 *fill*         0x1000487e        0x2 
 .text.resetd_reset
                0x10004880        0xc CMakeFiles/pico.dir/D_/test/clion-pico-template/pico-sdk/src/rp2_common/pico_stdio_usb/reset_interface.c.obj
 .text.resetd_open
                0x1000488c       0x34 CMakeFiles/pico.dir/D_/test/clion-pico-template/pico-sdk/src/rp2_common/pico_stdio_usb/reset_interface.c.obj
 .text.resetd_xfer_cb
                0x100048c0        0x4 CMakeFiles/pico.dir/D_/test/clion-pico-template/pico-sdk/src/rp2_common/pico_stdio_usb/reset_interface.c.obj
 .text.reset_usb_boot
                0x100048c4       0x18 CMakeFiles/pico.dir/D_/test/clion-pico-template/pico-sdk/src/rp2_common/pico_stdio_usb/reset_interface.c.obj
 .text.resetd_control_xfer_cb
                0x100048dc       0x5c CMakeFiles/pico.dir/D_/test/clion-pico-template/pico-sdk/src/rp2_common/pico_stdio_usb/reset_interface.c.obj
 .text.usbd_app_driver_get_cb
                0x10004938        0xc CMakeFiles/pico.dir/D_/test/clion-pico-template/pico-sdk/src/rp2_common/pico_stdio_usb/reset_interface.c.obj
                0x10004938                usbd_app_driver_get_cb
 .text.tud_cdc_line_coding_cb
                0x10004944       0x28 CMakeFiles/pico.dir/D_/test/clion-pico-template/pico-sdk/src/rp2_common/pico_stdio_usb/reset_interface.c.obj
                0x10004944                tud_cdc_line_coding_cb
 .text.stdio_usb_set_chars_available_callback
                0x1000496c       0x14 CMakeFiles/pico.dir/D_/test/clion-pico-template/pico-sdk/src/rp2_common/pico_stdio_usb/stdio_usb.c.obj
                0x1000496c                stdio_usb_set_chars_available_callback
 .text.usb_irq  0x10004980       0x10 CMakeFiles/pico.dir/D_/test/clion-pico-template/pico-sdk/src/rp2_common/pico_stdio_usb/stdio_usb.c.obj
 .text.timer_task
                0x10004990       0x58 CMakeFiles/pico.dir/D_/test/clion-pico-template/pico-sdk/src/rp2_common/pico_stdio_usb/stdio_usb.c.obj
 .text.low_priority_worker_irq
                0x100049e8       0xd8 CMakeFiles/pico.dir/D_/test/clion-pico-template/pico-sdk/src/rp2_common/pico_stdio_usb/stdio_usb.c.obj
 .text.tud_cdc_rx_cb
                0x10004ac0       0x20 CMakeFiles/pico.dir/D_/test/clion-pico-template/pico-sdk/src/rp2_common/pico_stdio_usb/stdio_usb.c.obj
                0x10004ac0                tud_cdc_rx_cb
 .text.stdio_usb_init
                0x10004ae0      0x12c CMakeFiles/pico.dir/D_/test/clion-pico-template/pico-sdk/src/rp2_common/pico_stdio_usb/stdio_usb.c.obj
                0x10004ae0                stdio_usb_init
 .text.stdio_usb_connected
                0x10004c0c        0xa CMakeFiles/pico.dir/D_/test/clion-pico-template/pico-sdk/src/rp2_common/pico_stdio_usb/stdio_usb.c.obj
                0x10004c0c                stdio_usb_connected
 *fill*         0x10004c16        0x2 
 .text.stdio_usb_in_chars
                0x10004c18       0xc4 CMakeFiles/pico.dir/D_/test/clion-pico-template/pico-sdk/src/rp2_common/pico_stdio_usb/stdio_usb.c.obj
                0x10004c18                stdio_usb_in_chars
 .text.stdio_usb_out_chars
                0x10004cdc      0x114 CMakeFiles/pico.dir/D_/test/clion-pico-template/pico-sdk/src/rp2_common/pico_stdio_usb/stdio_usb.c.obj
 .text.tud_descriptor_device_cb
                0x10004df0        0x8 CMakeFiles/pico.dir/D_/test/clion-pico-template/pico-sdk/src/rp2_common/pico_stdio_usb/stdio_usb_descriptors.c.obj
                0x10004df0                tud_descriptor_device_cb
 .text.tud_descriptor_configuration_cb
                0x10004df8        0x8 CMakeFiles/pico.dir/D_/test/clion-pico-template/pico-sdk/src/rp2_common/pico_stdio_usb/stdio_usb_descriptors.c.obj
                0x10004df8                tud_descriptor_configuration_cb
 .text.tud_descriptor_string_cb
                0x10004e00       0x6c CMakeFiles/pico.dir/D_/test/clion-pico-template/pico-sdk/src/rp2_common/pico_stdio_usb/stdio_usb_descriptors.c.obj
                0x10004e00                tud_descriptor_string_cb
 .text._retrieve_unique_id_on_boot
                0x10004e6c       0x10 CMakeFiles/pico.dir/D_/test/clion-pico-template/pico-sdk/src/rp2_common/pico_unique_id/unique_id.c.obj
 .text.pico_get_unique_board_id_string
                0x10004e7c       0x60 CMakeFiles/pico.dir/D_/test/clion-pico-template/pico-sdk/src/rp2_common/pico_unique_id/unique_id.c.obj
                0x10004e7c                pico_get_unique_board_id_string
 .text.flash_get_unique_id
                0x10004edc       0x46 CMakeFiles/pico.dir/D_/test/clion-pico-template/pico-sdk/src/rp2_common/hardware_flash/flash.c.obj
                0x10004edc                flash_get_unique_id
 *fill*         0x10004f22        0x2 
 .text.hw_endpoint_get_by_addr
                0x10004f24       0x18 CMakeFiles/pico.dir/D_/test/clion-pico-template/pico-sdk/lib/tinyusb/src/portable/raspberrypi/rp2040/dcd_rp2040.c.obj
 .text._hw_endpoint_alloc
                0x10004f3c       0x70 CMakeFiles/pico.dir/D_/test/clion-pico-template/pico-sdk/lib/tinyusb/src/portable/raspberrypi/rp2040/dcd_rp2040.c.obj
 .text.hw_endpoint_init
                0x10004fac       0x88 CMakeFiles/pico.dir/D_/test/clion-pico-template/pico-sdk/lib/tinyusb/src/portable/raspberrypi/rp2040/dcd_rp2040.c.obj
 .text.hw_endpoint_xfer
                0x10005034       0x14 CMakeFiles/pico.dir/D_/test/clion-pico-template/pico-sdk/lib/tinyusb/src/portable/raspberrypi/rp2040/dcd_rp2040.c.obj
 .text.dcd_int_enable
                0x10005048       0x2c CMakeFiles/pico.dir/D_/test/clion-pico-template/pico-sdk/lib/tinyusb/src/portable/raspberrypi/rp2040/dcd_rp2040.c.obj
                0x10005048                dcd_int_enable
 .text.dcd_set_address
                0x10005074       0x2c CMakeFiles/pico.dir/D_/test/clion-pico-template/pico-sdk/lib/tinyusb/src/portable/raspberrypi/rp2040/dcd_rp2040.c.obj
                0x10005074                dcd_set_address
 .text.dcd_connect
                0x100050a0       0x10 CMakeFiles/pico.dir/D_/test/clion-pico-template/pico-sdk/lib/tinyusb/src/portable/raspberrypi/rp2040/dcd_rp2040.c.obj
                0x100050a0                dcd_connect
 .text.dcd_init
                0x100050b0       0x80 CMakeFiles/pico.dir/D_/test/clion-pico-template/pico-sdk/lib/tinyusb/src/portable/raspberrypi/rp2040/dcd_rp2040.c.obj
                0x100050b0                dcd_init
 .text.dcd_edpt0_status_complete
                0x10005130       0x1c CMakeFiles/pico.dir/D_/test/clion-pico-template/pico-sdk/lib/tinyusb/src/portable/raspberrypi/rp2040/dcd_rp2040.c.obj
                0x10005130                dcd_edpt0_status_complete
 .text.dcd_edpt_open
                0x1000514c       0x40 CMakeFiles/pico.dir/D_/test/clion-pico-template/pico-sdk/lib/tinyusb/src/portable/raspberrypi/rp2040/dcd_rp2040.c.obj
                0x1000514c                dcd_edpt_open
 .text.dcd_edpt_close_all
                0x1000518c        0x8 CMakeFiles/pico.dir/D_/test/clion-pico-template/pico-sdk/lib/tinyusb/src/portable/raspberrypi/rp2040/dcd_rp2040.c.obj
                0x1000518c                dcd_edpt_close_all
 .text.dcd_edpt_xfer
                0x10005194       0x34 CMakeFiles/pico.dir/D_/test/clion-pico-template/pico-sdk/lib/tinyusb/src/portable/raspberrypi/rp2040/dcd_rp2040.c.obj
                0x10005194                dcd_edpt_xfer
 .text.dcd_edpt_stall
                0x100051c8       0x2c CMakeFiles/pico.dir/D_/test/clion-pico-template/pico-sdk/lib/tinyusb/src/portable/raspberrypi/rp2040/dcd_rp2040.c.obj
                0x100051c8                dcd_edpt_stall
 .text.dcd_edpt_clear_stall
                0x100051f4       0x20 CMakeFiles/pico.dir/D_/test/clion-pico-template/pico-sdk/lib/tinyusb/src/portable/raspberrypi/rp2040/dcd_rp2040.c.obj
                0x100051f4                dcd_edpt_clear_stall
 .text.rp2040_usb_init
                0x10005214       0x4c CMakeFiles/pico.dir/D_/test/clion-pico-template/pico-sdk/lib/tinyusb/src/portable/raspberrypi/rp2040/rp2040_usb.c.obj
                0x10005214                rp2040_usb_init
 .text.hw_endpoint_xfer_start
                0x10005260       0x50 CMakeFiles/pico.dir/D_/test/clion-pico-template/pico-sdk/lib/tinyusb/src/portable/raspberrypi/rp2040/rp2040_usb.c.obj
                0x10005260                hw_endpoint_xfer_start
 .text.configuration_reset
                0x100052b0       0x84 CMakeFiles/pico.dir/D_/test/clion-pico-template/pico-sdk/lib/tinyusb/src/device/usbd.c.obj
 .text.usbd_reset
                0x10005334        0xc CMakeFiles/pico.dir/D_/test/clion-pico-template/pico-sdk/lib/tinyusb/src/device/usbd.c.obj
 .text.invoke_class_control
                0x10005340       0x1a CMakeFiles/pico.dir/D_/test/clion-pico-template/pico-sdk/lib/tinyusb/src/device/usbd.c.obj
 *fill*         0x1000535a        0x2 
 .text.process_set_config
                0x1000535c      0x178 CMakeFiles/pico.dir/D_/test/clion-pico-template/pico-sdk/lib/tinyusb/src/device/usbd.c.obj
 .text.process_get_descriptor
                0x100054d4       0xdc CMakeFiles/pico.dir/D_/test/clion-pico-template/pico-sdk/lib/tinyusb/src/device/usbd.c.obj
 .text.tud_mounted
                0x100055b0       0x10 CMakeFiles/pico.dir/D_/test/clion-pico-template/pico-sdk/lib/tinyusb/src/device/usbd.c.obj
                0x100055b0                tud_mounted
 .text.tud_suspended
                0x100055c0       0x10 CMakeFiles/pico.dir/D_/test/clion-pico-template/pico-sdk/lib/tinyusb/src/device/usbd.c.obj
                0x100055c0                tud_suspended
 .text.tud_inited
                0x100055d0       0x14 CMakeFiles/pico.dir/D_/test/clion-pico-template/pico-sdk/lib/tinyusb/src/device/usbd.c.obj
                0x100055d0                tud_inited
 .text.tud_init
                0x100055e4       0xcc CMakeFiles/pico.dir/D_/test/clion-pico-template/pico-sdk/lib/tinyusb/src/device/usbd.c.obj
                0x100055e4                tud_init
 .text.usbd_defer_func
                0x100056b0       0x2a CMakeFiles/pico.dir/D_/test/clion-pico-template/pico-sdk/lib/tinyusb/src/device/usbd.c.obj
                0x100056b0                usbd_defer_func
 *fill*         0x100056da        0x2 
 .text.usbd_edpt_open
                0x100056dc       0x34 CMakeFiles/pico.dir/D_/test/clion-pico-template/pico-sdk/lib/tinyusb/src/device/usbd.c.obj
                0x100056dc                usbd_edpt_open
 .text.usbd_open_edpt_pair
                0x10005710       0x62 CMakeFiles/pico.dir/D_/test/clion-pico-template/pico-sdk/lib/tinyusb/src/device/usbd.c.obj
                0x10005710                usbd_open_edpt_pair
 *fill*         0x10005772        0x2 
 .text.usbd_edpt_claim
                0x10005774       0x28 CMakeFiles/pico.dir/D_/test/clion-pico-template/pico-sdk/lib/tinyusb/src/device/usbd.c.obj
                0x10005774                usbd_edpt_claim
 .text.usbd_edpt_release
                0x1000579c       0x28 CMakeFiles/pico.dir/D_/test/clion-pico-template/pico-sdk/lib/tinyusb/src/device/usbd.c.obj
                0x1000579c                usbd_edpt_release
 .text.usbd_edpt_xfer
                0x100057c4       0x78 CMakeFiles/pico.dir/D_/test/clion-pico-template/pico-sdk/lib/tinyusb/src/device/usbd.c.obj
                0x100057c4                usbd_edpt_xfer
 .text.usbd_edpt_stall
                0x1000583c       0x48 CMakeFiles/pico.dir/D_/test/clion-pico-template/pico-sdk/lib/tinyusb/src/device/usbd.c.obj
                0x1000583c                usbd_edpt_stall
 .text.usbd_edpt_clear_stall
                0x10005884       0x48 CMakeFiles/pico.dir/D_/test/clion-pico-template/pico-sdk/lib/tinyusb/src/device/usbd.c.obj
                0x10005884                usbd_edpt_clear_stall
 .text.usbd_edpt_stalled
                0x100058cc       0x1c CMakeFiles/pico.dir/D_/test/clion-pico-template/pico-sdk/lib/tinyusb/src/device/usbd.c.obj
                0x100058cc                usbd_edpt_stalled
 .text.process_control_request
                0x100058e8      0x37c CMakeFiles/pico.dir/D_/test/clion-pico-template/pico-sdk/lib/tinyusb/src/device/usbd.c.obj
 .text.tud_task_ext
                0x10005c64      0x1b4 CMakeFiles/pico.dir/D_/test/clion-pico-template/pico-sdk/lib/tinyusb/src/device/usbd.c.obj
                0x10005c64                tud_task_ext
 .text._data_stage_xact
                0x10005e18       0x58 CMakeFiles/pico.dir/D_/test/clion-pico-template/pico-sdk/lib/tinyusb/src/device/usbd_control.c.obj
 .text.tud_control_status
                0x10005e70       0x38 CMakeFiles/pico.dir/D_/test/clion-pico-template/pico-sdk/lib/tinyusb/src/device/usbd_control.c.obj
                0x10005e70                tud_control_status
 .text.tud_control_xfer
                0x10005ea8       0x74 CMakeFiles/pico.dir/D_/test/clion-pico-template/pico-sdk/lib/tinyusb/src/device/usbd_control.c.obj
                0x10005ea8                tud_control_xfer
 .text.usbd_control_reset
                0x10005f1c       0x14 CMakeFiles/pico.dir/D_/test/clion-pico-template/pico-sdk/lib/tinyusb/src/device/usbd_control.c.obj
                0x10005f1c                usbd_control_reset
 .text.usbd_control_set_complete_callback
                0x10005f30        0xc CMakeFiles/pico.dir/D_/test/clion-pico-template/pico-sdk/lib/tinyusb/src/device/usbd_control.c.obj
                0x10005f30                usbd_control_set_complete_callback
 .text.usbd_control_set_request
                0x10005f3c       0x1c CMakeFiles/pico.dir/D_/test/clion-pico-template/pico-sdk/lib/tinyusb/src/device/usbd_control.c.obj
                0x10005f3c                usbd_control_set_request
 .text.usbd_control_xfer_cb
                0x10005f58       0xcc CMakeFiles/pico.dir/D_/test/clion-pico-template/pico-sdk/lib/tinyusb/src/device/usbd_control.c.obj
                0x10005f58                usbd_control_xfer_cb
 .text._prep_out_transaction
                0x10006024       0x4a CMakeFiles/pico.dir/D_/test/clion-pico-template/pico-sdk/lib/tinyusb/src/class/cdc/cdc_device.c.obj
 *fill*         0x1000606e        0x2 
 .text.tud_cdc_n_connected
                0x10006070       0x44 CMakeFiles/pico.dir/D_/test/clion-pico-template/pico-sdk/lib/tinyusb/src/class/cdc/cdc_device.c.obj
                0x10006070                tud_cdc_n_connected
 .text.tud_cdc_n_available
                0x100060b4       0x18 CMakeFiles/pico.dir/D_/test/clion-pico-template/pico-sdk/lib/tinyusb/src/class/cdc/cdc_device.c.obj
                0x100060b4                tud_cdc_n_available
 .text.tud_cdc_n_read
                0x100060cc       0x28 CMakeFiles/pico.dir/D_/test/clion-pico-template/pico-sdk/lib/tinyusb/src/class/cdc/cdc_device.c.obj
                0x100060cc                tud_cdc_n_read
 .text.tud_cdc_n_write_flush
                0x100060f4       0xb8 CMakeFiles/pico.dir/D_/test/clion-pico-template/pico-sdk/lib/tinyusb/src/class/cdc/cdc_device.c.obj
                0x100060f4                tud_cdc_n_write_flush
 .text.tud_cdc_n_write
                0x100061ac       0x38 CMakeFiles/pico.dir/D_/test/clion-pico-template/pico-sdk/lib/tinyusb/src/class/cdc/cdc_device.c.obj
                0x100061ac                tud_cdc_n_write
 .text.tud_cdc_n_write_available
                0x100061e4       0x1c CMakeFiles/pico.dir/D_/test/clion-pico-template/pico-sdk/lib/tinyusb/src/class/cdc/cdc_device.c.obj
                0x100061e4                tud_cdc_n_write_available
 .text.cdcd_init
                0x10006200       0xbc CMakeFiles/pico.dir/D_/test/clion-pico-template/pico-sdk/lib/tinyusb/src/class/cdc/cdc_device.c.obj
                0x10006200                cdcd_init
 .text.cdcd_reset
                0x100062bc       0x44 CMakeFiles/pico.dir/D_/test/clion-pico-template/pico-sdk/lib/tinyusb/src/class/cdc/cdc_device.c.obj
                0x100062bc                cdcd_reset
 .text.cdcd_open
                0x10006300       0xcc CMakeFiles/pico.dir/D_/test/clion-pico-template/pico-sdk/lib/tinyusb/src/class/cdc/cdc_device.c.obj
                0x10006300                cdcd_open
 .text.cdcd_control_xfer_cb
                0x100063cc      0x134 CMakeFiles/pico.dir/D_/test/clion-pico-template/pico-sdk/lib/tinyusb/src/class/cdc/cdc_device.c.obj
                0x100063cc                cdcd_control_xfer_cb
 .text.cdcd_xfer_cb
                0x10006500      0x130 CMakeFiles/pico.dir/D_/test/clion-pico-template/pico-sdk/lib/tinyusb/src/class/cdc/cdc_device.c.obj
                0x10006500                cdcd_xfer_cb
 .text.tusb_init
                0x10006630        0xa CMakeFiles/pico.dir/D_/test/clion-pico-template/pico-sdk/lib/tinyusb/src/tusb.c.obj
                0x10006630                tusb_init
 .text.tusb_inited
                0x1000663a        0xe CMakeFiles/pico.dir/D_/test/clion-pico-template/pico-sdk/lib/tinyusb/src/tusb.c.obj
                0x1000663a                tusb_inited
 .text.tu_edpt_claim
                0x10006648       0x50 CMakeFiles/pico.dir/D_/test/clion-pico-template/pico-sdk/lib/tinyusb/src/tusb.c.obj
                0x10006648                tu_edpt_claim
 .text.tu_edpt_release
                0x10006698       0x3c CMakeFiles/pico.dir/D_/test/clion-pico-template/pico-sdk/lib/tinyusb/src/tusb.c.obj
                0x10006698                tu_edpt_release
 .text.tu_edpt_validate
                0x100066d4       0x78 CMakeFiles/pico.dir/D_/test/clion-pico-template/pico-sdk/lib/tinyusb/src/tusb.c.obj
                0x100066d4                tu_edpt_validate
 .text.tu_edpt_bind_driver
                0x1000674c       0x26 CMakeFiles/pico.dir/D_/test/clion-pico-template/pico-sdk/lib/tinyusb/src/tusb.c.obj
                0x1000674c                tu_edpt_bind_driver
 .text.advance_index
                0x10006772       0x1a CMakeFiles/pico.dir/D_/test/clion-pico-template/pico-sdk/lib/tinyusb/src/common/tusb_fifo.c.obj
 .text._tu_fifo_peek
                0x1000678c       0x56 CMakeFiles/pico.dir/D_/test/clion-pico-template/pico-sdk/lib/tinyusb/src/common/tusb_fifo.c.obj
 .text._ff_pull_const_addr
                0x100067e2       0x4c CMakeFiles/pico.dir/D_/test/clion-pico-template/pico-sdk/lib/tinyusb/src/common/tusb_fifo.c.obj
 .text._ff_pull_n
                0x1000682e      0x110 CMakeFiles/pico.dir/D_/test/clion-pico-template/pico-sdk/lib/tinyusb/src/common/tusb_fifo.c.obj
 .text._tu_fifo_peek_n
                0x1000693e       0x6a CMakeFiles/pico.dir/D_/test/clion-pico-template/pico-sdk/lib/tinyusb/src/common/tusb_fifo.c.obj
 .text._tu_fifo_read_n
                0x100069a8       0x4e CMakeFiles/pico.dir/D_/test/clion-pico-template/pico-sdk/lib/tinyusb/src/common/tusb_fifo.c.obj
 .text._ff_push_const_addr
                0x100069f6       0x40 CMakeFiles/pico.dir/D_/test/clion-pico-template/pico-sdk/lib/tinyusb/src/common/tusb_fifo.c.obj
 .text._ff_push_n
                0x10006a36      0x10c CMakeFiles/pico.dir/D_/test/clion-pico-template/pico-sdk/lib/tinyusb/src/common/tusb_fifo.c.obj
 .text._tu_fifo_write_n
                0x10006b42       0xf0 CMakeFiles/pico.dir/D_/test/clion-pico-template/pico-sdk/lib/tinyusb/src/common/tusb_fifo.c.obj
 .text.tu_fifo_config
                0x10006c32       0x7c CMakeFiles/pico.dir/D_/test/clion-pico-template/pico-sdk/lib/tinyusb/src/common/tusb_fifo.c.obj
                0x10006c32                tu_fifo_config
 .text.tu_fifo_count
                0x10006cae       0x2a CMakeFiles/pico.dir/D_/test/clion-pico-template/pico-sdk/lib/tinyusb/src/common/tusb_fifo.c.obj
                0x10006cae                tu_fifo_count
 .text.tu_fifo_empty
                0x10006cd8       0x10 CMakeFiles/pico.dir/D_/test/clion-pico-template/pico-sdk/lib/tinyusb/src/common/tusb_fifo.c.obj
                0x10006cd8                tu_fifo_empty
 .text.tu_fifo_full
                0x10006ce8       0x28 CMakeFiles/pico.dir/D_/test/clion-pico-template/pico-sdk/lib/tinyusb/src/common/tusb_fifo.c.obj
                0x10006ce8                tu_fifo_full
 .text.tu_fifo_remaining
                0x10006d10       0x2c CMakeFiles/pico.dir/D_/test/clion-pico-template/pico-sdk/lib/tinyusb/src/common/tusb_fifo.c.obj
                0x10006d10                tu_fifo_remaining
 .text.tu_fifo_read
                0x10006d3c       0x42 CMakeFiles/pico.dir/D_/test/clion-pico-template/pico-sdk/lib/tinyusb/src/common/tusb_fifo.c.obj
                0x10006d3c                tu_fifo_read
 .text.tu_fifo_read_n
                0x10006d7e        0xa CMakeFiles/pico.dir/D_/test/clion-pico-template/pico-sdk/lib/tinyusb/src/common/tusb_fifo.c.obj
                0x10006d7e                tu_fifo_read_n
 .text.tu_fifo_write
                0x10006d88       0x64 CMakeFiles/pico.dir/D_/test/clion-pico-template/pico-sdk/lib/tinyusb/src/common/tusb_fifo.c.obj
                0x10006d88                tu_fifo_write
 .text.tu_fifo_write_n
                0x10006dec        0xa CMakeFiles/pico.dir/D_/test/clion-pico-template/pico-sdk/lib/tinyusb/src/common/tusb_fifo.c.obj
                0x10006dec                tu_fifo_write_n
 .text.tu_fifo_clear
                0x10006df6       0x3e CMakeFiles/pico.dir/D_/test/clion-pico-template/pico-sdk/lib/tinyusb/src/common/tusb_fifo.c.obj
                0x10006df6                tu_fifo_clear
 .text.tu_fifo_set_overwritable
                0x10006e34       0x46 CMakeFiles/pico.dir/D_/test/clion-pico-template/pico-sdk/lib/tinyusb/src/common/tusb_fifo.c.obj
                0x10006e34                tu_fifo_set_overwritable
 *fill*         0x10006e7a        0x2 
 .text._pio_can_add_program_at_offset
                0x10006e7c       0x3c CMakeFiles/pico.dir/D_/test/clion-pico-template/pico-sdk/src/rp2_common/hardware_pio/pio.c.obj
 .text._pio_find_offset_for_program
                0x10006eb8       0x7c CMakeFiles/pico.dir/D_/test/clion-pico-template/pico-sdk/src/rp2_common/hardware_pio/pio.c.obj
 .text._pio_add_program_at_offset
                0x10006f34       0x78 CMakeFiles/pico.dir/D_/test/clion-pico-template/pico-sdk/src/rp2_common/hardware_pio/pio.c.obj
 .text.pio_claim_unused_sm
                0x10006fac       0x3c CMakeFiles/pico.dir/D_/test/clion-pico-template/pico-sdk/src/rp2_common/hardware_pio/pio.c.obj
                0x10006fac                pio_claim_unused_sm
 .text.pio_add_program
                0x10006fe8       0x38 CMakeFiles/pico.dir/D_/test/clion-pico-template/pico-sdk/src/rp2_common/hardware_pio/pio.c.obj
                0x10006fe8                pio_add_program
 .text.pio_sm_set_consecutive_pindirs
                0x10007020       0xa4 CMakeFiles/pico.dir/D_/test/clion-pico-template/pico-sdk/src/rp2_common/hardware_pio/pio.c.obj
                0x10007020                pio_sm_set_consecutive_pindirs
 .text.pio_sm_init
                0x100070c4       0xe4 CMakeFiles/pico.dir/D_/test/clion-pico-template/pico-sdk/src/rp2_common/hardware_pio/pio.c.obj
                0x100070c4                pio_sm_init
 .text.strlen   0x100071a8       0x5c d:/armgnu~1/gcc-ar~1.10-/gcc-ar~1.10/bin/../lib/gcc/arm-none-eabi/10.3.1/../../../../arm-none-eabi/lib/thumb/v6-m/nofp\libg.a(lib_a-strlen-stub.o)
                0x100071a8                strlen
 *(.fini)
 .fini          0x10007204        0x4 d:/armgnu~1/gcc-ar~1.10-/gcc-ar~1.10/bin/../lib/gcc/arm-none-eabi/10.3.1/thumb/v6-m/nofp/crti.o
                0x10007204                _fini
 .fini.__stub   0x10007208       0xe0 linker stubs
 *crtbegin.o(.ctors)
 *crtbegin?.o(.ctors)
 *(EXCLUDE_FILE(*crtend.o *crtend?.o) .ctors)
 *(SORT_BY_NAME(.ctors.*))
 *(.ctors)
 *crtbegin.o(.dtors)
 *crtbegin?.o(.dtors)
 *(EXCLUDE_FILE(*crtend.o *crtend?.o) .dtors)
 *(SORT_BY_NAME(.dtors.*))
 *(.dtors)
 *(.eh_frame*)
 .eh_frame      0x100072e8        0x0 d:/armgnu~1/gcc-ar~1.10-/gcc-ar~1.10/bin/../lib/gcc/arm-none-eabi/10.3.1/thumb/v6-m/nofp/crtbegin.o
                0x100072e8                . = ALIGN (0x4)

.glue_7         0x100072e8        0x0
 .glue_7        0x100072e8        0x0 linker stubs

.glue_7t        0x100072e8        0x0
 .glue_7t       0x100072e8        0x0 linker stubs

.vfp11_veneer   0x100072e8        0x0
 .vfp11_veneer  0x100072e8        0x0 linker stubs

.v4_bx          0x100072e8        0x0
 .v4_bx         0x100072e8        0x0 linker stubs

.iplt           0x100072e8        0x0
 .iplt          0x100072e8        0x0 d:/armgnu~1/gcc-ar~1.10-/gcc-ar~1.10/bin/../lib/gcc/arm-none-eabi/10.3.1/thumb/v6-m/nofp/crtbegin.o

.rodata         0x100072e8     0x177c
 *(EXCLUDE_FILE(*libm.a: *libc.a:*lib_a-mem*.o *libgcc.a:) .rodata*)
 .rodata.measure_freqs.str1.4
                0x100072e8       0x9e CMakeFiles/pico.dir/main.c.obj
 *fill*         0x10007386        0x2 
 .rodata.main.str1.4
                0x10007388        0xc CMakeFiles/pico.dir/main.c.obj
 .rodata.main_program
                0x10007394        0x6 CMakeFiles/pico.dir/main.c.obj
 *fill*         0x1000739a        0x2 
 .rodata.main_program_instructions
                0x1000739c        0x6 CMakeFiles/pico.dir/main.c.obj
 *fill*         0x100073a2        0x2 
 .rodata.spin_lock_claim_unused.str1.4
                0x100073a4       0x1b CMakeFiles/pico.dir/D_/test/clion-pico-template/pico-sdk/src/rp2_common/hardware_sync/sync.c.obj
 *fill*         0x100073bf        0x1 
 .rodata.make_branch.str1.4
                0x100073c0       0x77 CMakeFiles/pico.dir/D_/test/clion-pico-template/pico-sdk/src/rp2_common/hardware_irq/irq.c.obj
 *fill*         0x10007437        0x1 
 .rodata.insert_branch_and_link.str1.4
                0x10007438       0x10 CMakeFiles/pico.dir/D_/test/clion-pico-template/pico-sdk/src/rp2_common/hardware_irq/irq.c.obj
 .rodata.irq_set_exclusive_handler.str1.4
                0x10007448       0x36 CMakeFiles/pico.dir/D_/test/clion-pico-template/pico-sdk/src/rp2_common/hardware_irq/irq.c.obj
 *fill*         0x1000747e        0x2 
 .rodata.irq_add_shared_handler.str1.4
                0x10007480       0xd9 CMakeFiles/pico.dir/D_/test/clion-pico-template/pico-sdk/src/rp2_common/hardware_irq/irq.c.obj
 *fill*         0x10007559        0x3 
 .rodata.irq_remove_handler.str1.4
                0x1000755c       0x3a CMakeFiles/pico.dir/D_/test/clion-pico-template/pico-sdk/src/rp2_common/hardware_irq/irq.c.obj
 *fill*         0x10007596        0x2 
 .rodata.irq_add_tail_to_free_list.str1.4
                0x10007598       0x3a CMakeFiles/pico.dir/D_/test/clion-pico-template/pico-sdk/src/rp2_common/hardware_irq/irq.c.obj
 *fill*         0x100075d2        0x2 
 .rodata.user_irq_claim_unused.str1.4
                0x100075d4       0x1b CMakeFiles/pico.dir/D_/test/clion-pico-template/pico-sdk/src/rp2_common/hardware_irq/irq.c.obj
 *fill*         0x100075ef        0x1 
 .rodata.__func__.0
                0x100075f0       0x1a CMakeFiles/pico.dir/D_/test/clion-pico-template/pico-sdk/src/rp2_common/hardware_irq/irq.c.obj
 *fill*         0x1000760a        0x2 
 .rodata.__func__.1
                0x1000760c       0x17 CMakeFiles/pico.dir/D_/test/clion-pico-template/pico-sdk/src/rp2_common/hardware_irq/irq.c.obj
 *fill*         0x10007623        0x1 
 .rodata.__func__.2
                0x10007624       0x13 CMakeFiles/pico.dir/D_/test/clion-pico-template/pico-sdk/src/rp2_common/hardware_irq/irq.c.obj
 *fill*         0x10007637        0x1 
 .rodata.__func__.3
                0x10007638        0xc CMakeFiles/pico.dir/D_/test/clion-pico-template/pico-sdk/src/rp2_common/hardware_irq/irq.c.obj
 .rodata.__func__.4
                0x10007644        0xf CMakeFiles/pico.dir/D_/test/clion-pico-template/pico-sdk/src/rp2_common/hardware_irq/irq.c.obj
 *fill*         0x10007653        0x1 
 .rodata.__func__.5
                0x10007654       0x17 CMakeFiles/pico.dir/D_/test/clion-pico-template/pico-sdk/src/rp2_common/hardware_irq/irq.c.obj
 *fill*         0x1000766b        0x1 
 .rodata.__func__.6
                0x1000766c       0x1a CMakeFiles/pico.dir/D_/test/clion-pico-template/pico-sdk/src/rp2_common/hardware_irq/irq.c.obj
 *fill*         0x10007686        0x2 
 .rodata.str1.4
                0x10007688      0x101 CMakeFiles/pico.dir/D_/test/clion-pico-template/pico-sdk/src/common/pico_sync/mutex.c.obj
 *fill*         0x10007789        0x3 
 .rodata.__func__.1
                0x1000778c        0xb CMakeFiles/pico.dir/D_/test/clion-pico-template/pico-sdk/src/common/pico_sync/mutex.c.obj
 *fill*         0x10007797        0x1 
 .rodata.__func__.3
                0x10007798       0x18 CMakeFiles/pico.dir/D_/test/clion-pico-template/pico-sdk/src/common/pico_sync/mutex.c.obj
 .rodata.__func__.4
                0x100077b0       0x15 CMakeFiles/pico.dir/D_/test/clion-pico-template/pico-sdk/src/common/pico_sync/mutex.c.obj
 *fill*         0x100077c5        0x3 
 .rodata.repeating_timer_callback.str1.4
                0x100077c8       0x55 CMakeFiles/pico.dir/D_/test/clion-pico-template/pico-sdk/src/common/pico_time/time.c.obj
 *fill*         0x1000781d        0x3 
 .rodata.timer_pool_entry_comparator.str1.4
                0x10007820       0x22 CMakeFiles/pico.dir/D_/test/clion-pico-template/pico-sdk/src/common/pico_time/time.c.obj
 *fill*         0x10007842        0x2 
 .rodata.ph_add_child_node.str1.4
                0x10007844       0x9e CMakeFiles/pico.dir/D_/test/clion-pico-template/pico-sdk/src/common/pico_time/time.c.obj
 *fill*         0x100078e2        0x2 
 .rodata.add_alarm_under_lock.str1.4
                0x100078e4       0x28 CMakeFiles/pico.dir/D_/test/clion-pico-template/pico-sdk/src/common/pico_time/time.c.obj
                                 0x2b (size before relaxing)
 .rodata.alarm_pool_alarm_callback.str1.4
                0x1000790c       0x98 CMakeFiles/pico.dir/D_/test/clion-pico-template/pico-sdk/src/common/pico_time/time.c.obj
                                0x104 (size before relaxing)
 .rodata.alarm_pool_get_default.str1.4
                0x100079a4       0x21 CMakeFiles/pico.dir/D_/test/clion-pico-template/pico-sdk/src/common/pico_time/time.c.obj
 *fill*         0x100079c5        0x3 
 .rodata.alarm_pool_cancel_alarm.str1.4
                0x100079c8       0x27 CMakeFiles/pico.dir/D_/test/clion-pico-template/pico-sdk/src/common/pico_time/time.c.obj
 *fill*         0x100079ef        0x1 
 .rodata.sleep_until.str1.4
                0x100079f0       0x4d CMakeFiles/pico.dir/D_/test/clion-pico-template/pico-sdk/src/common/pico_time/time.c.obj
 *fill*         0x10007a3d        0x3 
 .rodata.__func__.1
                0x10007a40       0x18 CMakeFiles/pico.dir/D_/test/clion-pico-template/pico-sdk/src/common/pico_time/time.c.obj
 .rodata.__func__.10
                0x10007a58       0x15 CMakeFiles/pico.dir/D_/test/clion-pico-template/pico-sdk/src/common/pico_time/time.c.obj
 *fill*         0x10007a6d        0x3 
 .rodata.__func__.11
                0x10007a70       0x1a CMakeFiles/pico.dir/D_/test/clion-pico-template/pico-sdk/src/common/pico_time/time.c.obj
 *fill*         0x10007a8a        0x2 
 .rodata.__func__.12
                0x10007a8c        0xa CMakeFiles/pico.dir/D_/test/clion-pico-template/pico-sdk/src/common/pico_time/time.c.obj
 *fill*         0x10007a96        0x2 
 .rodata.__func__.3
                0x10007a98       0x17 CMakeFiles/pico.dir/D_/test/clion-pico-template/pico-sdk/src/common/pico_time/time.c.obj
 *fill*         0x10007aaf        0x1 
 .rodata.__func__.4
                0x10007ab0       0x12 CMakeFiles/pico.dir/D_/test/clion-pico-template/pico-sdk/src/common/pico_time/time.c.obj
 *fill*         0x10007ac2        0x2 
 .rodata.__func__.5
                0x10007ac4        0xd CMakeFiles/pico.dir/D_/test/clion-pico-template/pico-sdk/src/common/pico_time/time.c.obj
 *fill*         0x10007ad1        0x3 
 .rodata.__func__.6
                0x10007ad4       0x12 CMakeFiles/pico.dir/D_/test/clion-pico-template/pico-sdk/src/common/pico_time/time.c.obj
 *fill*         0x10007ae6        0x2 
 .rodata.__func__.7
                0x10007ae8        0xf CMakeFiles/pico.dir/D_/test/clion-pico-template/pico-sdk/src/common/pico_time/time.c.obj
 *fill*         0x10007af7        0x1 
 .rodata.__func__.8
                0x10007af8        0xc CMakeFiles/pico.dir/D_/test/clion-pico-template/pico-sdk/src/common/pico_time/time.c.obj
 .rodata.__func__.9
                0x10007b04       0x15 CMakeFiles/pico.dir/D_/test/clion-pico-template/pico-sdk/src/common/pico_time/time.c.obj
 *fill*         0x10007b19        0x3 
 .rodata.hardware_alarm_claim.str1.4
                0x10007b1c       0x22 CMakeFiles/pico.dir/D_/test/clion-pico-template/pico-sdk/src/rp2_common/hardware_timer/timer.c.obj
 *fill*         0x10007b3e        0x2 
 .rodata.hardware_alarm_set_target.str1.4
                0x10007b40       0x6f CMakeFiles/pico.dir/D_/test/clion-pico-template/pico-sdk/src/rp2_common/hardware_timer/timer.c.obj
 *fill*         0x10007baf        0x1 
 .rodata.__func__.0
                0x10007bb0       0x1a CMakeFiles/pico.dir/D_/test/clion-pico-template/pico-sdk/src/rp2_common/hardware_timer/timer.c.obj
 .rodata.ph_add_child_node.str1.4
                0x10007bca       0x9e CMakeFiles/pico.dir/D_/test/clion-pico-template/pico-sdk/src/common/pico_util/pheap.c.obj
 *fill*         0x10007bca        0x2 
 .rodata.ph_remove_any_head.str1.4
                0x10007bcc       0x98 CMakeFiles/pico.dir/D_/test/clion-pico-template/pico-sdk/src/common/pico_util/pheap.c.obj
                                 0xac (size before relaxing)
 .rodata.ph_remove_and_free_node.str1.4
                0x10007c64       0x1e CMakeFiles/pico.dir/D_/test/clion-pico-template/pico-sdk/src/common/pico_util/pheap.c.obj
                                 0x26 (size before relaxing)
 *fill*         0x10007c82        0x2 
 .rodata.__func__.0
                0x10007c84       0x18 CMakeFiles/pico.dir/D_/test/clion-pico-template/pico-sdk/src/common/pico_util/pheap.c.obj
 .rodata.__func__.1
                0x10007c9c       0x13 CMakeFiles/pico.dir/D_/test/clion-pico-template/pico-sdk/src/common/pico_util/pheap.c.obj
 *fill*         0x10007caf        0x1 
 .rodata.__func__.2
                0x10007cb0       0x12 CMakeFiles/pico.dir/D_/test/clion-pico-template/pico-sdk/src/common/pico_util/pheap.c.obj
 *fill*         0x10007cc2        0x2 
 .rodata.__func__.3
                0x10007cc4        0xc CMakeFiles/pico.dir/D_/test/clion-pico-template/pico-sdk/src/common/pico_util/pheap.c.obj
 .rodata.clock_configure.str1.4
                0x10007cd0       0x61 CMakeFiles/pico.dir/D_/test/clion-pico-template/pico-sdk/src/rp2_common/hardware_clocks/clocks.c.obj
 *fill*         0x10007d31        0x3 
 .rodata.__func__.1
                0x10007d34       0x10 CMakeFiles/pico.dir/D_/test/clion-pico-template/pico-sdk/src/rp2_common/hardware_clocks/clocks.c.obj
 .rodata.pll_init.str1.4
                0x10007d44      0x12b CMakeFiles/pico.dir/D_/test/clion-pico-template/pico-sdk/src/rp2_common/hardware_pll/pll.c.obj
 *fill*         0x10007e6f        0x1 
 .rodata.__func__.0
                0x10007e70        0x9 CMakeFiles/pico.dir/D_/test/clion-pico-template/pico-sdk/src/rp2_common/hardware_pll/pll.c.obj
 *fill*         0x10007e79        0x3 
 .rodata.__assert_func.str1.4
                0x10007e7c       0x3f CMakeFiles/pico.dir/D_/test/clion-pico-template/pico-sdk/src/rp2_common/pico_runtime/runtime.c.obj
                                 0x43 (size before relaxing)
 *fill*         0x10007ebb        0x1 
 .rodata.runtime_init.str1.4
                0x10007ebc       0x6b CMakeFiles/pico.dir/D_/test/clion-pico-template/pico-sdk/src/rp2_common/pico_runtime/runtime.c.obj
 *fill*         0x10007f27        0x1 
 .rodata.panic.str1.4
                0x10007f28       0x10 CMakeFiles/pico.dir/D_/test/clion-pico-template/pico-sdk/src/rp2_common/pico_runtime/runtime.c.obj
                                 0x12 (size before relaxing)
 .rodata.__func__.2
                0x10007f38        0xd CMakeFiles/pico.dir/D_/test/clion-pico-template/pico-sdk/src/rp2_common/pico_runtime/runtime.c.obj
 *fill*         0x10007f45        0x3 
 .rodata._ftoa.str1.4
                0x10007f48       0x15 CMakeFiles/pico.dir/D_/test/clion-pico-template/pico-sdk/src/rp2_common/pico_printf/printf.c.obj
 *fill*         0x10007f5d        0x3 
 .rodata._vsnprintf
                0x10007f60      0x1e0 CMakeFiles/pico.dir/D_/test/clion-pico-template/pico-sdk/src/rp2_common/pico_printf/printf.c.obj
 .rodata.pow10.0
                0x10008140       0x50 CMakeFiles/pico.dir/D_/test/clion-pico-template/pico-sdk/src/rp2_common/pico_printf/printf.c.obj
 .rodata.__aeabi_double_init.str1.4
                0x10008190       0xb2 CMakeFiles/pico.dir/D_/test/clion-pico-template/pico-sdk/src/rp2_common/pico_double/double_init_rom.c.obj
 *fill*         0x10008242        0x2 
 .rodata.__func__.0
                0x10008244       0x14 CMakeFiles/pico.dir/D_/test/clion-pico-template/pico-sdk/src/rp2_common/pico_double/double_init_rom.c.obj
 .rodata.__aeabi_float_init.str1.4
                0x10008258       0x84 CMakeFiles/pico.dir/D_/test/clion-pico-template/pico-sdk/src/rp2_common/pico_float/float_init_rom.c.obj
                                 0x88 (size before relaxing)
 .rodata.__func__.0
                0x100082dc       0x13 CMakeFiles/pico.dir/D_/test/clion-pico-template/pico-sdk/src/rp2_common/pico_float/float_init_rom.c.obj
 *fill*         0x100082ef        0x1 
 .rodata.str1.4
                0x100082f0       0x34 CMakeFiles/pico.dir/D_/test/clion-pico-template/pico-sdk/src/rp2_common/pico_standard_link/binary_info.c.obj
 .rodata.__bi_44
                0x10008324        0xc CMakeFiles/pico.dir/D_/test/clion-pico-template/pico-sdk/src/rp2_common/pico_standard_link/binary_info.c.obj
 .rodata.__bi_75
                0x10008330        0xc CMakeFiles/pico.dir/D_/test/clion-pico-template/pico-sdk/src/rp2_common/pico_standard_link/binary_info.c.obj
 .rodata.__bi_81
                0x1000833c        0xc CMakeFiles/pico.dir/D_/test/clion-pico-template/pico-sdk/src/rp2_common/pico_standard_link/binary_info.c.obj
 .rodata.stdout_serialize_begin.str1.4
                0x10008348       0x6b CMakeFiles/pico.dir/D_/test/clion-pico-template/pico-sdk/src/rp2_common/pico_stdio/stdio.c.obj
 .rodata.__func__.3
                0x10008348       0x15 CMakeFiles/pico.dir/D_/test/clion-pico-template/pico-sdk/src/rp2_common/pico_stdio/stdio.c.obj
 *fill*         0x1000835d        0x3 
 .rodata.crlf_str.2
                0x10008360        0x2 CMakeFiles/pico.dir/D_/test/clion-pico-template/pico-sdk/src/rp2_common/pico_stdio/stdio.c.obj
 *fill*         0x10008362        0x2 
 .rodata._resetd_driver
                0x10008364       0x18 CMakeFiles/pico.dir/D_/test/clion-pico-template/pico-sdk/src/rp2_common/pico_stdio_usb/reset_interface.c.obj
 .rodata.low_priority_worker_irq.str1.4
                0x1000837c       0x6b CMakeFiles/pico.dir/D_/test/clion-pico-template/pico-sdk/src/rp2_common/pico_stdio_usb/stdio_usb.c.obj
 .rodata.stdio_usb_init.str1.4
                0x1000837c       0x4f CMakeFiles/pico.dir/D_/test/clion-pico-template/pico-sdk/src/rp2_common/pico_stdio_usb/stdio_usb.c.obj
                                 0x57 (size before relaxing)
 *fill*         0x100083cb        0x1 
 .rodata.str1.4
                0x100083cc       0x13 CMakeFiles/pico.dir/D_/test/clion-pico-template/pico-sdk/src/rp2_common/pico_stdio_usb/stdio_usb.c.obj
 *fill*         0x100083df        0x1 
 .rodata.__bi_188.0
                0x100083e0        0xc CMakeFiles/pico.dir/D_/test/clion-pico-template/pico-sdk/src/rp2_common/pico_stdio_usb/stdio_usb.c.obj
 .rodata.__func__.1
                0x100083ec        0xf CMakeFiles/pico.dir/D_/test/clion-pico-template/pico-sdk/src/rp2_common/pico_stdio_usb/stdio_usb.c.obj
 *fill*         0x100083fb        0x1 
 .rodata.__func__.3
                0x100083fc       0x15 CMakeFiles/pico.dir/D_/test/clion-pico-template/pico-sdk/src/rp2_common/pico_stdio_usb/stdio_usb.c.obj
 *fill*         0x10008411        0x3 
 .rodata.str1.4
                0x10008414       0x2a CMakeFiles/pico.dir/D_/test/clion-pico-template/pico-sdk/src/rp2_common/pico_stdio_usb/stdio_usb_descriptors.c.obj
 *fill*         0x1000843e        0x2 
 .rodata.usbd_desc_cfg
                0x10008440       0x54 CMakeFiles/pico.dir/D_/test/clion-pico-template/pico-sdk/src/rp2_common/pico_stdio_usb/stdio_usb_descriptors.c.obj
 .rodata.usbd_desc_device
                0x10008494       0x12 CMakeFiles/pico.dir/D_/test/clion-pico-template/pico-sdk/src/rp2_common/pico_stdio_usb/stdio_usb_descriptors.c.obj
 *fill*         0x100084a6        0x2 
 .rodata.usbd_desc_str
                0x100084a8       0x18 CMakeFiles/pico.dir/D_/test/clion-pico-template/pico-sdk/src/rp2_common/pico_stdio_usb/stdio_usb_descriptors.c.obj
 .rodata.pico_get_unique_board_id_string.str1.4
                0x100084c0       0x57 CMakeFiles/pico.dir/D_/test/clion-pico-template/pico-sdk/src/rp2_common/pico_unique_id/unique_id.c.obj
 *fill*         0x10008517        0x1 
 .rodata.__func__.0
                0x10008518       0x20 CMakeFiles/pico.dir/D_/test/clion-pico-template/pico-sdk/src/rp2_common/pico_unique_id/unique_id.c.obj
 .rodata.str1.4
                0x10008538      0x162 CMakeFiles/pico.dir/D_/test/clion-pico-template/pico-sdk/src/rp2_common/hardware_flash/flash.c.obj
 *fill*         0x1000869a        0x2 
 .rodata.__func__.0
                0x1000869c        0xd CMakeFiles/pico.dir/D_/test/clion-pico-template/pico-sdk/src/rp2_common/hardware_flash/flash.c.obj
 *fill*         0x100086a9        0x3 
 .rodata._hw_endpoint_alloc.str1.4
                0x100086ac       0xc1 CMakeFiles/pico.dir/D_/test/clion-pico-template/pico-sdk/lib/tinyusb/src/portable/raspberrypi/rp2040/dcd_rp2040.c.obj
 *fill*         0x1000876d        0x3 
 .rodata.str1.4
                0x10008770       0x14 CMakeFiles/pico.dir/D_/test/clion-pico-template/pico-sdk/lib/tinyusb/src/portable/raspberrypi/rp2040/dcd_rp2040.c.obj
 .rodata.dcd_int_enable.str1.4
                0x10008784        0xc CMakeFiles/pico.dir/D_/test/clion-pico-template/pico-sdk/lib/tinyusb/src/portable/raspberrypi/rp2040/dcd_rp2040.c.obj
 .rodata.__func__.0
                0x10008790        0xe CMakeFiles/pico.dir/D_/test/clion-pico-template/pico-sdk/lib/tinyusb/src/portable/raspberrypi/rp2040/dcd_rp2040.c.obj
 *fill*         0x1000879e        0x2 
 .rodata.__func__.1
                0x100087a0        0xe CMakeFiles/pico.dir/D_/test/clion-pico-template/pico-sdk/lib/tinyusb/src/portable/raspberrypi/rp2040/dcd_rp2040.c.obj
 *fill*         0x100087ae        0x2 
 .rodata.__func__.3
                0x100087b0       0x10 CMakeFiles/pico.dir/D_/test/clion-pico-template/pico-sdk/lib/tinyusb/src/portable/raspberrypi/rp2040/dcd_rp2040.c.obj
 .rodata.__func__.5
                0x100087c0        0xf CMakeFiles/pico.dir/D_/test/clion-pico-template/pico-sdk/lib/tinyusb/src/portable/raspberrypi/rp2040/dcd_rp2040.c.obj
 *fill*         0x100087cf        0x1 
 .rodata.__func__.6
                0x100087d0       0x13 CMakeFiles/pico.dir/D_/test/clion-pico-template/pico-sdk/lib/tinyusb/src/portable/raspberrypi/rp2040/dcd_rp2040.c.obj
 *fill*         0x100087e3        0x1 
 .rodata.__func__.7
                0x100087e4        0x9 CMakeFiles/pico.dir/D_/test/clion-pico-template/pico-sdk/lib/tinyusb/src/portable/raspberrypi/rp2040/dcd_rp2040.c.obj
 *fill*         0x100087ed        0x3 
 .rodata.str1.4
                0x100087f0       0xf3 CMakeFiles/pico.dir/D_/test/clion-pico-template/pico-sdk/lib/tinyusb/src/portable/raspberrypi/rp2040/rp2040_usb.c.obj
 *fill*         0x100088e3        0x1 
 .rodata.__func__.0
                0x100088e4        0xf CMakeFiles/pico.dir/D_/test/clion-pico-template/pico-sdk/lib/tinyusb/src/portable/raspberrypi/rp2040/rp2040_usb.c.obj
 *fill*         0x100088f3        0x1 
 .rodata.process_get_descriptor
                0x100088f4       0x40 CMakeFiles/pico.dir/D_/test/clion-pico-template/pico-sdk/lib/tinyusb/src/device/usbd.c.obj
 .rodata.process_control_request
                0x10008934       0x28 CMakeFiles/pico.dir/D_/test/clion-pico-template/pico-sdk/lib/tinyusb/src/device/usbd.c.obj
 .rodata.tud_task_ext
                0x1000895c       0x24 CMakeFiles/pico.dir/D_/test/clion-pico-template/pico-sdk/lib/tinyusb/src/device/usbd.c.obj
 .rodata._usbd_driver
                0x10008980       0x18 CMakeFiles/pico.dir/D_/test/clion-pico-template/pico-sdk/lib/tinyusb/src/device/usbd.c.obj
 .rodata._pio_find_offset_for_program.str1.4
                0x10008998       0x73 CMakeFiles/pico.dir/D_/test/clion-pico-template/pico-sdk/src/rp2_common/hardware_pio/pio.c.obj
 *fill*         0x10008a0b        0x1 
 .rodata._pio_add_program_at_offset.str1.4
                0x10008a0c       0x11 CMakeFiles/pico.dir/D_/test/clion-pico-template/pico-sdk/src/rp2_common/hardware_pio/pio.c.obj
 *fill*         0x10008a1d        0x3 
 .rodata.pio_claim_unused_sm.str1.4
                0x10008a20       0x24 CMakeFiles/pico.dir/D_/test/clion-pico-template/pico-sdk/src/rp2_common/hardware_pio/pio.c.obj
 .rodata.__func__.1
                0x10008a44       0x1d CMakeFiles/pico.dir/D_/test/clion-pico-template/pico-sdk/src/rp2_common/hardware_pio/pio.c.obj
                0x10008a64                . = ALIGN (0x4)
 *fill*         0x10008a61        0x3 
 *(SORT_BY_ALIGNMENT(SORT_BY_NAME(.flashdata*)))
                0x10008a64                . = ALIGN (0x4)

.rel.dyn        0x10008a64        0x0
 .rel.iplt      0x10008a64        0x0 d:/armgnu~1/gcc-ar~1.10-/gcc-ar~1.10/bin/../lib/gcc/arm-none-eabi/10.3.1/thumb/v6-m/nofp/crtbegin.o

.ARM.extab
 *(.ARM.extab* .gnu.linkonce.armextab.*)
                0x10008a64                __exidx_start = .

.ARM.exidx
 *(.ARM.exidx* .gnu.linkonce.armexidx.*)
                0x10008a64                __exidx_end = .
                0x10008a64                . = ALIGN (0x4)
                0x10008a64                __binary_info_start = .

.binary_info    0x10008a64       0x20
 *(.binary_info.keep.*)
 .binary_info.keep.__bi_ptr22
                0x10008a64        0x4 CMakeFiles/pico.dir/D_/test/clion-pico-template/pico-sdk/src/rp2_common/pico_standard_link/binary_info.c.obj
 .binary_info.keep.__bi_ptr30
                0x10008a68        0x4 CMakeFiles/pico.dir/D_/test/clion-pico-template/pico-sdk/src/rp2_common/pico_standard_link/binary_info.c.obj
 .binary_info.keep.__bi_ptr38
                0x10008a6c        0x4 CMakeFiles/pico.dir/D_/test/clion-pico-template/pico-sdk/src/rp2_common/pico_standard_link/binary_info.c.obj
 .binary_info.keep.__bi_ptr44
                0x10008a70        0x4 CMakeFiles/pico.dir/D_/test/clion-pico-template/pico-sdk/src/rp2_common/pico_standard_link/binary_info.c.obj
 .binary_info.keep.__bi_ptr50
                0x10008a74        0x4 CMakeFiles/pico.dir/D_/test/clion-pico-template/pico-sdk/src/rp2_common/pico_standard_link/binary_info.c.obj
 .binary_info.keep.__bi_ptr75
                0x10008a78        0x4 CMakeFiles/pico.dir/D_/test/clion-pico-template/pico-sdk/src/rp2_common/pico_standard_link/binary_info.c.obj
 .binary_info.keep.__bi_ptr81
                0x10008a7c        0x4 CMakeFiles/pico.dir/D_/test/clion-pico-template/pico-sdk/src/rp2_common/pico_standard_link/binary_info.c.obj
 *(.binary_info.*)
 .binary_info.__bi_ptr188
                0x10008a80        0x4 CMakeFiles/pico.dir/D_/test/clion-pico-template/pico-sdk/src/rp2_common/pico_stdio_usb/stdio_usb.c.obj
                0x10008a84                __binary_info_end = .
                0x10008a84                . = ALIGN (0x4)
                0x10008a84                __etext = .

.ram_vector_table
                0x20000000       0xc0
 *(.ram_vector_table)
 .ram_vector_table
                0x20000000       0xc0 CMakeFiles/pico.dir/D_/test/clion-pico-template/pico-sdk/src/rp2_common/pico_runtime/runtime.c.obj
                0x20000000                ram_vector_table

.data           0x200000c0      0xbe0 load address 0x10008a84
                0x200000c0                __data_start__ = .
 *(vtable)
 *(.time_critical*)
 .time_critical.mutex_try_enter
                0x200000c0       0x46 CMakeFiles/pico.dir/D_/test/clion-pico-template/pico-sdk/src/common/pico_sync/mutex.c.obj
                0x200000c0                mutex_try_enter
 *fill*         0x20000106        0x2 
 .time_critical.mutex_enter_block_until
                0x20000108       0x8c CMakeFiles/pico.dir/D_/test/clion-pico-template/pico-sdk/src/common/pico_sync/mutex.c.obj
                0x20000108                mutex_enter_block_until
 .time_critical.mutex_try_enter_block_until
                0x20000194       0x34 CMakeFiles/pico.dir/D_/test/clion-pico-template/pico-sdk/src/common/pico_sync/mutex.c.obj
                0x20000194                mutex_try_enter_block_until
 .time_critical.mutex_enter_timeout_ms
                0x200001c8       0x68 CMakeFiles/pico.dir/D_/test/clion-pico-template/pico-sdk/src/common/pico_sync/mutex.c.obj
                0x200001c8                mutex_enter_timeout_ms
 .time_critical.mutex_exit
                0x20000230       0x4c CMakeFiles/pico.dir/D_/test/clion-pico-template/pico-sdk/src/common/pico_sync/mutex.c.obj
                0x20000230                mutex_exit
 .time_critical.flash_init_boot2_copyout
                0x2000027c       0x30 CMakeFiles/pico.dir/D_/test/clion-pico-template/pico-sdk/src/rp2_common/hardware_flash/flash.c.obj
 .time_critical.flash_enable_xip_via_boot2
                0x200002ac       0x10 CMakeFiles/pico.dir/D_/test/clion-pico-template/pico-sdk/src/rp2_common/hardware_flash/flash.c.obj
 .time_critical.flash_cs_force
                0x200002bc       0x28 CMakeFiles/pico.dir/D_/test/clion-pico-template/pico-sdk/src/rp2_common/hardware_flash/flash.c.obj
 .time_critical.flash_do_cmd
                0x200002e4       0xd8 CMakeFiles/pico.dir/D_/test/clion-pico-template/pico-sdk/src/rp2_common/hardware_flash/flash.c.obj
                0x200002e4                flash_do_cmd
 .time_critical.reset_non_control_endpoints
                0x200003bc       0x40 CMakeFiles/pico.dir/D_/test/clion-pico-template/pico-sdk/lib/tinyusb/src/portable/raspberrypi/rp2040/dcd_rp2040.c.obj
 .time_critical.hw_handle_buff_status
                0x200003fc       0xa4 CMakeFiles/pico.dir/D_/test/clion-pico-template/pico-sdk/lib/tinyusb/src/portable/raspberrypi/rp2040/dcd_rp2040.c.obj
 .time_critical.dcd_rp2040_irq
                0x200004a0      0x1cc CMakeFiles/pico.dir/D_/test/clion-pico-template/pico-sdk/lib/tinyusb/src/portable/raspberrypi/rp2040/dcd_rp2040.c.obj
 .time_critical.e15_is_bulkin_ep
                0x2000066c       0x2c CMakeFiles/pico.dir/D_/test/clion-pico-template/pico-sdk/lib/tinyusb/src/portable/raspberrypi/rp2040/rp2040_usb.c.obj
 .time_critical.e15_is_critical_frame_period
                0x20000698       0x30 CMakeFiles/pico.dir/D_/test/clion-pico-template/pico-sdk/lib/tinyusb/src/portable/raspberrypi/rp2040/rp2040_usb.c.obj
 .time_critical.prepare_ep_buffer
                0x200006c8       0x70 CMakeFiles/pico.dir/D_/test/clion-pico-template/pico-sdk/lib/tinyusb/src/portable/raspberrypi/rp2040/rp2040_usb.c.obj
 .time_critical.sync_ep_buffer
                0x20000738       0x80 CMakeFiles/pico.dir/D_/test/clion-pico-template/pico-sdk/lib/tinyusb/src/portable/raspberrypi/rp2040/rp2040_usb.c.obj
 .time_critical._hw_endpoint_xfer_sync
                0x200007b8       0x28 CMakeFiles/pico.dir/D_/test/clion-pico-template/pico-sdk/lib/tinyusb/src/portable/raspberrypi/rp2040/rp2040_usb.c.obj
 .time_critical.hw_endpoint_reset_transfer
                0x200007e0        0xc CMakeFiles/pico.dir/D_/test/clion-pico-template/pico-sdk/lib/tinyusb/src/portable/raspberrypi/rp2040/rp2040_usb.c.obj
                0x200007e0                hw_endpoint_reset_transfer
 .time_critical._hw_endpoint_buffer_control_update32
                0x200007ec       0x58 CMakeFiles/pico.dir/D_/test/clion-pico-template/pico-sdk/lib/tinyusb/src/portable/raspberrypi/rp2040/rp2040_usb.c.obj
                0x200007ec                _hw_endpoint_buffer_control_update32
 .time_critical.hw_endpoint_start_next_buffer
                0x20000844       0x88 CMakeFiles/pico.dir/D_/test/clion-pico-template/pico-sdk/lib/tinyusb/src/portable/raspberrypi/rp2040/rp2040_usb.c.obj
                0x20000844                hw_endpoint_start_next_buffer
 .time_critical.hw_endpoint_xfer_continue
                0x200008cc       0x50 CMakeFiles/pico.dir/D_/test/clion-pico-template/pico-sdk/lib/tinyusb/src/portable/raspberrypi/rp2040/rp2040_usb.c.obj
                0x200008cc                hw_endpoint_xfer_continue
 .time_critical.tinyusb
                0x2000091c      0x1ec CMakeFiles/pico.dir/D_/test/clion-pico-template/pico-sdk/lib/tinyusb/src/device/usbd.c.obj
                0x2000091c                dcd_event_handler
 *(.text*)
 .text          0x20000b08        0x4 d:/armgnu~1/gcc-ar~1.10-/gcc-ar~1.10/bin/../lib/gcc/arm-none-eabi/10.3.1/thumb/v6-m/nofp\libgcc.a(_dvmd_tls.o)
                0x20000b08                __aeabi_idiv0
                0x20000b08                __aeabi_ldiv0
 *fill*         0x20000b0c        0x4 
 .text.__stub   0x20000b10       0x90 linker stubs
                0x20000ba0                . = ALIGN (0x4)
 *(.rodata*)
                0x20000ba0                . = ALIGN (0x4)
 *(.data*)
 .data.striped_spin_lock_num
                0x20000ba0        0x1 CMakeFiles/pico.dir/D_/test/clion-pico-template/pico-sdk/src/rp2_common/hardware_sync/sync.c.obj
 *fill*         0x20000ba1        0x3 
 .data          0x20000ba4       0x48 CMakeFiles/pico.dir/D_/test/clion-pico-template/pico-sdk/src/rp2_common/hardware_irq/irq_handler_chain.S.obj
                0x20000ba4                irq_handler_chain_slots
                0x20000bd4                irq_handler_chain_first_slot
                0x20000bde                irq_handler_chain_remove_tail
 .data.default_alarm_pool
                0x20000bec       0x18 CMakeFiles/pico.dir/D_/test/clion-pico-template/pico-sdk/src/common/pico_time/time.c.obj
 .data.default_alarm_pool_heap
                0x20000c04       0x10 CMakeFiles/pico.dir/D_/test/clion-pico-template/pico-sdk/src/common/pico_time/time.c.obj
 *fill*         0x20000c14        0xc 
 .data.aeabi_bits_funcs
                0x20000c20       0x10 CMakeFiles/pico.dir/D_/test/clion-pico-template/pico-sdk/src/rp2_common/pico_bit_ops/bit_ops_aeabi.S.obj
                0x20000c20                aeabi_bits_funcs
                0x20000c30                aeabi_bits_funcs_end
 .data.aeabi_mem_funcs
                0x20000c30       0x10 CMakeFiles/pico.dir/D_/test/clion-pico-template/pico-sdk/src/rp2_common/pico_mem_ops/mem_ops_aeabi.S.obj
                0x20000c30                aeabi_mem_funcs
                0x20000c40                aeabi_mem_funcs_end
 .data.stdio_usb
                0x20000c40       0x18 CMakeFiles/pico.dir/D_/test/clion-pico-template/pico-sdk/src/rp2_common/pico_stdio_usb/stdio_usb.c.obj
                0x20000c40                stdio_usb
 .data.ep_dir_string
                0x20000c58        0x8 CMakeFiles/pico.dir/D_/test/clion-pico-template/pico-sdk/lib/tinyusb/src/portable/raspberrypi/rp2040/rp2040_usb.c.obj
                0x20000c58                ep_dir_string
 .data._usbd_qdef
                0x20000c60       0x1c CMakeFiles/pico.dir/D_/test/clion-pico-template/pico-sdk/lib/tinyusb/src/device/usbd.c.obj
                0x20000c60                _usbd_qdef
 .data._usbd_rhport
                0x20000c7c        0x1 CMakeFiles/pico.dir/D_/test/clion-pico-template/pico-sdk/lib/tinyusb/src/device/usbd.c.obj
                0x20000c80                . = ALIGN (0x4)
 *fill*         0x20000c7d        0x3 
 *(.after_data.*)
                0x20000c80                . = ALIGN (0x4)
                0x20000c80                PROVIDE (__mutex_array_start = .)
 *(SORT_BY_NAME(.mutex_array.*))
 *(.mutex_array)
 .mutex_array   0x20000c80        0x8 CMakeFiles/pico.dir/D_/test/clion-pico-template/pico-sdk/src/rp2_common/pico_stdio/stdio.c.obj
                0x20000c88                PROVIDE (__mutex_array_end = .)
                0x20000c88                . = ALIGN (0x4)
                0x20000c88                PROVIDE (__preinit_array_start = .)
 *(SORT_BY_NAME(.preinit_array.*))
 .preinit_array.00001
                0x20000c88        0x4 CMakeFiles/pico.dir/D_/test/clion-pico-template/pico-sdk/src/rp2_common/pico_mem_ops/mem_ops_aeabi.S.obj
 .preinit_array.00010
                0x20000c8c        0x4 CMakeFiles/pico.dir/D_/test/clion-pico-template/pico-sdk/src/rp2_common/pico_bit_ops/bit_ops_aeabi.S.obj
 .preinit_array.00020
                0x20000c90        0x4 CMakeFiles/pico.dir/D_/test/clion-pico-template/pico-sdk/src/rp2_common/pico_double/double_aeabi.S.obj
 .preinit_array.00020
                0x20000c94        0x4 CMakeFiles/pico.dir/D_/test/clion-pico-template/pico-sdk/src/rp2_common/pico_float/float_aeabi.S.obj
 *(.preinit_array)
                0x20000c98                PROVIDE (__preinit_array_end = .)
                0x20000c98                . = ALIGN (0x4)
                0x20000c98                PROVIDE (__init_array_start = .)
 *(SORT_BY_NAME(.init_array.*))
 *(.init_array)
 .init_array    0x20000c98        0x4 d:/armgnu~1/gcc-ar~1.10-/gcc-ar~1.10/bin/../lib/gcc/arm-none-eabi/10.3.1/thumb/v6-m/nofp/crtbegin.o
 .init_array    0x20000c9c        0x4 CMakeFiles/pico.dir/D_/test/clion-pico-template/pico-sdk/src/rp2_common/pico_unique_id/unique_id.c.obj
                0x20000ca0                PROVIDE (__init_array_end = .)
                0x20000ca0                . = ALIGN (0x4)
                [!provide]                PROVIDE (__fini_array_start = .)
 *(SORT_BY_NAME(.fini_array.*))
 *(.fini_array)
                [!provide]                PROVIDE (__fini_array_end = .)
 *(.jcr)
                0x20000ca0                . = ALIGN (0x4)
                0x20000ca0                __data_end__ = .

.igot.plt       0x20000ca0        0x0 load address 0x10009664
 .igot.plt      0x20000ca0        0x0 d:/armgnu~1/gcc-ar~1.10-/gcc-ar~1.10/bin/../lib/gcc/arm-none-eabi/10.3.1/thumb/v6-m/nofp/crtbegin.o

.uninitialized_data
                0x20000ca0        0x0 load address 0x10009664
                0x20000ca0                . = ALIGN (0x4)
 *(.uninitialized_data*)

.scratch_x      0x20040000        0x0 load address 0x10009664
                0x20040000                __scratch_x_start__ = .
 *(.scratch_x.*)
                0x20040000                . = ALIGN (0x4)
                0x20040000                __scratch_x_end__ = .
                0x10009664                __scratch_x_source__ = LOADADDR (.scratch_x)

.scratch_y      0x20041000        0x0 load address 0x10009664
                0x20041000                __scratch_y_start__ = .
 *(.scratch_y.*)
                0x20041000                . = ALIGN (0x4)
                0x20041000                __scratch_y_end__ = .
                0x10009664                __scratch_y_source__ = LOADADDR (.scratch_y)

.bss            0x20000ca0      0xd90
                0x20000ca0                . = ALIGN (0x4)
                0x20000ca0                __bss_start__ = .
 *(SORT_BY_ALIGNMENT(SORT_BY_NAME(.bss*)))
 .bss.default_alarm_pool_entries
                0x20000ca0      0x100 CMakeFiles/pico.dir/D_/test/clion-pico-template/pico-sdk/src/common/pico_time/time.c.obj
 .bss.last_avail_time.2
                0x20000da0        0x8 CMakeFiles/pico.dir/D_/test/clion-pico-template/pico-sdk/src/rp2_common/pico_stdio_usb/stdio_usb.c.obj
 .bss           0x20000da8       0x1c d:/armgnu~1/gcc-ar~1.10-/gcc-ar~1.10/bin/../lib/gcc/arm-none-eabi/10.3.1/thumb/v6-m/nofp/crtbegin.o
 .bss._app_driver
                0x20000dc4        0x4 CMakeFiles/pico.dir/D_/test/clion-pico-template/pico-sdk/lib/tinyusb/src/device/usbd.c.obj
 .bss._cdcd_itf
                0x20000dc8      0x2c8 CMakeFiles/pico.dir/D_/test/clion-pico-template/pico-sdk/lib/tinyusb/src/class/cdc/cdc_device.c.obj
 .bss._ctrl_xfer